---
source: src/tests/mod.rs
expression: "run_against(include_bytes!(\"basic.png\"))"
---
(footprint "testname"
(version 20220630)
(generator silkgen)
(layer F.Silkscreen)
(tedit 0)
(attr board_only exclude_from_pos_files exclude_from_bom)
(fp_text reference "G***" (at 0 0) (layer F.Fab)
(effects (font (size 1.524 1.524) (thickness 0.3)))
(tstamp e898d69f-0289-47b3-87c4-db46b23a6b7e)
)
(fp_text value "LOGO" (at 0.75 0) (layer F.Fab) hide
(effects (font (size 1.524 1.524) (thickness 0.3)))
(tstamp b2fbf29a-ef67-4b93-950e-cd4c2a493843)
)
(fp_poly (pts (xy -1 -1)
(xy 0 -1)
(xy 0 0)
(xy -1 0)
)
(layer F.SilkS)
(width 0)
(fill solid)
(tstamp d39a1b61-8d3e-4de0-bea1-8a2c4dd5a958)
)
(fp_poly (pts (xy 0 -1)
(xy 1 -1)
(xy 1 0)
(xy 0 0)
)
(layer F.Cu)
(width 0)
(fill solid)
(tstamp 4849544c-6ca4-416d-b447-d55e1d2df17d)
)
(fp_poly (pts (xy 0 -1)
(xy 1 -1)
(xy 1 0)
(xy 0 0)
)
(layer F.Mask)
(width 0)
(fill solid)
(tstamp 8cef0189-b943-4492-b04b-7df54f3ae96b)
)
(fp_poly (pts (xy -1 0)
(xy 0 0)
(xy 0 1)
(xy -1 1)
)
(layer F.Cu)
(width 0)
(fill solid)
(tstamp 4050941f-7ce6-4689-8cb9-3cc97edef02f)
)
(fp_poly (pts (xy -1 0)
(xy 0 0)
(xy 0 1)
(xy -1 1)
)
(layer F.Mask)
(width 0)
(fill solid)
(tstamp f6077ab5-a712-439c-9cfc-09d251eeb283)
)
(fp_poly (pts (xy 0 0)
(xy 1 0)
(xy 1 1)
(xy 0 1)
)
(layer F.SilkS)
(width 0)
(fill solid)
(tstamp ebf1a96b-8881-45d0-929d-d13a814e7440)
)
)

