---
source: src/tests/mod.rs
expression: "run_against(include_bytes!(\"annoying_dog.png\"))"
---
(footprint "testname"
(version 20220630)
(generator silkgen)
(layer F.Silkscreen)
(tedit 0)
(attr board_only exclude_from_pos_files exclude_from_bom)
(fp_text reference "G***" (at 0 0) (layer F.Fab)
(effects (font (size 1.524 1.524) (thickness 0.3)))
(tstamp c45669fa-23d3-4b15-a7c8-d69b555815e1)
)
(fp_text value "LOGO" (at 0.75 0) (layer F.Fab) hide
(effects (font (size 1.524 1.524) (thickness 0.3)))
(tstamp e8692f66-44d9-4022-bcff-21cb4616bb87)
)
(fp_poly (pts (xy -8 -10)
(xy -7 -10)
(xy -7 -9)
(xy -8 -9)
)
(layer F.Cu)
(width 0)
(fill solid)
(tstamp 082a15f5-203b-440c-9ef1-b46049776530)
)
(fp_poly (pts (xy -8 -10)
(xy -7 -10)
(xy -7 -9)
(xy -8 -9)
)
(layer F.Mask)
(width 0)
(fill solid)
(tstamp df5ea2bf-9422-42e0-b8be-9882e9db0a75)
)
(fp_poly (pts (xy -6 -10)
(xy -5 -10)
(xy -5 -9)
(xy -6 -9)
)
(layer F.Cu)
(width 0)
(fill solid)
(tstamp 40233e12-fc59-4519-9f01-16e978915da5)
)
(fp_poly (pts (xy -6 -10)
(xy -5 -10)
(xy -5 -9)
(xy -6 -9)
)
(layer F.Mask)
(width 0)
(fill solid)
(tstamp eab1ba90-f6ba-4511-8675-00d9416b041a)
)
(fp_poly (pts (xy -5 -10)
(xy -4 -10)
(xy -4 -9)
(xy -5 -9)
)
(layer F.Cu)
(width 0)
(fill solid)
(tstamp be8de91f-f686-460f-9f5e-5162fe705b44)
)
(fp_poly (pts (xy -5 -10)
(xy -4 -10)
(xy -4 -9)
(xy -5 -9)
)
(layer F.Mask)
(width 0)
(fill solid)
(tstamp d33b933a-5654-44bf-bc1b-3deeb6a7a900)
)
(fp_poly (pts (xy -4 -10)
(xy -3 -10)
(xy -3 -9)
(xy -4 -9)
)
(layer F.Cu)
(width 0)
(fill solid)
(tstamp e7d0fa16-6761-40eb-9955-03bafab55d6b)
)
(fp_poly (pts (xy -4 -10)
(xy -3 -10)
(xy -3 -9)
(xy -4 -9)
)
(layer F.Mask)
(width 0)
(fill solid)
(tstamp 0261356c-c89c-4e48-8520-96d0252aaab6)
)
(fp_poly (pts (xy -3 -10)
(xy -2 -10)
(xy -2 -9)
(xy -3 -9)
)
(layer F.Cu)
(width 0)
(fill solid)
(tstamp a5bc418c-2854-4f83-b08e-0bb794c08989)
)
(fp_poly (pts (xy -3 -10)
(xy -2 -10)
(xy -2 -9)
(xy -3 -9)
)
(layer F.Mask)
(width 0)
(fill solid)
(tstamp 6eb4ae6d-6142-41fb-9b25-4cdc21812ee2)
)
(fp_poly (pts (xy -1 -10)
(xy 0 -10)
(xy 0 -9)
(xy -1 -9)
)
(layer F.Cu)
(width 0)
(fill solid)
(tstamp 0e616b94-447a-4ce8-81fe-5cdba5c4c760)
)
(fp_poly (pts (xy -1 -10)
(xy 0 -10)
(xy 0 -9)
(xy -1 -9)
)
(layer F.Mask)
(width 0)
(fill solid)
(tstamp 2d8800be-3d23-41a7-8cf8-fb04ea68cf9b)
)
(fp_poly (pts (xy -9 -9)
(xy -8 -9)
(xy -8 -8)
(xy -9 -8)
)
(layer F.Cu)
(width 0)
(fill solid)
(tstamp 11411cef-4c7f-4cac-b104-82e47fc4295e)
)
(fp_poly (pts (xy -9 -9)
(xy -8 -9)
(xy -8 -8)
(xy -9 -8)
)
(layer F.Mask)
(width 0)
(fill solid)
(tstamp 797195e2-dbe7-4764-b492-25bfd7e98ed2)
)
(fp_poly (pts (xy -7.9 -8.9)
(xy -7.1 -8.9)
(xy -7.1 -8)
(xy -7.9 -8)
)
(layer F.SilkS)
(width 0)
(fill solid)
(tstamp 13d31128-bf74-4c3b-a895-4a5b295fee4d)
)
(fp_poly (pts (xy -7 -9)
(xy -6 -9)
(xy -6 -8)
(xy -7 -8)
)
(layer F.Cu)
(width 0)
(fill solid)
(tstamp e89bc590-3041-411e-b89d-234aa0ffb59a)
)
(fp_poly (pts (xy -7 -9)
(xy -6 -9)
(xy -6 -8)
(xy -7 -8)
)
(layer F.Mask)
(width 0)
(fill solid)
(tstamp f2a704a2-494c-40cd-af42-c4bf7662a5d3)
)
(fp_poly (pts (xy -5.9 -8.9)
(xy -5 -8.9)
(xy -5 -8)
(xy -5.9 -8)
)
(layer F.SilkS)
(width 0)
(fill solid)
(tstamp ef4381ff-8cb5-4f28-aaed-0ed61bb810ff)
)
(fp_poly (pts (xy -5 -8.9)
(xy -4 -8.9)
(xy -4 -8)
(xy -5 -8)
)
(layer F.SilkS)
(width 0)
(fill solid)
(tstamp 55294132-e072-4a39-a6d2-754faec26042)
)
(fp_poly (pts (xy -4 -8.9)
(xy -3 -8.9)
(xy -3 -8)
(xy -4 -8)
)
(layer F.SilkS)
(width 0)
(fill solid)
(tstamp 18ace78c-1bcf-4fd5-8f5d-871750fc17d2)
)
(fp_poly (pts (xy -3 -8.9)
(xy -2.1 -8.9)
(xy -2.1 -8)
(xy -3 -8)
)
(layer F.SilkS)
(width 0)
(fill solid)
(tstamp 3437620a-1794-4e25-9306-f877fbe5d2a9)
)
(fp_poly (pts (xy -2 -9)
(xy -1 -9)
(xy -1 -8)
(xy -2 -8)
)
(layer F.Cu)
(width 0)
(fill solid)
(tstamp 48a36b11-75ec-4d6b-8458-583d99c77051)
)
(fp_poly (pts (xy -2 -9)
(xy -1 -9)
(xy -1 -8)
(xy -2 -8)
)
(layer F.Mask)
(width 0)
(fill solid)
(tstamp b94d0d36-7c7d-41d2-bff1-7c2ac643f371)
)
(fp_poly (pts (xy -0.9 -8.9)
(xy -0.1 -8.9)
(xy -0.1 -8)
(xy -0.9 -8)
)
(layer F.SilkS)
(width 0)
(fill solid)
(tstamp e65be2ff-cc32-49ef-9ce3-a26ca09870e9)
)
(fp_poly (pts (xy 0 -9)
(xy 1 -9)
(xy 1 -8)
(xy 0 -8)
)
(layer F.Cu)
(width 0)
(fill solid)
(tstamp 3e6d305c-2609-484b-a63b-cb08d16b6bb8)
)
(fp_poly (pts (xy 0 -9)
(xy 1 -9)
(xy 1 -8)
(xy 0 -8)
)
(layer F.Mask)
(width 0)
(fill solid)
(tstamp 4aabb5c1-c4d4-42c5-804a-7980e01619b0)
)
(fp_poly (pts (xy -9 -8)
(xy -8 -8)
(xy -8 -7)
(xy -9 -7)
)
(layer F.Cu)
(width 0)
(fill solid)
(tstamp 1fc4e541-b4d1-41aa-b0c9-f0534aeea335)
)
(fp_poly (pts (xy -9 -8)
(xy -8 -8)
(xy -8 -7)
(xy -9 -7)
)
(layer F.Mask)
(width 0)
(fill solid)
(tstamp b20fc505-53b1-4d09-9573-6922c7009fa8)
)
(fp_poly (pts (xy -7.9 -8)
(xy -7.1 -8)
(xy -7.1 -7.9)
(xy -7 -7.9)
(xy -7 -7)
(xy -7.9 -7)
)
(layer F.SilkS)
(width 0)
(fill solid)
(tstamp c47fd5cb-6ff7-4739-8db6-afa305378c67)
)
(fp_poly (pts (xy -7 -7.9)
(xy -6 -7.9)
(xy -6 -7)
(xy -7 -7)
)
(layer F.SilkS)
(width 0)
(fill solid)
(tstamp 67ab86c3-e0af-422e-9b93-5847e99ef5a9)
)
(fp_poly (pts (xy -6 -7.9)
(xy -5.9 -7.9)
(xy -5.9 -8)
(xy -5 -8)
(xy -5 -7)
(xy -6 -7)
)
(layer F.SilkS)
(width 0)
(fill solid)
(tstamp 811b6f2d-e8f2-4734-a64e-3a59e9f06f34)
)
(fp_poly (pts (xy -5 -8)
(xy -4 -8)
(xy -4 -7)
(xy -5 -7)
)
(layer F.SilkS)
(width 0)
(fill solid)
(tstamp 1c34a706-7478-4cee-88a3-d02e1cb2f59e)
)
(fp_poly (pts (xy -4 -8)
(xy -3 -8)
(xy -3 -7)
(xy -4 -7)
)
(layer F.SilkS)
(width 0)
(fill solid)
(tstamp b3df1724-992a-4133-9f9f-64ff76bff0d7)
)
(fp_poly (pts (xy -3 -8)
(xy -2.1 -8)
(xy -2.1 -7.9)
(xy -2 -7.9)
(xy -2 -7)
(xy -3 -7)
)
(layer F.SilkS)
(width 0)
(fill solid)
(tstamp 959614ae-4510-4d87-9b19-fe2090ea70a4)
)
(fp_poly (pts (xy -2 -7.9)
(xy -1 -7.9)
(xy -1 -7)
(xy -2 -7)
)
(layer F.SilkS)
(width 0)
(fill solid)
(tstamp b8032a35-5e7c-4b8a-b8d2-83064eeb8a7c)
)
(fp_poly (pts (xy -1 -7.9)
(xy -0.9 -7.9)
(xy -0.9 -8)
(xy -0.1 -8)
(xy -0.1 -7)
(xy -1 -7)
)
(layer F.SilkS)
(width 0)
(fill solid)
(tstamp 1e5df576-a0b4-4e1a-a18a-7742839e7720)
)
(fp_poly (pts (xy 0 -8)
(xy 1 -8)
(xy 1 -7)
(xy 0 -7)
)
(layer F.Cu)
(width 0)
(fill solid)
(tstamp 93822236-2664-4b0d-bdf6-3a552d57700e)
)
(fp_poly (pts (xy 0 -8)
(xy 1 -8)
(xy 1 -7)
(xy 0 -7)
)
(layer F.Mask)
(width 0)
(fill solid)
(tstamp bf6fea51-2f18-46f4-bf3b-9e0af4e58bf1)
)
(fp_poly (pts (xy -9 -7)
(xy -8 -7)
(xy -8 -6)
(xy -9 -6)
)
(layer F.Cu)
(width 0)
(fill solid)
(tstamp ca1e0306-6d97-498f-9395-93f5f7a0e0d9)
)
(fp_poly (pts (xy -9 -7)
(xy -8 -7)
(xy -8 -6)
(xy -9 -6)
)
(layer F.Mask)
(width 0)
(fill solid)
(tstamp 3d8163df-484b-4e0f-8e1d-a38954363550)
)
(fp_poly (pts (xy -7.9 -7)
(xy -7 -7)
(xy -7 -6.1)
(xy -7.1 -6.1)
(xy -7.1 -6)
(xy -7.9 -6)
)
(layer F.SilkS)
(width 0)
(fill solid)
(tstamp dc13a389-3a8d-418e-a378-29b945b5a6ad)
)
(fp_poly (pts (xy -7 -7)
(xy -6 -7)
(xy -6 -6.1)
(xy -7 -6.1)
)
(layer F.SilkS)
(width 0)
(fill solid)
(tstamp c343ff22-daa4-4ae2-a30a-4e06e28224c9)
)
(fp_poly (pts (xy -6 -7)
(xy -5 -7)
(xy -5 -6)
(xy -5.9 -6)
(xy -5.9 -6.1)
(xy -6 -6.1)
)
(layer F.SilkS)
(width 0)
(fill solid)
(tstamp e7c107a8-4fe7-425c-ae9b-809041a961c0)
)
(fp_poly (pts (xy -5 -7)
(xy -4 -7)
(xy -4 -6.1)
(xy -4.1 -6.1)
(xy -4.1 -6)
(xy -5 -6)
)
(layer F.SilkS)
(width 0)
(fill solid)
(tstamp 16903af6-5560-4bf2-b3e8-b7e85a246a54)
)
(fp_poly (pts (xy -4 -7)
(xy -3 -7)
(xy -3 -6.1)
(xy -4 -6.1)
)
(layer F.SilkS)
(width 0)
(fill solid)
(tstamp eac16ab0-b639-4ba4-b123-f6facba2d67d)
)
(fp_poly (pts (xy -3 -7)
(xy -2 -7)
(xy -2 -6)
(xy -2.9 -6)
(xy -2.9 -6.1)
(xy -3 -6.1)
)
(layer F.SilkS)
(width 0)
(fill solid)
(tstamp 1af16dd4-fe77-4612-8c27-ac913412c8df)
)
(fp_poly (pts (xy -2 -7)
(xy -1 -7)
(xy -1 -6)
(xy -2 -6)
)
(layer F.SilkS)
(width 0)
(fill solid)
(tstamp 26fc5ea3-dc16-4bf1-86ff-10b9d013e068)
)
(fp_poly (pts (xy -1 -7)
(xy -0.1 -7)
(xy -0.1 -6.9)
(xy 0 -6.9)
(xy 0 -6)
(xy -1 -6)
)
(layer F.SilkS)
(width 0)
(fill solid)
(tstamp f1ae58f1-20f6-4bef-b4fe-f3ede92c8a8d)
)
(fp_poly (pts (xy 0 -6.9)
(xy 0.9 -6.9)
(xy 0.9 -6)
(xy 0 -6)
)
(layer F.SilkS)
(width 0)
(fill solid)
(tstamp 722a17d0-b36e-472b-8301-df026e89fa28)
)
(fp_poly (pts (xy 1 -7)
(xy 2 -7)
(xy 2 -6)
(xy 1 -6)
)
(layer F.Cu)
(width 0)
(fill solid)
(tstamp 3f1175dc-79e4-4dc1-96d6-2cef84bc7607)
)
(fp_poly (pts (xy 1 -7)
(xy 2 -7)
(xy 2 -6)
(xy 1 -6)
)
(layer F.Mask)
(width 0)
(fill solid)
(tstamp de4e646f-1abc-4a06-809c-a8f91e32058e)
)
(fp_poly (pts (xy -10 -6)
(xy -9 -6)
(xy -9 -5)
(xy -10 -5)
)
(layer F.Cu)
(width 0)
(fill solid)
(tstamp bd6ff71e-562c-45cc-9b8f-19b09c0cdaf9)
)
(fp_poly (pts (xy -10 -6)
(xy -9 -6)
(xy -9 -5)
(xy -10 -5)
)
(layer F.Mask)
(width 0)
(fill solid)
(tstamp bb804fcd-8151-44b0-b7fd-f1a26e33ac97)
)
(fp_poly (pts (xy -8.9 -5.9)
(xy -8 -5.9)
(xy -8 -5)
(xy -8.9 -5)
)
(layer F.SilkS)
(width 0)
(fill solid)
(tstamp 7abec0b8-07f3-4b6e-991b-ed95cf95b6d6)
)
(fp_poly (pts (xy -8 -5.9)
(xy -7.9 -5.9)
(xy -7.9 -6)
(xy -7.1 -6)
(xy -7.1 -5)
(xy -8 -5)
)
(layer F.SilkS)
(width 0)
(fill solid)
(tstamp fc7ad279-7018-4764-951e-826809d38ebf)
)
(fp_poly (pts (xy -7 -6)
(xy -6 -6)
(xy -6 -5)
(xy -7 -5)
)
(layer F.Cu)
(width 0)
(fill solid)
(tstamp e55fa5fa-bbd2-40e9-8b09-cec51b976826)
)
(fp_poly (pts (xy -7 -6)
(xy -6 -6)
(xy -6 -5)
(xy -7 -5)
)
(layer F.Mask)
(width 0)
(fill solid)
(tstamp 7ae678ab-f385-4350-abbb-a60618f2119d)
)
(fp_poly (pts (xy -5.9 -6)
(xy -5 -6)
(xy -5 -5)
(xy -5.9 -5)
)
(layer F.SilkS)
(width 0)
(fill solid)
(tstamp beac0742-021e-4937-9722-f487597b369c)
)
(fp_poly (pts (xy -5 -6)
(xy -4.1 -6)
(xy -4.1 -5)
(xy -5 -5)
)
(layer F.SilkS)
(width 0)
(fill solid)
(tstamp 28e9fbc2-329d-469d-b053-1b924e4a71b9)
)
(fp_poly (pts (xy -4 -6)
(xy -3 -6)
(xy -3 -5)
(xy -4 -5)
)
(layer F.Cu)
(width 0)
(fill solid)
(tstamp 4aaa03ba-77c3-4604-b8e3-5dfa9ba22d15)
)
(fp_poly (pts (xy -4 -6)
(xy -3 -6)
(xy -3 -5)
(xy -4 -5)
)
(layer F.Mask)
(width 0)
(fill solid)
(tstamp b15f0fda-5e3c-4a68-87ef-38e7e4a75373)
)
(fp_poly (pts (xy -2.9 -6)
(xy -2 -6)
(xy -2 -5)
(xy -2.9 -5)
)
(layer F.SilkS)
(width 0)
(fill solid)
(tstamp 8eabce04-de5a-4c9c-9dc2-1b30942be3e3)
)
(fp_poly (pts (xy -2 -6)
(xy -1 -6)
(xy -1 -5)
(xy -2 -5)
)
(layer F.SilkS)
(width 0)
(fill solid)
(tstamp 68a6fa25-f555-4206-9869-d9c8991aa6f0)
)
(fp_poly (pts (xy -1 -6)
(xy 0 -6)
(xy 0 -5)
(xy -1 -5)
)
(layer F.SilkS)
(width 0)
(fill solid)
(tstamp 794a1aa3-a3f4-4811-9d68-6575d398235d)
)
(fp_poly (pts (xy 0 -6)
(xy 0.9 -6)
(xy 0.9 -5)
(xy 0 -5)
)
(layer F.SilkS)
(width 0)
(fill solid)
(tstamp 30003a08-3bd5-4f4e-92d7-2c65e1750639)
)
(fp_poly (pts (xy 1 -6)
(xy 2 -6)
(xy 2 -5)
(xy 1 -5)
)
(layer F.Cu)
(width 0)
(fill solid)
(tstamp d62229e3-a683-4793-a89a-a2c8961d644c)
)
(fp_poly (pts (xy 1 -6)
(xy 2 -6)
(xy 2 -5)
(xy 1 -5)
)
(layer F.Mask)
(width 0)
(fill solid)
(tstamp 480b2136-5f99-43f2-9fc6-0846611e3a33)
)
(fp_poly (pts (xy 2 -6)
(xy 3 -6)
(xy 3 -5)
(xy 2 -5)
)
(layer F.Cu)
(width 0)
(fill solid)
(tstamp acaec272-0bf0-4a06-8dd1-8693f41a510d)
)
(fp_poly (pts (xy 2 -6)
(xy 3 -6)
(xy 3 -5)
(xy 2 -5)
)
(layer F.Mask)
(width 0)
(fill solid)
(tstamp 938fceca-3df1-4c17-91a7-44f69d10249c)
)
(fp_poly (pts (xy 8 -6)
(xy 9 -6)
(xy 9 -5)
(xy 8 -5)
)
(layer F.Cu)
(width 0)
(fill solid)
(tstamp 7185dbcc-8eee-41ab-aaf9-e77010d096fe)
)
(fp_poly (pts (xy 8 -6)
(xy 9 -6)
(xy 9 -5)
(xy 8 -5)
)
(layer F.Mask)
(width 0)
(fill solid)
(tstamp dd427eda-9054-4dca-a463-0d24b541a3b8)
)
(fp_poly (pts (xy -10 -5)
(xy -9 -5)
(xy -9 -4)
(xy -10 -4)
)
(layer F.Cu)
(width 0)
(fill solid)
(tstamp f3d00f23-bf49-4fa5-9cb2-a57ec02a08cb)
)
(fp_poly (pts (xy -10 -5)
(xy -9 -5)
(xy -9 -4)
(xy -10 -4)
)
(layer F.Mask)
(width 0)
(fill solid)
(tstamp 2036259a-fa30-46f5-a2be-63fe484231c2)
)
(fp_poly (pts (xy -8.9 -5)
(xy -8 -5)
(xy -8 -4)
(xy -8.9 -4)
)
(layer F.SilkS)
(width 0)
(fill solid)
(tstamp ded88cd1-ab57-4e8c-a668-d2efcb49899a)
)
(fp_poly (pts (xy -8 -5)
(xy -7.1 -5)
(xy -7.1 -4.9)
(xy -7 -4.9)
(xy -7 -4)
(xy -8 -4)
)
(layer F.SilkS)
(width 0)
(fill solid)
(tstamp 01c8b201-b268-4000-9f2b-fd81bdb5dbc7)
)
(fp_poly (pts (xy -7 -4.9)
(xy -6 -4.9)
(xy -6 -4.1)
(xy -6.1 -4.1)
(xy -6.1 -4)
(xy -7 -4)
)
(layer F.SilkS)
(width 0)
(fill solid)
(tstamp 89837177-4f3e-4d9c-8add-9df89fea5783)
)
(fp_poly (pts (xy -6 -4.9)
(xy -5.9 -4.9)
(xy -5.9 -5)
(xy -5 -5)
(xy -5 -4.1)
(xy -6 -4.1)
)
(layer F.SilkS)
(width 0)
(fill solid)
(tstamp 4810ab3f-8177-4307-9a61-7f782ca52a7a)
)
(fp_poly (pts (xy -5 -5)
(xy -4.1 -5)
(xy -4.1 -4.9)
(xy -4 -4.9)
(xy -4 -4.1)
(xy -5 -4.1)
)
(layer F.SilkS)
(width 0)
(fill solid)
(tstamp 1eaa6860-a66a-4cf6-9a33-dc6963424bae)
)
(fp_poly (pts (xy -4 -4.9)
(xy -3 -4.9)
(xy -3 -4)
(xy -3.9 -4)
(xy -3.9 -4.1)
(xy -4 -4.1)
)
(layer F.SilkS)
(width 0)
(fill solid)
(tstamp 1e5497d2-7218-4a10-8536-279a0e659ea3)
)
(fp_poly (pts (xy -3 -4.9)
(xy -2.9 -4.9)
(xy -2.9 -5)
(xy -2 -5)
(xy -2 -4)
(xy -3 -4)
)
(layer F.SilkS)
(width 0)
(fill solid)
(tstamp e29547b7-b0e3-433f-be29-415922162cbf)
)
(fp_poly (pts (xy -2 -5)
(xy -1 -5)
(xy -1 -4)
(xy -2 -4)
)
(layer F.SilkS)
(width 0)
(fill solid)
(tstamp ecc26b62-f7e1-4d3e-b8f8-8fae99a06eb9)
)
(fp_poly (pts (xy -1 -5)
(xy 0 -5)
(xy 0 -4)
(xy -1 -4)
)
(layer F.SilkS)
(width 0)
(fill solid)
(tstamp b6ca1184-9f21-4fd8-b2aa-82442bd8fc66)
)
(fp_poly (pts (xy 0 -5)
(xy 0.9 -5)
(xy 0.9 -4.9)
(xy 1 -4.9)
(xy 1 -4)
(xy 0 -4)
)
(layer F.SilkS)
(width 0)
(fill solid)
(tstamp b3dce1d7-e606-40a4-bfbe-068eef2287a6)
)
(fp_poly (pts (xy 1 -4.9)
(xy 2 -4.9)
(xy 2 -4)
(xy 1 -4)
)
(layer F.SilkS)
(width 0)
(fill solid)
(tstamp b3288927-5625-46b5-9b04-d58315e4e86b)
)
(fp_poly (pts (xy 2 -4.9)
(xy 2.9 -4.9)
(xy 2.9 -4)
(xy 2 -4)
)
(layer F.SilkS)
(width 0)
(fill solid)
(tstamp bf9d9510-1c4d-4674-b992-d3a16d1961b5)
)
(fp_poly (pts (xy 3 -5)
(xy 4 -5)
(xy 4 -4)
(xy 3 -4)
)
(layer F.Cu)
(width 0)
(fill solid)
(tstamp bf4794fa-7973-4cb7-9072-78eb0a7e935f)
)
(fp_poly (pts (xy 3 -5)
(xy 4 -5)
(xy 4 -4)
(xy 3 -4)
)
(layer F.Mask)
(width 0)
(fill solid)
(tstamp 62ab7e39-ba29-4503-b5eb-26100c397a8f)
)
(fp_poly (pts (xy 4 -5)
(xy 5 -5)
(xy 5 -4)
(xy 4 -4)
)
(layer F.Cu)
(width 0)
(fill solid)
(tstamp d532ac87-0d5e-4f90-83c8-9b458d212f93)
)
(fp_poly (pts (xy 4 -5)
(xy 5 -5)
(xy 5 -4)
(xy 4 -4)
)
(layer F.Mask)
(width 0)
(fill solid)
(tstamp ac651e33-f699-43ac-8dfe-d743be8aa3f0)
)
(fp_poly (pts (xy 7 -5)
(xy 8 -5)
(xy 8 -4)
(xy 7 -4)
)
(layer F.Cu)
(width 0)
(fill solid)
(tstamp e9278e0a-7985-4867-b4d8-192946f74a30)
)
(fp_poly (pts (xy 7 -5)
(xy 8 -5)
(xy 8 -4)
(xy 7 -4)
)
(layer F.Mask)
(width 0)
(fill solid)
(tstamp b71368bb-f9d7-4887-893e-ed9720b4e5ca)
)
(fp_poly (pts (xy 8.1 -4.9)
(xy 8.9 -4.9)
(xy 8.9 -4)
(xy 8.1 -4)
)
(layer F.SilkS)
(width 0)
(fill solid)
(tstamp 37b73ba8-14bf-4c8c-b84d-48d96fd27f4c)
)
(fp_poly (pts (xy 9 -5)
(xy 10 -5)
(xy 10 -4)
(xy 9 -4)
)
(layer F.Cu)
(width 0)
(fill solid)
(tstamp 4cf8c12d-96e4-4faf-9064-4bcbd90fc179)
)
(fp_poly (pts (xy 9 -5)
(xy 10 -5)
(xy 10 -4)
(xy 9 -4)
)
(layer F.Mask)
(width 0)
(fill solid)
(tstamp 99bf12da-6e8e-4b53-8956-62016ca7aa2c)
)
(fp_poly (pts (xy -10 -4)
(xy -9 -4)
(xy -9 -3)
(xy -10 -3)
)
(layer F.Cu)
(width 0)
(fill solid)
(tstamp 3ba00547-9d29-4914-b26d-d4478a01cae7)
)
(fp_poly (pts (xy -10 -4)
(xy -9 -4)
(xy -9 -3)
(xy -10 -3)
)
(layer F.Mask)
(width 0)
(fill solid)
(tstamp 6ac1ce8e-332f-458b-b192-50539853e9b1)
)
(fp_poly (pts (xy -8.9 -4)
(xy -8 -4)
(xy -8 -3.1)
(xy -8.1 -3.1)
(xy -8.1 -3)
(xy -8.9 -3)
)
(layer F.SilkS)
(width 0)
(fill solid)
(tstamp ca666533-555f-4b13-9aa1-0287584fd82b)
)
(fp_poly (pts (xy -8 -4)
(xy -7 -4)
(xy -7 -3.1)
(xy -8 -3.1)
)
(layer F.SilkS)
(width 0)
(fill solid)
(tstamp eedb8052-3d8c-434e-86ea-a98cb932ac5b)
)
(fp_poly (pts (xy -7 -4)
(xy -6.1 -4)
(xy -6.1 -3)
(xy -6.9 -3)
(xy -6.9 -3.1)
(xy -7 -3.1)
)
(layer F.SilkS)
(width 0)
(fill solid)
(tstamp 48e15d34-c8ff-412f-9063-00c64a0197b2)
)
(fp_poly (pts (xy -6 -4)
(xy -5 -4)
(xy -5 -3)
(xy -6 -3)
)
(layer F.Cu)
(width 0)
(fill solid)
(tstamp cf1782a6-60ac-4aee-b89f-7f1078d7e22b)
)
(fp_poly (pts (xy -6 -4)
(xy -5 -4)
(xy -5 -3)
(xy -6 -3)
)
(layer F.Mask)
(width 0)
(fill solid)
(tstamp 2bb34a06-a65c-44cc-8b3a-7efbb433b2c7)
)
(fp_poly (pts (xy -5 -4)
(xy -4 -4)
(xy -4 -3)
(xy -5 -3)
)
(layer F.Cu)
(width 0)
(fill solid)
(tstamp 6db3babb-abc5-47a4-bc1b-43f0df8c51b4)
)
(fp_poly (pts (xy -5 -4)
(xy -4 -4)
(xy -4 -3)
(xy -5 -3)
)
(layer F.Mask)
(width 0)
(fill solid)
(tstamp 7af92087-c1c4-4baa-b7ff-a4ce4b58f6ff)
)
(fp_poly (pts (xy -3.9 -4)
(xy -3 -4)
(xy -3 -3.1)
(xy -3.1 -3.1)
(xy -3.1 -3)
(xy -3.9 -3)
)
(layer F.SilkS)
(width 0)
(fill solid)
(tstamp b8c065e9-39f5-4eb1-84fc-4613967c6cc8)
)
(fp_poly (pts (xy -3 -4)
(xy -2 -4)
(xy -2 -3.1)
(xy -3 -3.1)
)
(layer F.SilkS)
(width 0)
(fill solid)
(tstamp 59d445b1-8341-4a51-9ec0-ccaace3a4087)
)
(fp_poly (pts (xy -2 -4)
(xy -1 -4)
(xy -1 -3)
(xy -1.9 -3)
(xy -1.9 -3.1)
(xy -2 -3.1)
)
(layer F.SilkS)
(width 0)
(fill solid)
(tstamp 3fce6789-a870-4937-8892-082507486bd4)
)
(fp_poly (pts (xy -1 -4)
(xy 0 -4)
(xy 0 -3)
(xy -1 -3)
)
(layer F.SilkS)
(width 0)
(fill solid)
(tstamp 011106fd-94ea-46b7-b31d-0edfcdb5e066)
)
(fp_poly (pts (xy 0 -4)
(xy 1 -4)
(xy 1 -3)
(xy 0 -3)
)
(layer F.SilkS)
(width 0)
(fill solid)
(tstamp 5f63347b-fa54-4034-877b-1a333d707832)
)
(fp_poly (pts (xy 1 -4)
(xy 2 -4)
(xy 2 -3)
(xy 1 -3)
)
(layer F.SilkS)
(width 0)
(fill solid)
(tstamp b336e001-7021-435c-b3df-b2f3a43e04ce)
)
(fp_poly (pts (xy 2 -4)
(xy 2.9 -4)
(xy 2.9 -3.9)
(xy 3 -3.9)
(xy 3 -3)
(xy 2 -3)
)
(layer F.SilkS)
(width 0)
(fill solid)
(tstamp 304b207b-2243-4d24-8ff5-2ef380c78320)
)
(fp_poly (pts (xy 3 -3.9)
(xy 4 -3.9)
(xy 4 -3)
(xy 3 -3)
)
(layer F.SilkS)
(width 0)
(fill solid)
(tstamp b0f5a295-8651-4c7c-b6cf-fe3dbd70a216)
)
(fp_poly (pts (xy 4 -3.9)
(xy 4.9 -3.9)
(xy 4.9 -3)
(xy 4 -3)
)
(layer F.SilkS)
(width 0)
(fill solid)
(tstamp fcdad4e3-5b8c-443b-9fcd-e3df117c7aee)
)
(fp_poly (pts (xy 5 -4)
(xy 6 -4)
(xy 6 -3)
(xy 5 -3)
)
(layer F.Cu)
(width 0)
(fill solid)
(tstamp d363a2a0-bef5-4003-ae4b-6539c15a90ed)
)
(fp_poly (pts (xy 5 -4)
(xy 6 -4)
(xy 6 -3)
(xy 5 -3)
)
(layer F.Mask)
(width 0)
(fill solid)
(tstamp ccd3209c-db33-45b2-a211-954f85c90977)
)
(fp_poly (pts (xy 6 -4)
(xy 7 -4)
(xy 7 -3)
(xy 6 -3)
)
(layer F.Cu)
(width 0)
(fill solid)
(tstamp cac2d288-2e4a-49b0-baf7-3620d91e72de)
)
(fp_poly (pts (xy 6 -4)
(xy 7 -4)
(xy 7 -3)
(xy 6 -3)
)
(layer F.Mask)
(width 0)
(fill solid)
(tstamp e00fdda2-8ba4-4bcf-a409-074ef457b38b)
)
(fp_poly (pts (xy 7 -4)
(xy 8 -4)
(xy 8 -3)
(xy 7 -3)
)
(layer F.Cu)
(width 0)
(fill solid)
(tstamp 2240561d-fbda-4495-a76a-de7b65d13dff)
)
(fp_poly (pts (xy 7 -4)
(xy 8 -4)
(xy 8 -3)
(xy 7 -3)
)
(layer F.Mask)
(width 0)
(fill solid)
(tstamp 32adca02-8b37-4c3e-b8f8-8bd1b1f8cb30)
)
(fp_poly (pts (xy 8.1 -4)
(xy 8.9 -4)
(xy 8.9 -3)
(xy 8.1 -3)
)
(layer F.SilkS)
(width 0)
(fill solid)
(tstamp daac1552-109f-4d13-879f-92166794ffcc)
)
(fp_poly (pts (xy 9 -4)
(xy 10 -4)
(xy 10 -3)
(xy 9 -3)
)
(layer F.Cu)
(width 0)
(fill solid)
(tstamp 672798b5-b28c-41f0-8361-ba44596cc420)
)
(fp_poly (pts (xy 9 -4)
(xy 10 -4)
(xy 10 -3)
(xy 9 -3)
)
(layer F.Mask)
(width 0)
(fill solid)
(tstamp e4321108-081e-4513-816c-01140251d808)
)
(fp_poly (pts (xy -10 -3)
(xy -9 -3)
(xy -9 -2)
(xy -10 -2)
)
(layer F.Cu)
(width 0)
(fill solid)
(tstamp 1223d01b-ab1b-4612-9572-3bc9e284968a)
)
(fp_poly (pts (xy -10 -3)
(xy -9 -3)
(xy -9 -2)
(xy -10 -2)
)
(layer F.Mask)
(width 0)
(fill solid)
(tstamp 90f64737-5698-46bb-8f86-417c8fe3577e)
)
(fp_poly (pts (xy -8.9 -3)
(xy -8.1 -3)
(xy -8.1 -2)
(xy -8.9 -2)
)
(layer F.SilkS)
(width 0)
(fill solid)
(tstamp dddd53fa-74d2-49ec-863d-525b182fa2a5)
)
(fp_poly (pts (xy -8 -3)
(xy -7 -3)
(xy -7 -2)
(xy -8 -2)
)
(layer F.Cu)
(width 0)
(fill solid)
(tstamp d84d8d05-ac5f-4ff9-abe3-2bcf9efe9fdc)
)
(fp_poly (pts (xy -8 -3)
(xy -7 -3)
(xy -7 -2)
(xy -8 -2)
)
(layer F.Mask)
(width 0)
(fill solid)
(tstamp 5860a4ee-66ff-44ca-95fc-63df48bfa7b2)
)
(fp_poly (pts (xy -6.9 -3)
(xy -6.1 -3)
(xy -6.1 -2.1)
(xy -6.9 -2.1)
)
(layer F.SilkS)
(width 0)
(fill solid)
(tstamp cdef546b-e61c-4f85-9bfb-094a469fca52)
)
(fp_poly (pts (xy -6 -3)
(xy -5 -3)
(xy -5 -2)
(xy -6 -2)
)
(layer F.Cu)
(width 0)
(fill solid)
(tstamp 78c3dadb-448e-4822-b42e-1e5e2e0a9f96)
)
(fp_poly (pts (xy -6 -3)
(xy -5 -3)
(xy -5 -2)
(xy -6 -2)
)
(layer F.Mask)
(width 0)
(fill solid)
(tstamp 70c08136-25cc-4c77-aec3-cbb5ecc4b053)
)
(fp_poly (pts (xy -4.9 -2.9)
(xy -4 -2.9)
(xy -4 -2.1)
(xy -4.9 -2.1)
)
(layer F.SilkS)
(width 0)
(fill solid)
(tstamp 0fad47f5-4b79-4417-898d-cdd1a751b8f9)
)
(fp_poly (pts (xy -4 -2.9)
(xy -3.9 -2.9)
(xy -3.9 -3)
(xy -3.1 -3)
(xy -3.1 -2.1)
(xy -4 -2.1)
)
(layer F.SilkS)
(width 0)
(fill solid)
(tstamp c3990be9-b082-4bc2-91ec-f3dfd97289e1)
)
(fp_poly (pts (xy -3 -3)
(xy -2 -3)
(xy -2 -2)
(xy -3 -2)
)
(layer F.Cu)
(width 0)
(fill solid)
(tstamp 1bd0b268-526b-4175-b489-ac8aaf86a009)
)
(fp_poly (pts (xy -3 -3)
(xy -2 -3)
(xy -2 -2)
(xy -3 -2)
)
(layer F.Mask)
(width 0)
(fill solid)
(tstamp 89674551-95b5-4295-93cb-cd23b9484dd0)
)
(fp_poly (pts (xy -1.9 -3)
(xy -1 -3)
(xy -1 -2)
(xy -1.9 -2)
)
(layer F.SilkS)
(width 0)
(fill solid)
(tstamp aac6a62d-7a1c-40a7-960b-b10184abe37d)
)
(fp_poly (pts (xy -1 -3)
(xy 0 -3)
(xy 0 -2)
(xy -1 -2)
)
(layer F.SilkS)
(width 0)
(fill solid)
(tstamp 2a3b2ee2-1e89-4d2e-b42d-1eab8e1b25a4)
)
(fp_poly (pts (xy 0 -3)
(xy 1 -3)
(xy 1 -2)
(xy 0 -2)
)
(layer F.SilkS)
(width 0)
(fill solid)
(tstamp 1790f6c6-6ffc-4014-b8fc-9cc723f56a1b)
)
(fp_poly (pts (xy 1 -3)
(xy 2 -3)
(xy 2 -2)
(xy 1 -2)
)
(layer F.SilkS)
(width 0)
(fill solid)
(tstamp b9c07862-5ebc-441f-b1ff-a229d4fcfe50)
)
(fp_poly (pts (xy 2 -3)
(xy 3 -3)
(xy 3 -2)
(xy 2 -2)
)
(layer F.SilkS)
(width 0)
(fill solid)
(tstamp 59f849e1-c0d8-4540-ab1e-ab106c2ff9e9)
)
(fp_poly (pts (xy 3 -3)
(xy 4 -3)
(xy 4 -2)
(xy 3 -2)
)
(layer F.SilkS)
(width 0)
(fill solid)
(tstamp dc7a0b3b-6548-4c63-b1d2-c051bd0e3bb7)
)
(fp_poly (pts (xy 4 -3)
(xy 4.9 -3)
(xy 4.9 -2.9)
(xy 5 -2.9)
(xy 5 -2)
(xy 4 -2)
)
(layer F.SilkS)
(width 0)
(fill solid)
(tstamp 7c8678bb-7d5b-4512-ab12-f836935d0c7c)
)
(fp_poly (pts (xy 5 -2.9)
(xy 6 -2.9)
(xy 6 -2)
(xy 5 -2)
)
(layer F.SilkS)
(width 0)
(fill solid)
(tstamp c9d1c45f-d64e-4cec-a7c2-f0bc06e808e0)
)
(fp_poly (pts (xy 6 -2.9)
(xy 7 -2.9)
(xy 7 -2)
(xy 6 -2)
)
(layer F.SilkS)
(width 0)
(fill solid)
(tstamp 3113b198-ee2e-48cb-a91e-4da62cddabbc)
)
(fp_poly (pts (xy 7 -2.9)
(xy 8 -2.9)
(xy 8 -2)
(xy 7 -2)
)
(layer F.SilkS)
(width 0)
(fill solid)
(tstamp 205e501b-4bfd-4c97-9222-15f86dfac76e)
)
(fp_poly (pts (xy 8 -2.9)
(xy 8.1 -2.9)
(xy 8.1 -3)
(xy 8.9 -3)
(xy 8.9 -2)
(xy 8 -2)
)
(layer F.SilkS)
(width 0)
(fill solid)
(tstamp b11680b7-de5b-461b-b13e-e18923cb1393)
)
(fp_poly (pts (xy 9 -3)
(xy 10 -3)
(xy 10 -2)
(xy 9 -2)
)
(layer F.Cu)
(width 0)
(fill solid)
(tstamp aa244cce-4898-49a5-b1f2-dd5650e83b5c)
)
(fp_poly (pts (xy 9 -3)
(xy 10 -3)
(xy 10 -2)
(xy 9 -2)
)
(layer F.Mask)
(width 0)
(fill solid)
(tstamp b3908254-d498-4d2e-bbbe-5b9cd928af11)
)
(fp_poly (pts (xy -10 -2)
(xy -9 -2)
(xy -9 -1)
(xy -10 -1)
)
(layer F.Cu)
(width 0)
(fill solid)
(tstamp b658cc1c-ad0d-4ddb-9035-2a4aab72f206)
)
(fp_poly (pts (xy -10 -2)
(xy -9 -2)
(xy -9 -1)
(xy -10 -1)
)
(layer F.Mask)
(width 0)
(fill solid)
(tstamp c1fc54be-b107-41f8-8a37-7502a72b928c)
)
(fp_poly (pts (xy -8.9 -2)
(xy -8.1 -2)
(xy -8.1 -1.9)
(xy -8 -1.9)
(xy -8 -1)
(xy -8.9 -1)
)
(layer F.SilkS)
(width 0)
(fill solid)
(tstamp 2c3a4d36-b208-4b97-bca3-94be7a356f28)
)
(fp_poly (pts (xy -8 -1.9)
(xy -7.1 -1.9)
(xy -7.1 -1)
(xy -8 -1)
)
(layer F.SilkS)
(width 0)
(fill solid)
(tstamp c0d45046-c2f8-4b42-9f16-fa0492f502c6)
)
(fp_poly (pts (xy -7 -2)
(xy -6 -2)
(xy -6 -1)
(xy -7 -1)
)
(layer F.Cu)
(width 0)
(fill solid)
(tstamp e22098ae-b7d4-482b-a8c9-9228bbcf58e4)
)
(fp_poly (pts (xy -7 -2)
(xy -6 -2)
(xy -6 -1)
(xy -7 -1)
)
(layer F.Mask)
(width 0)
(fill solid)
(tstamp 4fac45b9-71c4-481b-add6-2ad43f08a04a)
)
(fp_poly (pts (xy -6 -2)
(xy -5 -2)
(xy -5 -1)
(xy -6 -1)
)
(layer F.Cu)
(width 0)
(fill solid)
(tstamp f861f907-6637-4d92-925a-f3c7732c350f)
)
(fp_poly (pts (xy -6 -2)
(xy -5 -2)
(xy -5 -1)
(xy -6 -1)
)
(layer F.Mask)
(width 0)
(fill solid)
(tstamp 396a0bf0-f802-434a-bd49-df0ffdc33d8d)
)
(fp_poly (pts (xy -5 -2)
(xy -4 -2)
(xy -4 -1)
(xy -5 -1)
)
(layer F.Cu)
(width 0)
(fill solid)
(tstamp a6c4ab42-0e5d-4901-abfe-08f0af3e7b35)
)
(fp_poly (pts (xy -5 -2)
(xy -4 -2)
(xy -4 -1)
(xy -5 -1)
)
(layer F.Mask)
(width 0)
(fill solid)
(tstamp 610589bf-9b12-4b34-bb8e-2091357f3749)
)
(fp_poly (pts (xy -4 -2)
(xy -3 -2)
(xy -3 -1)
(xy -4 -1)
)
(layer F.Cu)
(width 0)
(fill solid)
(tstamp fac3e40e-9839-4f36-9837-fce41caf73b2)
)
(fp_poly (pts (xy -4 -2)
(xy -3 -2)
(xy -3 -1)
(xy -4 -1)
)
(layer F.Mask)
(width 0)
(fill solid)
(tstamp cb73f857-09f5-48ea-8ab2-7d1e21f0f919)
)
(fp_poly (pts (xy -2.9 -1.9)
(xy -2 -1.9)
(xy -2 -1)
(xy -2.9 -1)
)
(layer F.SilkS)
(width 0)
(fill solid)
(tstamp 2f9ff9a1-2f36-4f7d-a66b-61075f9a370b)
)
(fp_poly (pts (xy -2 -1.9)
(xy -1.9 -1.9)
(xy -1.9 -2)
(xy -1 -2)
(xy -1 -1)
(xy -2 -1)
)
(layer F.SilkS)
(width 0)
(fill solid)
(tstamp 5b9c3792-2e40-4d60-a057-80cb0df13236)
)
(fp_poly (pts (xy -1 -2)
(xy 0 -2)
(xy 0 -1)
(xy -1 -1)
)
(layer F.SilkS)
(width 0)
(fill solid)
(tstamp 8cd30791-559b-4b6f-8296-d5f238639f1d)
)
(fp_poly (pts (xy 0 -2)
(xy 1 -2)
(xy 1 -1)
(xy 0 -1)
)
(layer F.SilkS)
(width 0)
(fill solid)
(tstamp 932d39e1-6be4-4bfb-9191-d66e5732419e)
)
(fp_poly (pts (xy 1 -2)
(xy 2 -2)
(xy 2 -1)
(xy 1 -1)
)
(layer F.SilkS)
(width 0)
(fill solid)
(tstamp d0be3dfa-79ed-4244-b289-49a4b1e6fcd4)
)
(fp_poly (pts (xy 2 -2)
(xy 3 -2)
(xy 3 -1)
(xy 2 -1)
)
(layer F.SilkS)
(width 0)
(fill solid)
(tstamp eaba9524-be9e-4e8b-bee1-461d8b22a66c)
)
(fp_poly (pts (xy 3 -2)
(xy 4 -2)
(xy 4 -1)
(xy 3 -1)
)
(layer F.SilkS)
(width 0)
(fill solid)
(tstamp 84947696-77d8-49f4-805e-1faa87845f2a)
)
(fp_poly (pts (xy 4 -2)
(xy 5 -2)
(xy 5 -1)
(xy 4 -1)
)
(layer F.SilkS)
(width 0)
(fill solid)
(tstamp ecb89775-0f3f-45e4-b0fb-8f7c4c6c88d5)
)
(fp_poly (pts (xy 5 -2)
(xy 6 -2)
(xy 6 -1)
(xy 5 -1)
)
(layer F.SilkS)
(width 0)
(fill solid)
(tstamp a6630643-16be-4c13-af06-8d0f95810e88)
)
(fp_poly (pts (xy 6 -2)
(xy 7 -2)
(xy 7 -1)
(xy 6 -1)
)
(layer F.SilkS)
(width 0)
(fill solid)
(tstamp e5f89a7a-6a1a-4291-a2c8-ce7c8b2e7255)
)
(fp_poly (pts (xy 7 -2)
(xy 8 -2)
(xy 8 -1)
(xy 7 -1)
)
(layer F.SilkS)
(width 0)
(fill solid)
(tstamp 1b9d82cd-1072-486a-8cca-c63c4ecf51c4)
)
(fp_poly (pts (xy 8 -2)
(xy 8.9 -2)
(xy 8.9 -1)
(xy 8 -1)
)
(layer F.SilkS)
(width 0)
(fill solid)
(tstamp b1e3b6c5-c9ec-4464-bf34-00007fbbf691)
)
(fp_poly (pts (xy 9 -2)
(xy 10 -2)
(xy 10 -1)
(xy 9 -1)
)
(layer F.Cu)
(width 0)
(fill solid)
(tstamp 00687ff2-c9cd-4954-9e2d-66333ef9b98a)
)
(fp_poly (pts (xy 9 -2)
(xy 10 -2)
(xy 10 -1)
(xy 9 -1)
)
(layer F.Mask)
(width 0)
(fill solid)
(tstamp d2aad265-c574-4e5d-89bb-75ba371c935a)
)
(fp_poly (pts (xy -10 -1)
(xy -9 -1)
(xy -9 0)
(xy -10 0)
)
(layer F.Cu)
(width 0)
(fill solid)
(tstamp 3133d77e-d98b-4ebf-924a-7b2efb7368da)
)
(fp_poly (pts (xy -10 -1)
(xy -9 -1)
(xy -9 0)
(xy -10 0)
)
(layer F.Mask)
(width 0)
(fill solid)
(tstamp 97411b98-bb6e-4512-bffd-6bbce774c96a)
)
(fp_poly (pts (xy -8.9 -1)
(xy -8 -1)
(xy -8 0)
(xy -8.9 0)
)
(layer F.SilkS)
(width 0)
(fill solid)
(tstamp dfe92ec5-cffb-4687-bf2d-2f636e0fc56f)
)
(fp_poly (pts (xy -8 -1)
(xy -7.1 -1)
(xy -7.1 -0.9)
(xy -7 -0.9)
(xy -7 0)
(xy -8 0)
)
(layer F.SilkS)
(width 0)
(fill solid)
(tstamp a927c1f5-07a4-48a7-b7c9-d58178577813)
)
(fp_poly (pts (xy -7 -0.9)
(xy -6 -0.9)
(xy -6 0)
(xy -7 0)
)
(layer F.SilkS)
(width 0)
(fill solid)
(tstamp ae7cfafd-a035-4c50-8285-ab87ebc34a0a)
)
(fp_poly (pts (xy -6 -0.9)
(xy -5 -0.9)
(xy -5 0)
(xy -6 0)
)
(layer F.SilkS)
(width 0)
(fill solid)
(tstamp 0b6b89d8-45d2-4c4a-a0c2-f31c6f0da727)
)
(fp_poly (pts (xy -5 -0.9)
(xy -4 -0.9)
(xy -4 0)
(xy -5 0)
)
(layer F.SilkS)
(width 0)
(fill solid)
(tstamp b1f1b259-97dd-4013-91e9-5d1de5795ac2)
)
(fp_poly (pts (xy -4 -0.9)
(xy -3 -0.9)
(xy -3 0)
(xy -4 0)
)
(layer F.SilkS)
(width 0)
(fill solid)
(tstamp bb84cbf7-05ec-4821-919a-9b0101937aff)
)
(fp_poly (pts (xy -3 -0.9)
(xy -2.9 -0.9)
(xy -2.9 -1)
(xy -2 -1)
(xy -2 0)
(xy -3 0)
)
(layer F.SilkS)
(width 0)
(fill solid)
(tstamp effdbe29-8375-437f-b4be-0a7a0f1e079e)
)
(fp_poly (pts (xy -2 -1)
(xy -1 -1)
(xy -1 0)
(xy -2 0)
)
(layer F.SilkS)
(width 0)
(fill solid)
(tstamp 6704b0c9-25be-4d21-8fd1-aa1374467d05)
)
(fp_poly (pts (xy -1 -1)
(xy 0 -1)
(xy 0 0)
(xy -1 0)
)
(layer F.SilkS)
(width 0)
(fill solid)
(tstamp b47d01b8-f4d5-4c3b-ab3e-5cb6ce463342)
)
(fp_poly (pts (xy 0 -1)
(xy 1 -1)
(xy 1 0)
(xy 0 0)
)
(layer F.SilkS)
(width 0)
(fill solid)
(tstamp 64a6845e-8522-482a-9802-8a79955bd938)
)
(fp_poly (pts (xy 1 -1)
(xy 2 -1)
(xy 2 0)
(xy 1 0)
)
(layer F.SilkS)
(width 0)
(fill solid)
(tstamp 2762e20c-d505-4b13-9ad1-5e49fe18bad9)
)
(fp_poly (pts (xy 2 -1)
(xy 3 -1)
(xy 3 0)
(xy 2 0)
)
(layer F.SilkS)
(width 0)
(fill solid)
(tstamp 72148e88-ea80-4f28-aebf-c26d32381a47)
)
(fp_poly (pts (xy 3 -1)
(xy 4 -1)
(xy 4 0)
(xy 3 0)
)
(layer F.SilkS)
(width 0)
(fill solid)
(tstamp 15c336ba-3212-4b17-8862-d36538cb0085)
)
(fp_poly (pts (xy 4 -1)
(xy 5 -1)
(xy 5 0)
(xy 4 0)
)
(layer F.SilkS)
(width 0)
(fill solid)
(tstamp bb1eaa86-fbd7-4602-9e1b-85f2559173c1)
)
(fp_poly (pts (xy 5 -1)
(xy 6 -1)
(xy 6 0)
(xy 5 0)
)
(layer F.SilkS)
(width 0)
(fill solid)
(tstamp e5e005a9-8aad-4b67-939a-e94a97685dd4)
)
(fp_poly (pts (xy 6 -1)
(xy 7 -1)
(xy 7 0)
(xy 6 0)
)
(layer F.SilkS)
(width 0)
(fill solid)
(tstamp 5360c318-2c7e-44c0-85b0-36259c7bb908)
)
(fp_poly (pts (xy 7 -1)
(xy 8 -1)
(xy 8 0)
(xy 7 0)
)
(layer F.SilkS)
(width 0)
(fill solid)
(tstamp 8af739ce-0159-4f79-b249-ddd398061bfa)
)
(fp_poly (pts (xy 8 -1)
(xy 8.9 -1)
(xy 8.9 0)
(xy 8 0)
)
(layer F.SilkS)
(width 0)
(fill solid)
(tstamp f494eeb4-7504-46a7-ad55-2193eea58906)
)
(fp_poly (pts (xy 9 -1)
(xy 10 -1)
(xy 10 0)
(xy 9 0)
)
(layer F.Cu)
(width 0)
(fill solid)
(tstamp b03d00ab-4d92-4635-9b62-8c03eecd96fc)
)
(fp_poly (pts (xy 9 -1)
(xy 10 -1)
(xy 10 0)
(xy 9 0)
)
(layer F.Mask)
(width 0)
(fill solid)
(tstamp 9ac20d78-a29e-40e1-81b6-5b48d4976e1e)
)
(fp_poly (pts (xy -10 0)
(xy -9 0)
(xy -9 1)
(xy -10 1)
)
(layer F.Cu)
(width 0)
(fill solid)
(tstamp 0e827df2-db91-4058-bc5d-57c7b975fc14)
)
(fp_poly (pts (xy -10 0)
(xy -9 0)
(xy -9 1)
(xy -10 1)
)
(layer F.Mask)
(width 0)
(fill solid)
(tstamp 3963bcd9-e367-484a-bbd5-9f944ad56430)
)
(fp_poly (pts (xy -8.9 0)
(xy -8 0)
(xy -8 1)
(xy -8.9 1)
)
(layer F.SilkS)
(width 0)
(fill solid)
(tstamp 121d5949-d317-442d-865b-dd2fca4dd716)
)
(fp_poly (pts (xy -8 0)
(xy -7 0)
(xy -7 1)
(xy -8 1)
)
(layer F.SilkS)
(width 0)
(fill solid)
(tstamp 810acb75-a2d7-40a1-b7af-d8dfaffc0dfb)
)
(fp_poly (pts (xy -7 0)
(xy -6 0)
(xy -6 1)
(xy -7 1)
)
(layer F.SilkS)
(width 0)
(fill solid)
(tstamp 8e0a4298-eacd-4699-b4c2-2ebe7693f7b9)
)
(fp_poly (pts (xy -6 0)
(xy -5 0)
(xy -5 1)
(xy -6 1)
)
(layer F.SilkS)
(width 0)
(fill solid)
(tstamp 3313bed7-1658-4271-9f69-e21e7dbb98ed)
)
(fp_poly (pts (xy -5 0)
(xy -4 0)
(xy -4 1)
(xy -5 1)
)
(layer F.SilkS)
(width 0)
(fill solid)
(tstamp ed6070c0-4f81-4afa-96b4-c4e7d63d5610)
)
(fp_poly (pts (xy -4 0)
(xy -3 0)
(xy -3 1)
(xy -4 1)
)
(layer F.SilkS)
(width 0)
(fill solid)
(tstamp 45a70fd8-b5ea-4da9-91dc-dc0c777afbc2)
)
(fp_poly (pts (xy -3 0)
(xy -2 0)
(xy -2 1)
(xy -3 1)
)
(layer F.SilkS)
(width 0)
(fill solid)
(tstamp 494d92eb-9503-422d-81a6-2c85dc6b199e)
)
(fp_poly (pts (xy -2 0)
(xy -1 0)
(xy -1 1)
(xy -2 1)
)
(layer F.SilkS)
(width 0)
(fill solid)
(tstamp 0117fa5c-9de3-48f2-b497-39608f9bb021)
)
(fp_poly (pts (xy -1 0)
(xy 0 0)
(xy 0 1)
(xy -1 1)
)
(layer F.SilkS)
(width 0)
(fill solid)
(tstamp bd774943-91cd-4e07-8793-fbdf1e3ed111)
)
(fp_poly (pts (xy 0 0)
(xy 1 0)
(xy 1 1)
(xy 0 1)
)
(layer F.SilkS)
(width 0)
(fill solid)
(tstamp e4c86248-fde6-4ade-8cce-d5cbc5b8491b)
)
(fp_poly (pts (xy 1 0)
(xy 2 0)
(xy 2 1)
(xy 1 1)
)
(layer F.SilkS)
(width 0)
(fill solid)
(tstamp 585be67c-9d50-4ec6-8019-c6a52ee64346)
)
(fp_poly (pts (xy 2 0)
(xy 3 0)
(xy 3 1)
(xy 2 1)
)
(layer F.SilkS)
(width 0)
(fill solid)
(tstamp f05abf23-0e77-40d8-ac9d-aa65f1b8b991)
)
(fp_poly (pts (xy 3 0)
(xy 4 0)
(xy 4 1)
(xy 3 1)
)
(layer F.SilkS)
(width 0)
(fill solid)
(tstamp 751a321a-a45d-4dbb-9515-b79cef921f8b)
)
(fp_poly (pts (xy 4 0)
(xy 5 0)
(xy 5 1)
(xy 4 1)
)
(layer F.SilkS)
(width 0)
(fill solid)
(tstamp 1fb96867-1cae-45be-83b8-c7de0279ec4f)
)
(fp_poly (pts (xy 5 0)
(xy 6 0)
(xy 6 1)
(xy 5 1)
)
(layer F.SilkS)
(width 0)
(fill solid)
(tstamp c598a4c1-5c39-43dc-85f9-93b48135427c)
)
(fp_poly (pts (xy 6 0)
(xy 7 0)
(xy 7 1)
(xy 6 1)
)
(layer F.SilkS)
(width 0)
(fill solid)
(tstamp d90b8e35-4106-4279-acaa-ec8b3f73b54f)
)
(fp_poly (pts (xy 7 0)
(xy 8 0)
(xy 8 1)
(xy 7 1)
)
(layer F.SilkS)
(width 0)
(fill solid)
(tstamp 20956b0c-48d4-4f57-aa77-30a4d2471cff)
)
(fp_poly (pts (xy 8 0)
(xy 8.9 0)
(xy 8.9 1)
(xy 8 1)
)
(layer F.SilkS)
(width 0)
(fill solid)
(tstamp b3ee9e25-bdd4-437d-a309-03a6039ce511)
)
(fp_poly (pts (xy 9 0)
(xy 10 0)
(xy 10 1)
(xy 9 1)
)
(layer F.Cu)
(width 0)
(fill solid)
(tstamp ba08143a-bf35-4eb0-b16f-7a20c8314580)
)
(fp_poly (pts (xy 9 0)
(xy 10 0)
(xy 10 1)
(xy 9 1)
)
(layer F.Mask)
(width 0)
(fill solid)
(tstamp b830e8c9-d42d-4fbf-915e-e5f454355fb5)
)
(fp_poly (pts (xy -10 1)
(xy -9 1)
(xy -9 2)
(xy -10 2)
)
(layer F.Cu)
(width 0)
(fill solid)
(tstamp a1e5fba8-f88b-4555-812b-2d42d6498c3b)
)
(fp_poly (pts (xy -10 1)
(xy -9 1)
(xy -9 2)
(xy -10 2)
)
(layer F.Mask)
(width 0)
(fill solid)
(tstamp 1b1426ed-30dc-43eb-bb9b-366969f78330)
)
(fp_poly (pts (xy -8.9 1)
(xy -8 1)
(xy -8 2)
(xy -8.9 2)
)
(layer F.SilkS)
(width 0)
(fill solid)
(tstamp 0930199c-0058-446a-b668-ed433a9074d0)
)
(fp_poly (pts (xy -8 1)
(xy -7 1)
(xy -7 2)
(xy -8 2)
)
(layer F.SilkS)
(width 0)
(fill solid)
(tstamp 53757693-9a2d-485d-820a-4b6f82cd16d2)
)
(fp_poly (pts (xy -7 1)
(xy -6 1)
(xy -6 2)
(xy -7 2)
)
(layer F.SilkS)
(width 0)
(fill solid)
(tstamp 50f139f2-eb83-421d-b64c-ce1e4f116506)
)
(fp_poly (pts (xy -6 1)
(xy -5 1)
(xy -5 2)
(xy -6 2)
)
(layer F.SilkS)
(width 0)
(fill solid)
(tstamp 36094382-bf2d-4feb-aa21-91e920e22ad9)
)
(fp_poly (pts (xy -5 1)
(xy -4 1)
(xy -4 2)
(xy -5 2)
)
(layer F.SilkS)
(width 0)
(fill solid)
(tstamp 087f6be0-bb75-4068-9330-2e57d35a3773)
)
(fp_poly (pts (xy -4 1)
(xy -3 1)
(xy -3 2)
(xy -4 2)
)
(layer F.SilkS)
(width 0)
(fill solid)
(tstamp 534d755b-9fe7-4f40-aba1-5c61881003f3)
)
(fp_poly (pts (xy -3 1)
(xy -2 1)
(xy -2 2)
(xy -3 2)
)
(layer F.SilkS)
(width 0)
(fill solid)
(tstamp ef892a96-eb3a-4391-84d7-e574a409436f)
)
(fp_poly (pts (xy -2 1)
(xy -1 1)
(xy -1 2)
(xy -2 2)
)
(layer F.SilkS)
(width 0)
(fill solid)
(tstamp 10a8e1e2-0beb-46d5-a8e8-146b9db07704)
)
(fp_poly (pts (xy -1 1)
(xy 0 1)
(xy 0 2)
(xy -1 2)
)
(layer F.SilkS)
(width 0)
(fill solid)
(tstamp 478bb86a-5ab5-4c63-acff-8642a4c724e7)
)
(fp_poly (pts (xy 0 1)
(xy 1 1)
(xy 1 2)
(xy 0 2)
)
(layer F.SilkS)
(width 0)
(fill solid)
(tstamp 381451c8-bb9f-4018-871d-147a9f31a89e)
)
(fp_poly (pts (xy 1 1)
(xy 2 1)
(xy 2 2)
(xy 1 2)
)
(layer F.SilkS)
(width 0)
(fill solid)
(tstamp 8324dd91-35b5-44f2-a044-87231c487fe2)
)
(fp_poly (pts (xy 2 1)
(xy 3 1)
(xy 3 2)
(xy 2 2)
)
(layer F.SilkS)
(width 0)
(fill solid)
(tstamp ad920065-d5a4-4b68-b79c-1279d3b01735)
)
(fp_poly (pts (xy 3 1)
(xy 4 1)
(xy 4 2)
(xy 3 2)
)
(layer F.SilkS)
(width 0)
(fill solid)
(tstamp c6e06f1f-365f-4e26-bcc5-f3e487b44af6)
)
(fp_poly (pts (xy 4 1)
(xy 5 1)
(xy 5 2)
(xy 4 2)
)
(layer F.SilkS)
(width 0)
(fill solid)
(tstamp 36daa7ba-8797-4faf-803f-97b410d828a5)
)
(fp_poly (pts (xy 5 1)
(xy 6 1)
(xy 6 2)
(xy 5 2)
)
(layer F.SilkS)
(width 0)
(fill solid)
(tstamp e98645c7-c7fa-4e4a-ab2a-6926dd564f0e)
)
(fp_poly (pts (xy 6 1)
(xy 7 1)
(xy 7 2)
(xy 6 2)
)
(layer F.SilkS)
(width 0)
(fill solid)
(tstamp 7c53243c-c1cd-476b-96e6-1329d44e3afb)
)
(fp_poly (pts (xy 7 1)
(xy 8 1)
(xy 8 2)
(xy 7 2)
)
(layer F.SilkS)
(width 0)
(fill solid)
(tstamp 1251e7b6-4457-43bc-ac2d-7b91b93b00fb)
)
(fp_poly (pts (xy 8 1)
(xy 8.9 1)
(xy 8.9 2)
(xy 8 2)
)
(layer F.SilkS)
(width 0)
(fill solid)
(tstamp 3f56f324-9482-450f-bf57-470106968092)
)
(fp_poly (pts (xy 9 1)
(xy 10 1)
(xy 10 2)
(xy 9 2)
)
(layer F.Cu)
(width 0)
(fill solid)
(tstamp 2d4472a2-26f6-4795-bf45-010357b15516)
)
(fp_poly (pts (xy 9 1)
(xy 10 1)
(xy 10 2)
(xy 9 2)
)
(layer F.Mask)
(width 0)
(fill solid)
(tstamp 59798d99-404c-4941-8ab7-909a63422df2)
)
(fp_poly (pts (xy -10 2)
(xy -9 2)
(xy -9 3)
(xy -10 3)
)
(layer F.Cu)
(width 0)
(fill solid)
(tstamp bdc0acc1-cad0-4575-a107-bcde894b2e6a)
)
(fp_poly (pts (xy -10 2)
(xy -9 2)
(xy -9 3)
(xy -10 3)
)
(layer F.Mask)
(width 0)
(fill solid)
(tstamp 31b5d6d5-c96e-411b-9d54-3d464f3630ef)
)
(fp_poly (pts (xy -8.9 2)
(xy -8 2)
(xy -8 3)
(xy -8.9 3)
)
(layer F.SilkS)
(width 0)
(fill solid)
(tstamp 10fdb272-d035-49db-a2af-c66ae1b38117)
)
(fp_poly (pts (xy -8 2)
(xy -7 2)
(xy -7 3)
(xy -8 3)
)
(layer F.SilkS)
(width 0)
(fill solid)
(tstamp 08cac8c9-43e7-4655-a882-f540928a5bcd)
)
(fp_poly (pts (xy -7 2)
(xy -6 2)
(xy -6 3)
(xy -7 3)
)
(layer F.SilkS)
(width 0)
(fill solid)
(tstamp 70a7fcc8-1af3-4c26-a4fc-5b471d8bb061)
)
(fp_poly (pts (xy -6 2)
(xy -5 2)
(xy -5 3)
(xy -6 3)
)
(layer F.SilkS)
(width 0)
(fill solid)
(tstamp 1ef183c8-6799-4f2a-9cc3-71dda1e54e37)
)
(fp_poly (pts (xy -5 2)
(xy -4 2)
(xy -4 3)
(xy -5 3)
)
(layer F.SilkS)
(width 0)
(fill solid)
(tstamp 92d2d016-e697-48c5-965f-2f5018c83c99)
)
(fp_poly (pts (xy -4 2)
(xy -3 2)
(xy -3 3)
(xy -4 3)
)
(layer F.SilkS)
(width 0)
(fill solid)
(tstamp 01a2c21e-2fec-4344-a404-4f1ef829ef72)
)
(fp_poly (pts (xy -3 2)
(xy -2 2)
(xy -2 3)
(xy -3 3)
)
(layer F.SilkS)
(width 0)
(fill solid)
(tstamp 3d1c445a-5967-49e2-ab08-05236bd4acf6)
)
(fp_poly (pts (xy -2 2)
(xy -1 2)
(xy -1 3)
(xy -2 3)
)
(layer F.SilkS)
(width 0)
(fill solid)
(tstamp 91a48ce1-ba90-46c2-b2c7-636602f1fddf)
)
(fp_poly (pts (xy -1 2)
(xy 0 2)
(xy 0 3)
(xy -1 3)
)
(layer F.SilkS)
(width 0)
(fill solid)
(tstamp 9adb147c-afc9-4638-b0d8-aa6ae9e0b871)
)
(fp_poly (pts (xy 0 2)
(xy 1 2)
(xy 1 3)
(xy 0 3)
)
(layer F.SilkS)
(width 0)
(fill solid)
(tstamp 30829ab8-d5cd-40cb-bdb8-d5229b0604c9)
)
(fp_poly (pts (xy 1 2)
(xy 2 2)
(xy 2 3)
(xy 1 3)
)
(layer F.SilkS)
(width 0)
(fill solid)
(tstamp 8494fe6b-9ea2-421d-9836-a3e546b87178)
)
(fp_poly (pts (xy 2 2)
(xy 3 2)
(xy 3 3)
(xy 2 3)
)
(layer F.SilkS)
(width 0)
(fill solid)
(tstamp e9ec2b6b-22d4-4e4c-aad2-d4878fa5511d)
)
(fp_poly (pts (xy 3 2)
(xy 4 2)
(xy 4 3)
(xy 3 3)
)
(layer F.SilkS)
(width 0)
(fill solid)
(tstamp d43de83a-7f14-4ce0-804c-115cd4646319)
)
(fp_poly (pts (xy 4 2)
(xy 5 2)
(xy 5 3)
(xy 4 3)
)
(layer F.SilkS)
(width 0)
(fill solid)
(tstamp 57ead669-7c77-4b17-819f-929cada6b934)
)
(fp_poly (pts (xy 5 2)
(xy 6 2)
(xy 6 3)
(xy 5 3)
)
(layer F.SilkS)
(width 0)
(fill solid)
(tstamp 25c5ff0a-e6b3-4858-84db-f6c416d91925)
)
(fp_poly (pts (xy 6 2)
(xy 7 2)
(xy 7 3)
(xy 6 3)
)
(layer F.SilkS)
(width 0)
(fill solid)
(tstamp d4769569-08d1-4185-97b3-f61bf96235b7)
)
(fp_poly (pts (xy 7 2)
(xy 8 2)
(xy 8 2.9)
(xy 7.9 2.9)
(xy 7.9 3)
(xy 7 3)
)
(layer F.SilkS)
(width 0)
(fill solid)
(tstamp afc744f4-005f-47f9-96ce-13d97f41afe3)
)
(fp_poly (pts (xy 8 2)
(xy 8.9 2)
(xy 8.9 2.9)
(xy 8 2.9)
)
(layer F.SilkS)
(width 0)
(fill solid)
(tstamp 9873d9d6-77ca-4543-bd14-24bcd3028bed)
)
(fp_poly (pts (xy 9 2)
(xy 10 2)
(xy 10 3)
(xy 9 3)
)
(layer F.Cu)
(width 0)
(fill solid)
(tstamp bda72ec6-cf02-41be-bfc3-306b7039ab7e)
)
(fp_poly (pts (xy 9 2)
(xy 10 2)
(xy 10 3)
(xy 9 3)
)
(layer F.Mask)
(width 0)
(fill solid)
(tstamp 8943498f-a8da-49c4-8c48-d57c31cd5328)
)
(fp_poly (pts (xy -10 3)
(xy -9 3)
(xy -9 4)
(xy -10 4)
)
(layer F.Cu)
(width 0)
(fill solid)
(tstamp c8d55dd6-d7ec-46ce-9ac3-8a60b75f874e)
)
(fp_poly (pts (xy -10 3)
(xy -9 3)
(xy -9 4)
(xy -10 4)
)
(layer F.Mask)
(width 0)
(fill solid)
(tstamp ad68a2ec-e972-4d8f-a466-8280c9ac27b1)
)
(fp_poly (pts (xy -8.9 3)
(xy -8 3)
(xy -8 3.9)
(xy -8.9 3.9)
)
(layer F.SilkS)
(width 0)
(fill solid)
(tstamp 7469d2d2-de98-4674-bb59-1f69a4aa0cb8)
)
(fp_poly (pts (xy -8 3)
(xy -7 3)
(xy -7 4)
(xy -7.9 4)
(xy -7.9 3.9)
(xy -8 3.9)
)
(layer F.SilkS)
(width 0)
(fill solid)
(tstamp e9e7808d-a199-471f-aaba-6855847d803c)
)
(fp_poly (pts (xy -7 3)
(xy -6 3)
(xy -6 4)
(xy -7 4)
)
(layer F.SilkS)
(width 0)
(fill solid)
(tstamp f119aa13-bc9e-43d7-8c37-4c3f0726d1ff)
)
(fp_poly (pts (xy -6 3)
(xy -5 3)
(xy -5 4)
(xy -6 4)
)
(layer F.SilkS)
(width 0)
(fill solid)
(tstamp b502c202-cde8-49fe-981e-3cf8a83115bf)
)
(fp_poly (pts (xy -5 3)
(xy -4 3)
(xy -4 4)
(xy -5 4)
)
(layer F.SilkS)
(width 0)
(fill solid)
(tstamp c97623d6-b556-4f28-a21c-7d8929b640ad)
)
(fp_poly (pts (xy -4 3)
(xy -3 3)
(xy -3 4)
(xy -4 4)
)
(layer F.SilkS)
(width 0)
(fill solid)
(tstamp 48fa9c60-9e02-4781-ad28-8c6935659098)
)
(fp_poly (pts (xy -3 3)
(xy -2 3)
(xy -2 4)
(xy -3 4)
)
(layer F.SilkS)
(width 0)
(fill solid)
(tstamp 04c2dfce-d320-4988-a7d1-5900fd1c389c)
)
(fp_poly (pts (xy -2 3)
(xy -1 3)
(xy -1 4)
(xy -2 4)
)
(layer F.SilkS)
(width 0)
(fill solid)
(tstamp 50c39740-dd7b-400b-bcf5-ac97c7fe4f78)
)
(fp_poly (pts (xy -1 3)
(xy 0 3)
(xy 0 4)
(xy -1 4)
)
(layer F.SilkS)
(width 0)
(fill solid)
(tstamp 27266c70-dcfe-4905-bdcf-b2da8e3a48df)
)
(fp_poly (pts (xy 0 3)
(xy 1 3)
(xy 1 4)
(xy 0 4)
)
(layer F.SilkS)
(width 0)
(fill solid)
(tstamp 58ffb1b6-e302-4d00-8d40-4cb74502df74)
)
(fp_poly (pts (xy 1 3)
(xy 2 3)
(xy 2 4)
(xy 1 4)
)
(layer F.SilkS)
(width 0)
(fill solid)
(tstamp 84308f90-ea2b-4116-b94d-4661a8ce0516)
)
(fp_poly (pts (xy 2 3)
(xy 3 3)
(xy 3 4)
(xy 2 4)
)
(layer F.SilkS)
(width 0)
(fill solid)
(tstamp 644f7541-bed4-4934-860a-18bd6113e2f2)
)
(fp_poly (pts (xy 3 3)
(xy 4 3)
(xy 4 4)
(xy 3 4)
)
(layer F.SilkS)
(width 0)
(fill solid)
(tstamp 3dcb82fc-7251-486b-8ecc-ac19f94ad62c)
)
(fp_poly (pts (xy 4 3)
(xy 5 3)
(xy 5 4)
(xy 4 4)
)
(layer F.SilkS)
(width 0)
(fill solid)
(tstamp 50220159-2c15-4001-8f3d-99215eb49195)
)
(fp_poly (pts (xy 5 3)
(xy 6 3)
(xy 6 4)
(xy 5 4)
)
(layer F.SilkS)
(width 0)
(fill solid)
(tstamp fea19716-7e95-4796-ae03-697c9d5cf9e2)
)
(fp_poly (pts (xy 6 3)
(xy 7 3)
(xy 7 4)
(xy 6 4)
)
(layer F.SilkS)
(width 0)
(fill solid)
(tstamp 7e107fd2-cbc7-4e87-9f72-5db3795e076f)
)
(fp_poly (pts (xy 7 3)
(xy 7.9 3)
(xy 7.9 4)
(xy 7 4)
)
(layer F.SilkS)
(width 0)
(fill solid)
(tstamp 7e4ed4dd-8271-4ec7-a4fd-7be3c1b8b68c)
)
(fp_poly (pts (xy 8 3)
(xy 9 3)
(xy 9 4)
(xy 8 4)
)
(layer F.Cu)
(width 0)
(fill solid)
(tstamp bab7d563-0ec2-4d9d-9a9a-215d43813b23)
)
(fp_poly (pts (xy 8 3)
(xy 9 3)
(xy 9 4)
(xy 8 4)
)
(layer F.Mask)
(width 0)
(fill solid)
(tstamp 24780446-77fd-4016-a82d-befaba97aa8a)
)
(fp_poly (pts (xy -9 4)
(xy -8 4)
(xy -8 5)
(xy -9 5)
)
(layer F.Cu)
(width 0)
(fill solid)
(tstamp d10c1e54-7845-45f9-a4e3-d51a64e63f1e)
)
(fp_poly (pts (xy -9 4)
(xy -8 4)
(xy -8 5)
(xy -9 5)
)
(layer F.Mask)
(width 0)
(fill solid)
(tstamp ac545c0e-bae8-4cb6-8d40-db6ef183b661)
)
(fp_poly (pts (xy -7.9 4)
(xy -7 4)
(xy -7 5)
(xy -7.9 5)
)
(layer F.SilkS)
(width 0)
(fill solid)
(tstamp 57c28f29-c050-4be3-8f70-4f8eb2083174)
)
(fp_poly (pts (xy -7 4)
(xy -6 4)
(xy -6 4.9)
(xy -6.1 4.9)
(xy -6.1 5)
(xy -7 5)
)
(layer F.SilkS)
(width 0)
(fill solid)
(tstamp dca635df-7940-4b25-b681-e1612f383b53)
)
(fp_poly (pts (xy -6 4)
(xy -5 4)
(xy -5 4.9)
(xy -6 4.9)
)
(layer F.SilkS)
(width 0)
(fill solid)
(tstamp a1259e81-6b08-4b9b-8a07-b5c318a9b2e7)
)
(fp_poly (pts (xy -5 4)
(xy -4 4)
(xy -4 4.9)
(xy -5 4.9)
)
(layer F.SilkS)
(width 0)
(fill solid)
(tstamp b8f2700b-3ec0-45a1-af38-29b2348b16b7)
)
(fp_poly (pts (xy -4 4)
(xy -3 4)
(xy -3 5)
(xy -3.9 5)
(xy -3.9 4.9)
(xy -4 4.9)
)
(layer F.SilkS)
(width 0)
(fill solid)
(tstamp 55e923ff-76dd-42e8-b434-5b6d3825b7d0)
)
(fp_poly (pts (xy -3 4)
(xy -2 4)
(xy -2 4.9)
(xy -2.1 4.9)
(xy -2.1 5)
(xy -3 5)
)
(layer F.SilkS)
(width 0)
(fill solid)
(tstamp aa098302-b2cb-40f7-809f-efa6b9b08f53)
)
(fp_poly (pts (xy -2 4)
(xy -1 4)
(xy -1 4.9)
(xy -2 4.9)
)
(layer F.SilkS)
(width 0)
(fill solid)
(tstamp 71d5ee4f-1673-4589-a276-211bd0fa96d5)
)
(fp_poly (pts (xy -1 4)
(xy 0 4)
(xy 0 4.9)
(xy -1 4.9)
)
(layer F.SilkS)
(width 0)
(fill solid)
(tstamp e46fe13f-a007-4b57-84ef-89c7591288a4)
)
(fp_poly (pts (xy 0 4)
(xy 1 4)
(xy 1 4.9)
(xy 0 4.9)
)
(layer F.SilkS)
(width 0)
(fill solid)
(tstamp b23cf95b-3d28-453a-8579-f0d25af95a9f)
)
(fp_poly (pts (xy 1 4)
(xy 2 4)
(xy 2 4.9)
(xy 1 4.9)
)
(layer F.SilkS)
(width 0)
(fill solid)
(tstamp d5ba4142-b2ac-483a-9953-7973212465cc)
)
(fp_poly (pts (xy 2 4)
(xy 3 4)
(xy 3 5)
(xy 2.1 5)
(xy 2.1 4.9)
(xy 2 4.9)
)
(layer F.SilkS)
(width 0)
(fill solid)
(tstamp 11f4e3df-27f8-4447-a719-de99e009d5d6)
)
(fp_poly (pts (xy 3 4)
(xy 4 4)
(xy 4 4.9)
(xy 3.9 4.9)
(xy 3.9 5)
(xy 3 5)
)
(layer F.SilkS)
(width 0)
(fill solid)
(tstamp bbe613b4-bf18-42c8-8d48-f81eb758d146)
)
(fp_poly (pts (xy 4 4)
(xy 5 4)
(xy 5 4.9)
(xy 4 4.9)
)
(layer F.SilkS)
(width 0)
(fill solid)
(tstamp 787ea3e7-9862-46c7-9c02-6fefae6b43e2)
)
(fp_poly (pts (xy 5 4)
(xy 6 4)
(xy 6 4.9)
(xy 5 4.9)
)
(layer F.SilkS)
(width 0)
(fill solid)
(tstamp 11365eb4-e608-4907-b506-ddd3deb2d275)
)
(fp_poly (pts (xy 6 4)
(xy 7 4)
(xy 7 5)
(xy 6.1 5)
(xy 6.1 4.9)
(xy 6 4.9)
)
(layer F.SilkS)
(width 0)
(fill solid)
(tstamp f00cd77f-6721-4ebd-bc67-bf54cf2a75b0)
)
(fp_poly (pts (xy 7 4)
(xy 7.9 4)
(xy 7.9 5)
(xy 7 5)
)
(layer F.SilkS)
(width 0)
(fill solid)
(tstamp d59eeacd-8673-4f13-98aa-f519ed3fa2a6)
)
(fp_poly (pts (xy 8 4)
(xy 9 4)
(xy 9 5)
(xy 8 5)
)
(layer F.Cu)
(width 0)
(fill solid)
(tstamp 26482c68-bab0-4013-82d3-9fc77f32edd2)
)
(fp_poly (pts (xy 8 4)
(xy 9 4)
(xy 9 5)
(xy 8 5)
)
(layer F.Mask)
(width 0)
(fill solid)
(tstamp c1df1e17-f780-4e32-a92a-4a4ea182061a)
)
(fp_poly (pts (xy -9 5)
(xy -8 5)
(xy -8 6)
(xy -9 6)
)
(layer F.Cu)
(width 0)
(fill solid)
(tstamp b6e08104-d1d5-43fb-b028-a37404ff36c3)
)
(fp_poly (pts (xy -9 5)
(xy -8 5)
(xy -8 6)
(xy -9 6)
)
(layer F.Mask)
(width 0)
(fill solid)
(tstamp 9fe48f06-2e20-4912-bb5f-f6f4a0cf2c03)
)
(fp_poly (pts (xy -7.9 5)
(xy -7 5)
(xy -7 5.9)
(xy -7.1 5.9)
(xy -7.1 6)
(xy -7.9 6)
)
(layer F.SilkS)
(width 0)
(fill solid)
(tstamp db6f19b8-5053-433b-bfdf-491f200e88c5)
)
(fp_poly (pts (xy -7 5)
(xy -6.1 5)
(xy -6.1 5.9)
(xy -7 5.9)
)
(layer F.SilkS)
(width 0)
(fill solid)
(tstamp a504a4dd-ad0f-4c46-87b9-6e916482c401)
)
(fp_poly (pts (xy -6 5)
(xy -5 5)
(xy -5 6)
(xy -6 6)
)
(layer F.Cu)
(width 0)
(fill solid)
(tstamp e4654c62-3425-4f44-afed-4d7abc9a478d)
)
(fp_poly (pts (xy -6 5)
(xy -5 5)
(xy -5 6)
(xy -6 6)
)
(layer F.Mask)
(width 0)
(fill solid)
(tstamp 75338f3c-f5b9-45cc-928f-96aab0e0efcc)
)
(fp_poly (pts (xy -5 5)
(xy -4 5)
(xy -4 6)
(xy -5 6)
)
(layer F.Cu)
(width 0)
(fill solid)
(tstamp a3593c15-1cfc-4333-adf7-3aa84c85e112)
)
(fp_poly (pts (xy -5 5)
(xy -4 5)
(xy -4 6)
(xy -5 6)
)
(layer F.Mask)
(width 0)
(fill solid)
(tstamp 74d67022-4426-413c-a906-446ecb79e9d0)
)
(fp_poly (pts (xy -3.9 5)
(xy -3 5)
(xy -3 6)
(xy -3.9 6)
)
(layer F.SilkS)
(width 0)
(fill solid)
(tstamp 53719052-a2bf-4360-88ce-0c61e1769ac9)
)
(fp_poly (pts (xy -3 5)
(xy -2.1 5)
(xy -2.1 6)
(xy -3 6)
)
(layer F.SilkS)
(width 0)
(fill solid)
(tstamp fe35cb49-dcd9-4b4d-8798-ebe15204dd50)
)
(fp_poly (pts (xy -2 5)
(xy -1 5)
(xy -1 6)
(xy -2 6)
)
(layer F.Cu)
(width 0)
(fill solid)
(tstamp d0634017-b7fa-48cb-8377-cdaaddc40440)
)
(fp_poly (pts (xy -2 5)
(xy -1 5)
(xy -1 6)
(xy -2 6)
)
(layer F.Mask)
(width 0)
(fill solid)
(tstamp 485cb9d7-9811-4eae-9a10-96641792c1e5)
)
(fp_poly (pts (xy -1 5)
(xy 0 5)
(xy 0 6)
(xy -1 6)
)
(layer F.Cu)
(width 0)
(fill solid)
(tstamp cf5e776a-a1be-4c5f-a03b-39cbff787053)
)
(fp_poly (pts (xy -1 5)
(xy 0 5)
(xy 0 6)
(xy -1 6)
)
(layer F.Mask)
(width 0)
(fill solid)
(tstamp 323039fb-2dbc-48b8-b2cd-9df1cff3488f)
)
(fp_poly (pts (xy 0 5)
(xy 1 5)
(xy 1 6)
(xy 0 6)
)
(layer F.Cu)
(width 0)
(fill solid)
(tstamp ef094404-2b74-499a-8429-8e41787e34bf)
)
(fp_poly (pts (xy 0 5)
(xy 1 5)
(xy 1 6)
(xy 0 6)
)
(layer F.Mask)
(width 0)
(fill solid)
(tstamp f3918284-5f70-458f-bdfb-d761622d76b0)
)
(fp_poly (pts (xy 1 5)
(xy 2 5)
(xy 2 6)
(xy 1 6)
)
(layer F.Cu)
(width 0)
(fill solid)
(tstamp d390ee6c-b18c-462c-b515-f96747d39322)
)
(fp_poly (pts (xy 1 5)
(xy 2 5)
(xy 2 6)
(xy 1 6)
)
(layer F.Mask)
(width 0)
(fill solid)
(tstamp 82c6fbd1-1792-442c-b829-dc90150e9110)
)
(fp_poly (pts (xy 2.1 5)
(xy 3 5)
(xy 3 6)
(xy 2.1 6)
)
(layer F.SilkS)
(width 0)
(fill solid)
(tstamp 6e6c997d-9282-4f91-bb30-bd51c950dee6)
)
(fp_poly (pts (xy 3 5)
(xy 3.9 5)
(xy 3.9 6)
(xy 3 6)
)
(layer F.SilkS)
(width 0)
(fill solid)
(tstamp 8f59ea7b-f9fd-43bc-bc7d-8cde3d842f57)
)
(fp_poly (pts (xy 4 5)
(xy 5 5)
(xy 5 6)
(xy 4 6)
)
(layer F.Cu)
(width 0)
(fill solid)
(tstamp 7a6644ae-dad5-4ec1-8627-94e4c97fffeb)
)
(fp_poly (pts (xy 4 5)
(xy 5 5)
(xy 5 6)
(xy 4 6)
)
(layer F.Mask)
(width 0)
(fill solid)
(tstamp d544c03c-b954-4e2f-a284-26b6f7f7054d)
)
(fp_poly (pts (xy 5 5)
(xy 6 5)
(xy 6 6)
(xy 5 6)
)
(layer F.Cu)
(width 0)
(fill solid)
(tstamp fff6c0d6-dcc0-45b4-aaf0-404493cd2c12)
)
(fp_poly (pts (xy 5 5)
(xy 6 5)
(xy 6 6)
(xy 5 6)
)
(layer F.Mask)
(width 0)
(fill solid)
(tstamp c68b27c4-a5db-415c-9824-4d0e133fa842)
)
(fp_poly (pts (xy 6.1 5)
(xy 7 5)
(xy 7 5.9)
(xy 6.9 5.9)
(xy 6.9 6)
(xy 6.1 6)
)
(layer F.SilkS)
(width 0)
(fill solid)
(tstamp 28e92e0f-f5d4-4312-b0be-5ae9852b4ed2)
)
(fp_poly (pts (xy 7 5)
(xy 7.9 5)
(xy 7.9 5.9)
(xy 7 5.9)
)
(layer F.SilkS)
(width 0)
(fill solid)
(tstamp e796d7c2-88e5-4890-a19d-780dd71c8622)
)
(fp_poly (pts (xy 8 5)
(xy 9 5)
(xy 9 6)
(xy 8 6)
)
(layer F.Cu)
(width 0)
(fill solid)
(tstamp de246029-1078-4351-a004-6291b3f92f1a)
)
(fp_poly (pts (xy 8 5)
(xy 9 5)
(xy 9 6)
(xy 8 6)
)
(layer F.Mask)
(width 0)
(fill solid)
(tstamp 1275f0cf-058a-4ccd-b908-e714c20aa2d8)
)
(fp_poly (pts (xy -9 6)
(xy -8 6)
(xy -8 7)
(xy -9 7)
)
(layer F.Cu)
(width 0)
(fill solid)
(tstamp 0749635b-36cb-4fcc-aff4-b15da7c06c99)
)
(fp_poly (pts (xy -9 6)
(xy -8 6)
(xy -8 7)
(xy -9 7)
)
(layer F.Mask)
(width 0)
(fill solid)
(tstamp 423f0b69-69cd-45d7-904f-9cc40d76dbf4)
)
(fp_poly (pts (xy -7.9 6)
(xy -7.1 6)
(xy -7.1 6.9)
(xy -7.9 6.9)
)
(layer F.SilkS)
(width 0)
(fill solid)
(tstamp accb81e6-c694-41f1-9062-30d5317eaea3)
)
(fp_poly (pts (xy -7 6)
(xy -6 6)
(xy -6 7)
(xy -7 7)
)
(layer F.Cu)
(width 0)
(fill solid)
(tstamp 319cd81e-e7eb-42b2-b3a5-d3cc4c6e2697)
)
(fp_poly (pts (xy -7 6)
(xy -6 6)
(xy -6 7)
(xy -7 7)
)
(layer F.Mask)
(width 0)
(fill solid)
(tstamp 7d6d4076-fabc-4f19-acc1-db8cee742708)
)
(fp_poly (pts (xy -5 6)
(xy -4 6)
(xy -4 7)
(xy -5 7)
)
(layer F.Cu)
(width 0)
(fill solid)
(tstamp 9444c68a-2667-4af0-ad97-0a2949b9f137)
)
(fp_poly (pts (xy -5 6)
(xy -4 6)
(xy -4 7)
(xy -5 7)
)
(layer F.Mask)
(width 0)
(fill solid)
(tstamp e4e23980-e8a4-42b3-bb2c-c3401ebc29ce)
)
(fp_poly (pts (xy -3.9 6)
(xy -3 6)
(xy -3 6.9)
(xy -3.1 6.9)
(xy -3.1 7)
(xy -3.9 7)
)
(layer F.SilkS)
(width 0)
(fill solid)
(tstamp 06f68a4f-2ae1-4cdd-b4ac-cdf9646c9b61)
)
(fp_poly (pts (xy -3 6)
(xy -2.1 6)
(xy -2.1 6.9)
(xy -3 6.9)
)
(layer F.SilkS)
(width 0)
(fill solid)
(tstamp 0870e1a6-b335-4f07-bf0d-57920c3ac76e)
)
(fp_poly (pts (xy -2 6)
(xy -1 6)
(xy -1 7)
(xy -2 7)
)
(layer F.Cu)
(width 0)
(fill solid)
(tstamp cbf7a5db-0919-452a-a913-4ea9fadb305e)
)
(fp_poly (pts (xy -2 6)
(xy -1 6)
(xy -1 7)
(xy -2 7)
)
(layer F.Mask)
(width 0)
(fill solid)
(tstamp 545e50ca-a6e0-4e02-b4a0-74dc5a43867b)
)
(fp_poly (pts (xy 1 6)
(xy 2 6)
(xy 2 7)
(xy 1 7)
)
(layer F.Cu)
(width 0)
(fill solid)
(tstamp 74c128f7-17b7-4d98-aa93-83ef53bf05fb)
)
(fp_poly (pts (xy 1 6)
(xy 2 6)
(xy 2 7)
(xy 1 7)
)
(layer F.Mask)
(width 0)
(fill solid)
(tstamp a362f3ba-4a46-4415-9f5e-9bad745bc81b)
)
(fp_poly (pts (xy 2.1 6)
(xy 3 6)
(xy 3 6.9)
(xy 2.9 6.9)
(xy 2.9 7)
(xy 2.1 7)
)
(layer F.SilkS)
(width 0)
(fill solid)
(tstamp ef6b1d9c-782f-451d-8d57-d25750f8106b)
)
(fp_poly (pts (xy 3 6)
(xy 3.9 6)
(xy 3.9 6.9)
(xy 3 6.9)
)
(layer F.SilkS)
(width 0)
(fill solid)
(tstamp be8d9ec0-daec-4bce-95bd-f51961108a7d)
)
(fp_poly (pts (xy 4 6)
(xy 5 6)
(xy 5 7)
(xy 4 7)
)
(layer F.Cu)
(width 0)
(fill solid)
(tstamp 92a36949-0c06-429b-932c-5a1b316c8382)
)
(fp_poly (pts (xy 4 6)
(xy 5 6)
(xy 5 7)
(xy 4 7)
)
(layer F.Mask)
(width 0)
(fill solid)
(tstamp 54af7478-964a-4473-a84b-3bfd020b9062)
)
(fp_poly (pts (xy 5 6)
(xy 6 6)
(xy 6 7)
(xy 5 7)
)
(layer F.Cu)
(width 0)
(fill solid)
(tstamp d475e9c8-15ba-41f2-a5ff-71d832e4896f)
)
(fp_poly (pts (xy 5 6)
(xy 6 6)
(xy 6 7)
(xy 5 7)
)
(layer F.Mask)
(width 0)
(fill solid)
(tstamp c142a523-b064-4f29-b1ce-4cdfc35a2493)
)
(fp_poly (pts (xy 6.1 6)
(xy 6.9 6)
(xy 6.9 6.9)
(xy 6.1 6.9)
)
(layer F.SilkS)
(width 0)
(fill solid)
(tstamp 4ed27676-fbd3-4608-8ea6-bfb1c26aec8c)
)
(fp_poly (pts (xy 7 6)
(xy 8 6)
(xy 8 7)
(xy 7 7)
)
(layer F.Cu)
(width 0)
(fill solid)
(tstamp fd22cb25-0581-4073-b646-99fcc4e9ad9a)
)
(fp_poly (pts (xy 7 6)
(xy 8 6)
(xy 8 7)
(xy 7 7)
)
(layer F.Mask)
(width 0)
(fill solid)
(tstamp 3472c213-fff9-4903-9993-71e914435d71)
)
(fp_poly (pts (xy -8 7)
(xy -7 7)
(xy -7 8)
(xy -8 8)
)
(layer F.Cu)
(width 0)
(fill solid)
(tstamp e82a173a-a107-497e-88ca-e0d5453d61ec)
)
(fp_poly (pts (xy -8 7)
(xy -7 7)
(xy -7 8)
(xy -8 8)
)
(layer F.Mask)
(width 0)
(fill solid)
(tstamp 40a1bf0f-be98-48c6-8bc8-da063a60c87b)
)
(fp_poly (pts (xy -5 7)
(xy -4 7)
(xy -4 8)
(xy -5 8)
)
(layer F.Cu)
(width 0)
(fill solid)
(tstamp 85df46aa-bea3-4507-bdf9-6a85ced8f16e)
)
(fp_poly (pts (xy -5 7)
(xy -4 7)
(xy -4 8)
(xy -5 8)
)
(layer F.Mask)
(width 0)
(fill solid)
(tstamp 0dd0342a-a9af-4da2-88b2-88f158f67172)
)
(fp_poly (pts (xy -3.9 7)
(xy -3.1 7)
(xy -3.1 7.9)
(xy -3.9 7.9)
)
(layer F.SilkS)
(width 0)
(fill solid)
(tstamp 323bb226-162b-4ea8-9d26-67693cb47f8e)
)
(fp_poly (pts (xy -3 7)
(xy -2 7)
(xy -2 8)
(xy -3 8)
)
(layer F.Cu)
(width 0)
(fill solid)
(tstamp 4509c987-7025-4ee8-b464-7af6a80ca4da)
)
(fp_poly (pts (xy -3 7)
(xy -2 7)
(xy -2 8)
(xy -3 8)
)
(layer F.Mask)
(width 0)
(fill solid)
(tstamp 7f73774b-dcb5-474d-88e4-8f53d68e7975)
)
(fp_poly (pts (xy 1 7)
(xy 2 7)
(xy 2 8)
(xy 1 8)
)
(layer F.Cu)
(width 0)
(fill solid)
(tstamp d1ba9950-6138-4269-95e9-1ad30a3051ed)
)
(fp_poly (pts (xy 1 7)
(xy 2 7)
(xy 2 8)
(xy 1 8)
)
(layer F.Mask)
(width 0)
(fill solid)
(tstamp bc82acca-84bb-485f-9b25-7eeacad19189)
)
(fp_poly (pts (xy 2.1 7)
(xy 2.9 7)
(xy 2.9 7.9)
(xy 2.1 7.9)
)
(layer F.SilkS)
(width 0)
(fill solid)
(tstamp ea60cbb3-e7d9-4d82-b723-3564f9a81650)
)
(fp_poly (pts (xy 3 7)
(xy 4 7)
(xy 4 8)
(xy 3 8)
)
(layer F.Cu)
(width 0)
(fill solid)
(tstamp 94a34aed-7c17-44d3-98d4-5445d40a15a4)
)
(fp_poly (pts (xy 3 7)
(xy 4 7)
(xy 4 8)
(xy 3 8)
)
(layer F.Mask)
(width 0)
(fill solid)
(tstamp abead103-6106-4b74-b776-5120df32564a)
)
(fp_poly (pts (xy 6 7)
(xy 7 7)
(xy 7 8)
(xy 6 8)
)
(layer F.Cu)
(width 0)
(fill solid)
(tstamp 8edf271f-7d9c-4e95-aa7e-d7135fc3bb8d)
)
(fp_poly (pts (xy 6 7)
(xy 7 7)
(xy 7 8)
(xy 6 8)
)
(layer F.Mask)
(width 0)
(fill solid)
(tstamp 0dbfc891-fd90-4a9b-92dc-f31b52a637e6)
)
(fp_poly (pts (xy -4 8)
(xy -3 8)
(xy -3 9)
(xy -4 9)
)
(layer F.Cu)
(width 0)
(fill solid)
(tstamp 52d4fcf1-1c73-4523-88a1-e297411910d8)
)
(fp_poly (pts (xy -4 8)
(xy -3 8)
(xy -3 9)
(xy -4 9)
)
(layer F.Mask)
(width 0)
(fill solid)
(tstamp 0c7c8ca9-5a65-4ea0-be56-d916c45917c9)
)
(fp_poly (pts (xy 2 8)
(xy 3 8)
(xy 3 9)
(xy 2 9)
)
(layer F.Cu)
(width 0)
(fill solid)
(tstamp 70fcdcac-d592-4a51-9923-6af4f2e63a78)
)
(fp_poly (pts (xy 2 8)
(xy 3 8)
(xy 3 9)
(xy 2 9)
)
(layer F.Mask)
(width 0)
(fill solid)
(tstamp 32489037-eafd-4de0-95ea-c25c05286dbb)
)
)

