---
source: src/tests/mod.rs
expression: "run_against(stringify!(annoying_dog), include_bytes!(\"annoying_dog.png\"))"
---
(footprint "annoying_dog"
(version 20220630)
(generator "silkgen x.x.x")
(layer F.SilkS)
(tedit 0)
(attr board_only exclude_from_pos_files exclude_from_bom)
(fp_text reference "G***" (at 0 0) (layer F.Fab)
(effects (font (size 1.524 1.524) (thickness 0.3)))
(tstamp 63a6e029-0440-4d0c-8f47-da332b80ecf2)
)
(fp_text value "LOGO" (at 0.75 0) (layer F.Fab) hide
(effects (font (size 1.524 1.524) (thickness 0.3)))
(tstamp 5733308c-4faf-412f-b058-0de2c29a2b84)
)
(fp_poly (pts (xy -8 -10)
(xy -7 -10)
(xy -7 -9)
(xy -8 -9)
)
(layer F.Cu)
(width 0)
(fill solid)
(tstamp c4192cfe-7bff-4e10-8b28-612b390ddae4)
)
(fp_poly (pts (xy -8 -10)
(xy -7 -10)
(xy -7 -9)
(xy -8 -9)
)
(layer F.Mask)
(width 0)
(fill solid)
(tstamp e70af675-6f03-4100-9a65-be8b7d2d941f)
)
(fp_poly (pts (xy -6 -10)
(xy -5 -10)
(xy -5 -9)
(xy -6 -9)
)
(layer F.Cu)
(width 0)
(fill solid)
(tstamp 2249048d-2d52-401d-9b67-15d2f5f32d50)
)
(fp_poly (pts (xy -6 -10)
(xy -5 -10)
(xy -5 -9)
(xy -6 -9)
)
(layer F.Mask)
(width 0)
(fill solid)
(tstamp 3369b3f9-6bc0-4545-8fa7-7757e5494ef2)
)
(fp_poly (pts (xy -5 -10)
(xy -4 -10)
(xy -4 -9)
(xy -5 -9)
)
(layer F.Cu)
(width 0)
(fill solid)
(tstamp 839e8b71-db1f-4e15-b919-c3f76cf50fe5)
)
(fp_poly (pts (xy -5 -10)
(xy -4 -10)
(xy -4 -9)
(xy -5 -9)
)
(layer F.Mask)
(width 0)
(fill solid)
(tstamp 124070dc-3bf8-48c9-8eda-1ee121da775f)
)
(fp_poly (pts (xy -4 -10)
(xy -3 -10)
(xy -3 -9)
(xy -4 -9)
)
(layer F.Cu)
(width 0)
(fill solid)
(tstamp 28a05f02-74bf-407b-9ab1-803d3470522e)
)
(fp_poly (pts (xy -4 -10)
(xy -3 -10)
(xy -3 -9)
(xy -4 -9)
)
(layer F.Mask)
(width 0)
(fill solid)
(tstamp b5044916-b337-4ff5-bc39-cd36aac76c5b)
)
(fp_poly (pts (xy -3 -10)
(xy -2 -10)
(xy -2 -9)
(xy -3 -9)
)
(layer F.Cu)
(width 0)
(fill solid)
(tstamp 7c9e1d40-544f-4433-8931-199c62b7651b)
)
(fp_poly (pts (xy -3 -10)
(xy -2 -10)
(xy -2 -9)
(xy -3 -9)
)
(layer F.Mask)
(width 0)
(fill solid)
(tstamp c7cb5c26-05b7-4f77-9b20-43f7732d4359)
)
(fp_poly (pts (xy -1 -10)
(xy 0 -10)
(xy 0 -9)
(xy -1 -9)
)
(layer F.Cu)
(width 0)
(fill solid)
(tstamp 4a1baa54-16d9-4bd4-876b-866f8cffc9a8)
)
(fp_poly (pts (xy -1 -10)
(xy 0 -10)
(xy 0 -9)
(xy -1 -9)
)
(layer F.Mask)
(width 0)
(fill solid)
(tstamp d3f28bf7-6a4d-48be-bdc1-3114c98564b3)
)
(fp_poly (pts (xy -9 -9)
(xy -8 -9)
(xy -8 -8)
(xy -9 -8)
)
(layer F.Cu)
(width 0)
(fill solid)
(tstamp ad1acae4-56f2-46b9-885a-5673257ff159)
)
(fp_poly (pts (xy -9 -9)
(xy -8 -9)
(xy -8 -8)
(xy -9 -8)
)
(layer F.Mask)
(width 0)
(fill solid)
(tstamp 7c4fbd08-f18f-451f-b0a4-49ec339f4311)
)
(fp_poly (pts (xy -7.9 -8.9)
(xy -7.1 -8.9)
(xy -7.1 -8)
(xy -7.9 -8)
)
(layer F.SilkS)
(width 0)
(fill solid)
(tstamp 68d5e775-aa8a-448a-b90d-8007764421da)
)
(fp_poly (pts (xy -7 -9)
(xy -6 -9)
(xy -6 -8)
(xy -7 -8)
)
(layer F.Cu)
(width 0)
(fill solid)
(tstamp 68fdf7d0-21e3-468a-af6f-e72b71626c7b)
)
(fp_poly (pts (xy -7 -9)
(xy -6 -9)
(xy -6 -8)
(xy -7 -8)
)
(layer F.Mask)
(width 0)
(fill solid)
(tstamp 35efa278-62e6-4c7f-8522-be7fc6841beb)
)
(fp_poly (pts (xy -5.9 -8.9)
(xy -5 -8.9)
(xy -5 -8)
(xy -5.9 -8)
)
(layer F.SilkS)
(width 0)
(fill solid)
(tstamp 14bdafd2-745b-4fdc-bd6d-0685124075b5)
)
(fp_poly (pts (xy -5 -8.9)
(xy -4 -8.9)
(xy -4 -8)
(xy -5 -8)
)
(layer F.SilkS)
(width 0)
(fill solid)
(tstamp 1bcae791-7901-4ca4-9476-7745c2246374)
)
(fp_poly (pts (xy -4 -8.9)
(xy -3 -8.9)
(xy -3 -8)
(xy -4 -8)
)
(layer F.SilkS)
(width 0)
(fill solid)
(tstamp abddee14-8eae-4680-8491-907fe97faf25)
)
(fp_poly (pts (xy -3 -8.9)
(xy -2.1 -8.9)
(xy -2.1 -8)
(xy -3 -8)
)
(layer F.SilkS)
(width 0)
(fill solid)
(tstamp 36bbd341-3023-4b5b-9ecf-965640655c8b)
)
(fp_poly (pts (xy -2 -9)
(xy -1 -9)
(xy -1 -8)
(xy -2 -8)
)
(layer F.Cu)
(width 0)
(fill solid)
(tstamp f082d5c8-8f1d-428b-9fac-2fa94cdfa390)
)
(fp_poly (pts (xy -2 -9)
(xy -1 -9)
(xy -1 -8)
(xy -2 -8)
)
(layer F.Mask)
(width 0)
(fill solid)
(tstamp b1cdc1ee-bdb9-4048-933f-4498137669bd)
)
(fp_poly (pts (xy -0.9 -8.9)
(xy -0.1 -8.9)
(xy -0.1 -8)
(xy -0.9 -8)
)
(layer F.SilkS)
(width 0)
(fill solid)
(tstamp 6c323a0c-6f89-4edb-8fdb-5b11a341776a)
)
(fp_poly (pts (xy 0 -9)
(xy 1 -9)
(xy 1 -8)
(xy 0 -8)
)
(layer F.Cu)
(width 0)
(fill solid)
(tstamp 21176cd7-e830-4fb4-8817-ffc0d6efcde6)
)
(fp_poly (pts (xy 0 -9)
(xy 1 -9)
(xy 1 -8)
(xy 0 -8)
)
(layer F.Mask)
(width 0)
(fill solid)
(tstamp 4b1987c1-a084-4222-bd8c-e21b382fa8e5)
)
(fp_poly (pts (xy -9 -8)
(xy -8 -8)
(xy -8 -7)
(xy -9 -7)
)
(layer F.Cu)
(width 0)
(fill solid)
(tstamp 5f6e0700-4e95-462c-beee-77d3de746ad4)
)
(fp_poly (pts (xy -9 -8)
(xy -8 -8)
(xy -8 -7)
(xy -9 -7)
)
(layer F.Mask)
(width 0)
(fill solid)
(tstamp fe99eeba-b018-4912-9ace-1769b8686ce6)
)
(fp_poly (pts (xy -7.9 -8)
(xy -7.1 -8)
(xy -7.1 -7.9)
(xy -7 -7.9)
(xy -7 -7)
(xy -7.9 -7)
)
(layer F.SilkS)
(width 0)
(fill solid)
(tstamp b18fd7fe-39f0-4d64-a3cb-b632203acfe6)
)
(fp_poly (pts (xy -7 -7.9)
(xy -6 -7.9)
(xy -6 -7)
(xy -7 -7)
)
(layer F.SilkS)
(width 0)
(fill solid)
(tstamp f1f7abd3-07c5-492d-9985-b1cc00bf8cde)
)
(fp_poly (pts (xy -6 -7.9)
(xy -5.9 -7.9)
(xy -5.9 -8)
(xy -5 -8)
(xy -5 -7)
(xy -6 -7)
)
(layer F.SilkS)
(width 0)
(fill solid)
(tstamp 868a693d-328d-49cb-a5c3-b44a9dbbfc3c)
)
(fp_poly (pts (xy -5 -8)
(xy -4 -8)
(xy -4 -7)
(xy -5 -7)
)
(layer F.SilkS)
(width 0)
(fill solid)
(tstamp 422632fb-8ebd-402c-a4f2-18b7aaf0a80c)
)
(fp_poly (pts (xy -4 -8)
(xy -3 -8)
(xy -3 -7)
(xy -4 -7)
)
(layer F.SilkS)
(width 0)
(fill solid)
(tstamp 02ed13eb-ae88-42fe-8f4c-4b130d10492e)
)
(fp_poly (pts (xy -3 -8)
(xy -2.1 -8)
(xy -2.1 -7.9)
(xy -2 -7.9)
(xy -2 -7)
(xy -3 -7)
)
(layer F.SilkS)
(width 0)
(fill solid)
(tstamp 0d3fa9e8-61db-4342-b354-bc6cec6f0d8c)
)
(fp_poly (pts (xy -2 -7.9)
(xy -1 -7.9)
(xy -1 -7)
(xy -2 -7)
)
(layer F.SilkS)
(width 0)
(fill solid)
(tstamp d7c688f7-89cf-4e69-b8cd-bf5886d1873d)
)
(fp_poly (pts (xy -1 -7.9)
(xy -0.9 -7.9)
(xy -0.9 -8)
(xy -0.1 -8)
(xy -0.1 -7)
(xy -1 -7)
)
(layer F.SilkS)
(width 0)
(fill solid)
(tstamp 5403c157-fd5f-41c1-abda-89d9adca9c8b)
)
(fp_poly (pts (xy 0 -8)
(xy 1 -8)
(xy 1 -7)
(xy 0 -7)
)
(layer F.Cu)
(width 0)
(fill solid)
(tstamp a348af12-6a60-4452-8503-5a81d2726af3)
)
(fp_poly (pts (xy 0 -8)
(xy 1 -8)
(xy 1 -7)
(xy 0 -7)
)
(layer F.Mask)
(width 0)
(fill solid)
(tstamp 049c80ea-26b1-448f-afb9-fe93245e55e2)
)
(fp_poly (pts (xy -9 -7)
(xy -8 -7)
(xy -8 -6)
(xy -9 -6)
)
(layer F.Cu)
(width 0)
(fill solid)
(tstamp 22d934b3-4df7-4fe1-8f41-cc2c5bbd10d0)
)
(fp_poly (pts (xy -9 -7)
(xy -8 -7)
(xy -8 -6)
(xy -9 -6)
)
(layer F.Mask)
(width 0)
(fill solid)
(tstamp 8014ae6b-1c74-4ec7-947c-f9806ac963b4)
)
(fp_poly (pts (xy -7.9 -7)
(xy -7 -7)
(xy -7 -6.1)
(xy -7.1 -6.1)
(xy -7.1 -6)
(xy -7.9 -6)
)
(layer F.SilkS)
(width 0)
(fill solid)
(tstamp 5bf23880-2857-4736-af0d-25e20f8db1a6)
)
(fp_poly (pts (xy -7 -7)
(xy -6 -7)
(xy -6 -6.1)
(xy -7 -6.1)
)
(layer F.SilkS)
(width 0)
(fill solid)
(tstamp 12de9d63-c886-47f5-8a8b-fa79a7cb72dd)
)
(fp_poly (pts (xy -6 -7)
(xy -5 -7)
(xy -5 -6)
(xy -5.9 -6)
(xy -5.9 -6.1)
(xy -6 -6.1)
)
(layer F.SilkS)
(width 0)
(fill solid)
(tstamp 3ab6575a-5e91-4798-ae2e-bb1c0c716706)
)
(fp_poly (pts (xy -5 -7)
(xy -4 -7)
(xy -4 -6.1)
(xy -4.1 -6.1)
(xy -4.1 -6)
(xy -5 -6)
)
(layer F.SilkS)
(width 0)
(fill solid)
(tstamp 08bc5709-7b59-47c5-942e-e4d19bd82a7f)
)
(fp_poly (pts (xy -4 -7)
(xy -3 -7)
(xy -3 -6.1)
(xy -4 -6.1)
)
(layer F.SilkS)
(width 0)
(fill solid)
(tstamp 19e55336-5f58-4018-a859-d01a0e83aa1f)
)
(fp_poly (pts (xy -3 -7)
(xy -2 -7)
(xy -2 -6)
(xy -2.9 -6)
(xy -2.9 -6.1)
(xy -3 -6.1)
)
(layer F.SilkS)
(width 0)
(fill solid)
(tstamp 9397633c-28b0-4c73-9ff5-47e14a49fa4b)
)
(fp_poly (pts (xy -2 -7)
(xy -1 -7)
(xy -1 -6)
(xy -2 -6)
)
(layer F.SilkS)
(width 0)
(fill solid)
(tstamp 746c6126-1e15-4e94-98d0-3309c9713137)
)
(fp_poly (pts (xy -1 -7)
(xy -0.1 -7)
(xy -0.1 -6.9)
(xy 0 -6.9)
(xy 0 -6)
(xy -1 -6)
)
(layer F.SilkS)
(width 0)
(fill solid)
(tstamp 7bf74356-f9d6-44e0-80b7-40d10c86f10f)
)
(fp_poly (pts (xy 0 -6.9)
(xy 0.9 -6.9)
(xy 0.9 -6)
(xy 0 -6)
)
(layer F.SilkS)
(width 0)
(fill solid)
(tstamp e190158a-0333-4ea6-a8ef-791cb4555bba)
)
(fp_poly (pts (xy 1 -7)
(xy 2 -7)
(xy 2 -6)
(xy 1 -6)
)
(layer F.Cu)
(width 0)
(fill solid)
(tstamp 3d2615e9-fb02-4e17-a410-056f10d4ab91)
)
(fp_poly (pts (xy 1 -7)
(xy 2 -7)
(xy 2 -6)
(xy 1 -6)
)
(layer F.Mask)
(width 0)
(fill solid)
(tstamp 4abc830c-21eb-45bf-a3f7-e2453afcc398)
)
(fp_poly (pts (xy -10 -6)
(xy -9 -6)
(xy -9 -5)
(xy -10 -5)
)
(layer F.Cu)
(width 0)
(fill solid)
(tstamp e2673bb8-10a6-4920-83d2-44a0144bf9fe)
)
(fp_poly (pts (xy -10 -6)
(xy -9 -6)
(xy -9 -5)
(xy -10 -5)
)
(layer F.Mask)
(width 0)
(fill solid)
(tstamp 916090c4-602e-4cc9-a722-b729fac324b0)
)
(fp_poly (pts (xy -8.9 -5.9)
(xy -8 -5.9)
(xy -8 -5)
(xy -8.9 -5)
)
(layer F.SilkS)
(width 0)
(fill solid)
(tstamp 6d98003b-2f34-47dc-bbe9-c1539fa91afd)
)
(fp_poly (pts (xy -8 -5.9)
(xy -7.9 -5.9)
(xy -7.9 -6)
(xy -7.1 -6)
(xy -7.1 -5)
(xy -8 -5)
)
(layer F.SilkS)
(width 0)
(fill solid)
(tstamp 7f2169f6-1ae6-475e-b808-4d2df6fb1ffc)
)
(fp_poly (pts (xy -7 -6)
(xy -6 -6)
(xy -6 -5)
(xy -7 -5)
)
(layer F.Cu)
(width 0)
(fill solid)
(tstamp a5db2fd6-1878-4bcd-9118-543737ddf623)
)
(fp_poly (pts (xy -7 -6)
(xy -6 -6)
(xy -6 -5)
(xy -7 -5)
)
(layer F.Mask)
(width 0)
(fill solid)
(tstamp 2154a66d-af04-47d0-aeb4-be93906a4211)
)
(fp_poly (pts (xy -5.9 -6)
(xy -5 -6)
(xy -5 -5)
(xy -5.9 -5)
)
(layer F.SilkS)
(width 0)
(fill solid)
(tstamp 947549fb-b9c4-4fc0-ae76-3978e9862e40)
)
(fp_poly (pts (xy -5 -6)
(xy -4.1 -6)
(xy -4.1 -5)
(xy -5 -5)
)
(layer F.SilkS)
(width 0)
(fill solid)
(tstamp e4ae8634-c3c8-4444-b790-9302b0cf089d)
)
(fp_poly (pts (xy -4 -6)
(xy -3 -6)
(xy -3 -5)
(xy -4 -5)
)
(layer F.Cu)
(width 0)
(fill solid)
(tstamp 80a97548-e09d-4b1e-aa57-233976573317)
)
(fp_poly (pts (xy -4 -6)
(xy -3 -6)
(xy -3 -5)
(xy -4 -5)
)
(layer F.Mask)
(width 0)
(fill solid)
(tstamp 03aa41d8-a9ae-4523-8889-e8c7c7b21bf5)
)
(fp_poly (pts (xy -2.9 -6)
(xy -2 -6)
(xy -2 -5)
(xy -2.9 -5)
)
(layer F.SilkS)
(width 0)
(fill solid)
(tstamp eff30b88-c11f-48b7-ba20-7e07247392b7)
)
(fp_poly (pts (xy -2 -6)
(xy -1 -6)
(xy -1 -5)
(xy -2 -5)
)
(layer F.SilkS)
(width 0)
(fill solid)
(tstamp 4745c34f-3420-4fa2-b0a5-d3db48254c68)
)
(fp_poly (pts (xy -1 -6)
(xy 0 -6)
(xy 0 -5)
(xy -1 -5)
)
(layer F.SilkS)
(width 0)
(fill solid)
(tstamp 74bcdeab-429e-4762-916a-6231a26d9af9)
)
(fp_poly (pts (xy 0 -6)
(xy 0.9 -6)
(xy 0.9 -5)
(xy 0 -5)
)
(layer F.SilkS)
(width 0)
(fill solid)
(tstamp ec196dee-dae6-442a-91cb-3b4e5e6509ec)
)
(fp_poly (pts (xy 1 -6)
(xy 2 -6)
(xy 2 -5)
(xy 1 -5)
)
(layer F.Cu)
(width 0)
(fill solid)
(tstamp fea52e8c-e08b-49b9-a3ed-76599d8e7c85)
)
(fp_poly (pts (xy 1 -6)
(xy 2 -6)
(xy 2 -5)
(xy 1 -5)
)
(layer F.Mask)
(width 0)
(fill solid)
(tstamp f2d1c435-20ab-4a31-89ea-42cd7658ed12)
)
(fp_poly (pts (xy 2 -6)
(xy 3 -6)
(xy 3 -5)
(xy 2 -5)
)
(layer F.Cu)
(width 0)
(fill solid)
(tstamp c9bda790-3b4d-480d-a671-7c89005f4da1)
)
(fp_poly (pts (xy 2 -6)
(xy 3 -6)
(xy 3 -5)
(xy 2 -5)
)
(layer F.Mask)
(width 0)
(fill solid)
(tstamp fdfb6c0d-630a-4155-a5bf-17d03f966c22)
)
(fp_poly (pts (xy 8 -6)
(xy 9 -6)
(xy 9 -5)
(xy 8 -5)
)
(layer F.Cu)
(width 0)
(fill solid)
(tstamp 84847e0b-3d7c-450d-ad07-0253daeaed01)
)
(fp_poly (pts (xy 8 -6)
(xy 9 -6)
(xy 9 -5)
(xy 8 -5)
)
(layer F.Mask)
(width 0)
(fill solid)
(tstamp c429cc9f-0ba3-4d1a-86c6-2b4227523105)
)
(fp_poly (pts (xy -10 -5)
(xy -9 -5)
(xy -9 -4)
(xy -10 -4)
)
(layer F.Cu)
(width 0)
(fill solid)
(tstamp 4c3b7419-4d62-4793-bd20-ec3401c92edb)
)
(fp_poly (pts (xy -10 -5)
(xy -9 -5)
(xy -9 -4)
(xy -10 -4)
)
(layer F.Mask)
(width 0)
(fill solid)
(tstamp 0e2c2084-6b97-48e4-a61b-ce8315b6152c)
)
(fp_poly (pts (xy -8.9 -5)
(xy -8 -5)
(xy -8 -4)
(xy -8.9 -4)
)
(layer F.SilkS)
(width 0)
(fill solid)
(tstamp ef8ecaea-d6f1-410f-a46a-3f36a7e5e8a6)
)
(fp_poly (pts (xy -8 -5)
(xy -7.1 -5)
(xy -7.1 -4.9)
(xy -7 -4.9)
(xy -7 -4)
(xy -8 -4)
)
(layer F.SilkS)
(width 0)
(fill solid)
(tstamp 48f63780-f3b2-470e-807b-c4ea13ada5ea)
)
(fp_poly (pts (xy -7 -4.9)
(xy -6 -4.9)
(xy -6 -4.1)
(xy -6.1 -4.1)
(xy -6.1 -4)
(xy -7 -4)
)
(layer F.SilkS)
(width 0)
(fill solid)
(tstamp 4288d4d4-d97e-4f2e-8b65-234dca368993)
)
(fp_poly (pts (xy -6 -4.9)
(xy -5.9 -4.9)
(xy -5.9 -5)
(xy -5 -5)
(xy -5 -4.1)
(xy -6 -4.1)
)
(layer F.SilkS)
(width 0)
(fill solid)
(tstamp b21d6424-806e-4127-952a-b4b8be456af9)
)
(fp_poly (pts (xy -5 -5)
(xy -4.1 -5)
(xy -4.1 -4.9)
(xy -4 -4.9)
(xy -4 -4.1)
(xy -5 -4.1)
)
(layer F.SilkS)
(width 0)
(fill solid)
(tstamp 7131ee57-22c4-4035-a9d6-e4dd706056f6)
)
(fp_poly (pts (xy -4 -4.9)
(xy -3 -4.9)
(xy -3 -4)
(xy -3.9 -4)
(xy -3.9 -4.1)
(xy -4 -4.1)
)
(layer F.SilkS)
(width 0)
(fill solid)
(tstamp 6d23a7c3-5cfe-43a6-920f-f5199d90a79e)
)
(fp_poly (pts (xy -3 -4.9)
(xy -2.9 -4.9)
(xy -2.9 -5)
(xy -2 -5)
(xy -2 -4)
(xy -3 -4)
)
(layer F.SilkS)
(width 0)
(fill solid)
(tstamp 0615ad1a-0ddb-4ca8-ad1b-526a3e42e698)
)
(fp_poly (pts (xy -2 -5)
(xy -1 -5)
(xy -1 -4)
(xy -2 -4)
)
(layer F.SilkS)
(width 0)
(fill solid)
(tstamp fe7a9ae3-21bb-4bac-8e49-10adb5429328)
)
(fp_poly (pts (xy -1 -5)
(xy 0 -5)
(xy 0 -4)
(xy -1 -4)
)
(layer F.SilkS)
(width 0)
(fill solid)
(tstamp 50cbbe97-bc6b-4b68-87fb-701012bb96a0)
)
(fp_poly (pts (xy 0 -5)
(xy 0.9 -5)
(xy 0.9 -4.9)
(xy 1 -4.9)
(xy 1 -4)
(xy 0 -4)
)
(layer F.SilkS)
(width 0)
(fill solid)
(tstamp e2ac2988-c0f1-476a-a860-fe03ff0f6f30)
)
(fp_poly (pts (xy 1 -4.9)
(xy 2 -4.9)
(xy 2 -4)
(xy 1 -4)
)
(layer F.SilkS)
(width 0)
(fill solid)
(tstamp 53aa41a2-66ba-479f-b60e-36970d8c7170)
)
(fp_poly (pts (xy 2 -4.9)
(xy 2.9 -4.9)
(xy 2.9 -4)
(xy 2 -4)
)
(layer F.SilkS)
(width 0)
(fill solid)
(tstamp e767e7d8-dcbb-4f46-a46c-539505172067)
)
(fp_poly (pts (xy 3 -5)
(xy 4 -5)
(xy 4 -4)
(xy 3 -4)
)
(layer F.Cu)
(width 0)
(fill solid)
(tstamp aee2bba1-199d-4466-86f7-5cd881c0842c)
)
(fp_poly (pts (xy 3 -5)
(xy 4 -5)
(xy 4 -4)
(xy 3 -4)
)
(layer F.Mask)
(width 0)
(fill solid)
(tstamp 275617ee-7b3f-496b-a189-547f68c244b6)
)
(fp_poly (pts (xy 4 -5)
(xy 5 -5)
(xy 5 -4)
(xy 4 -4)
)
(layer F.Cu)
(width 0)
(fill solid)
(tstamp 5d4dedd6-aadf-4a31-9bb9-61600fdd5cd4)
)
(fp_poly (pts (xy 4 -5)
(xy 5 -5)
(xy 5 -4)
(xy 4 -4)
)
(layer F.Mask)
(width 0)
(fill solid)
(tstamp 227cbef1-a5e9-44cf-8793-559f0611451f)
)
(fp_poly (pts (xy 7 -5)
(xy 8 -5)
(xy 8 -4)
(xy 7 -4)
)
(layer F.Cu)
(width 0)
(fill solid)
(tstamp ceabf288-f595-4bee-b75c-c23f4c461a93)
)
(fp_poly (pts (xy 7 -5)
(xy 8 -5)
(xy 8 -4)
(xy 7 -4)
)
(layer F.Mask)
(width 0)
(fill solid)
(tstamp 8c7232ad-312a-47c4-b762-116c1ee49c13)
)
(fp_poly (pts (xy 8.1 -4.9)
(xy 8.9 -4.9)
(xy 8.9 -4)
(xy 8.1 -4)
)
(layer F.SilkS)
(width 0)
(fill solid)
(tstamp ecda5de6-6653-4905-8b02-fd500e7f8eee)
)
(fp_poly (pts (xy 9 -5)
(xy 10 -5)
(xy 10 -4)
(xy 9 -4)
)
(layer F.Cu)
(width 0)
(fill solid)
(tstamp 792f68f0-40f7-4703-80d0-5c8baaeaf3e8)
)
(fp_poly (pts (xy 9 -5)
(xy 10 -5)
(xy 10 -4)
(xy 9 -4)
)
(layer F.Mask)
(width 0)
(fill solid)
(tstamp a8246679-9a49-4f15-bb1e-bd94b06dacfc)
)
(fp_poly (pts (xy -10 -4)
(xy -9 -4)
(xy -9 -3)
(xy -10 -3)
)
(layer F.Cu)
(width 0)
(fill solid)
(tstamp f95b96f3-5845-40c2-9496-61db616b581e)
)
(fp_poly (pts (xy -10 -4)
(xy -9 -4)
(xy -9 -3)
(xy -10 -3)
)
(layer F.Mask)
(width 0)
(fill solid)
(tstamp 4e0f34f8-3ac3-42b7-bd2c-0d45a3630be5)
)
(fp_poly (pts (xy -8.9 -4)
(xy -8 -4)
(xy -8 -3.1)
(xy -8.1 -3.1)
(xy -8.1 -3)
(xy -8.9 -3)
)
(layer F.SilkS)
(width 0)
(fill solid)
(tstamp 8ffdeb2a-dea4-4d1c-be7c-f053af405032)
)
(fp_poly (pts (xy -8 -4)
(xy -7 -4)
(xy -7 -3.1)
(xy -8 -3.1)
)
(layer F.SilkS)
(width 0)
(fill solid)
(tstamp 26d26303-d43a-46ee-9392-173b18d933bb)
)
(fp_poly (pts (xy -7 -4)
(xy -6.1 -4)
(xy -6.1 -3)
(xy -6.9 -3)
(xy -6.9 -3.1)
(xy -7 -3.1)
)
(layer F.SilkS)
(width 0)
(fill solid)
(tstamp 8e4c5c5d-3e8e-47eb-b62e-fb8dabe0c6c4)
)
(fp_poly (pts (xy -6 -4)
(xy -5 -4)
(xy -5 -3)
(xy -6 -3)
)
(layer F.Cu)
(width 0)
(fill solid)
(tstamp 1b7591d3-5145-4bde-aa24-58e27d472670)
)
(fp_poly (pts (xy -6 -4)
(xy -5 -4)
(xy -5 -3)
(xy -6 -3)
)
(layer F.Mask)
(width 0)
(fill solid)
(tstamp b840ac37-250d-46ba-b691-f2274045db07)
)
(fp_poly (pts (xy -5 -4)
(xy -4 -4)
(xy -4 -3)
(xy -5 -3)
)
(layer F.Cu)
(width 0)
(fill solid)
(tstamp 208b196c-fd8b-41f3-9bc2-ddb5d1afd6b7)
)
(fp_poly (pts (xy -5 -4)
(xy -4 -4)
(xy -4 -3)
(xy -5 -3)
)
(layer F.Mask)
(width 0)
(fill solid)
(tstamp 32cc0538-1e76-4310-bc3a-81c6b1b5fce3)
)
(fp_poly (pts (xy -3.9 -4)
(xy -3 -4)
(xy -3 -3.1)
(xy -3.1 -3.1)
(xy -3.1 -3)
(xy -3.9 -3)
)
(layer F.SilkS)
(width 0)
(fill solid)
(tstamp a5e88dba-b690-4537-a055-926898c1a2f4)
)
(fp_poly (pts (xy -3 -4)
(xy -2 -4)
(xy -2 -3.1)
(xy -3 -3.1)
)
(layer F.SilkS)
(width 0)
(fill solid)
(tstamp b0c06991-ce81-4455-b09f-d387e820cdc2)
)
(fp_poly (pts (xy -2 -4)
(xy -1 -4)
(xy -1 -3)
(xy -1.9 -3)
(xy -1.9 -3.1)
(xy -2 -3.1)
)
(layer F.SilkS)
(width 0)
(fill solid)
(tstamp eb530573-fa2a-4052-a500-d13a7230b3b3)
)
(fp_poly (pts (xy -1 -4)
(xy 0 -4)
(xy 0 -3)
(xy -1 -3)
)
(layer F.SilkS)
(width 0)
(fill solid)
(tstamp f77eb393-c8d6-47c9-a727-546eccc5f6c8)
)
(fp_poly (pts (xy 0 -4)
(xy 1 -4)
(xy 1 -3)
(xy 0 -3)
)
(layer F.SilkS)
(width 0)
(fill solid)
(tstamp 9539b9f3-9b3e-4e5b-a437-7f7a48491aa7)
)
(fp_poly (pts (xy 1 -4)
(xy 2 -4)
(xy 2 -3)
(xy 1 -3)
)
(layer F.SilkS)
(width 0)
(fill solid)
(tstamp 2c168400-7e7a-4da7-a2e6-886842e25565)
)
(fp_poly (pts (xy 2 -4)
(xy 2.9 -4)
(xy 2.9 -3.9)
(xy 3 -3.9)
(xy 3 -3)
(xy 2 -3)
)
(layer F.SilkS)
(width 0)
(fill solid)
(tstamp 359d6e62-f96a-4f71-a768-9042dc0d6ebf)
)
(fp_poly (pts (xy 3 -3.9)
(xy 4 -3.9)
(xy 4 -3)
(xy 3 -3)
)
(layer F.SilkS)
(width 0)
(fill solid)
(tstamp 682033f0-1296-4cd0-84a9-0c94c9aa246a)
)
(fp_poly (pts (xy 4 -3.9)
(xy 4.9 -3.9)
(xy 4.9 -3)
(xy 4 -3)
)
(layer F.SilkS)
(width 0)
(fill solid)
(tstamp a954f61e-b7ac-4827-93ac-188f42defcc9)
)
(fp_poly (pts (xy 5 -4)
(xy 6 -4)
(xy 6 -3)
(xy 5 -3)
)
(layer F.Cu)
(width 0)
(fill solid)
(tstamp fde091f7-c72e-4b59-9d1e-eedace9a580d)
)
(fp_poly (pts (xy 5 -4)
(xy 6 -4)
(xy 6 -3)
(xy 5 -3)
)
(layer F.Mask)
(width 0)
(fill solid)
(tstamp 0329d801-64c5-4c5e-86f3-9e4b3fbb79c4)
)
(fp_poly (pts (xy 6 -4)
(xy 7 -4)
(xy 7 -3)
(xy 6 -3)
)
(layer F.Cu)
(width 0)
(fill solid)
(tstamp 45aa1a92-0be1-47d4-a5d3-f74d26ce4623)
)
(fp_poly (pts (xy 6 -4)
(xy 7 -4)
(xy 7 -3)
(xy 6 -3)
)
(layer F.Mask)
(width 0)
(fill solid)
(tstamp 0830806d-83bb-46fb-8a55-91442d6e61a0)
)
(fp_poly (pts (xy 7 -4)
(xy 8 -4)
(xy 8 -3)
(xy 7 -3)
)
(layer F.Cu)
(width 0)
(fill solid)
(tstamp af040e9e-e25c-4bdb-b551-f35e4e71af6f)
)
(fp_poly (pts (xy 7 -4)
(xy 8 -4)
(xy 8 -3)
(xy 7 -3)
)
(layer F.Mask)
(width 0)
(fill solid)
(tstamp a37a9dd0-c1a3-4197-897d-8d0f34d6d3f7)
)
(fp_poly (pts (xy 8.1 -4)
(xy 8.9 -4)
(xy 8.9 -3)
(xy 8.1 -3)
)
(layer F.SilkS)
(width 0)
(fill solid)
(tstamp 74cc86cc-5658-4ce2-a977-f399a401fe11)
)
(fp_poly (pts (xy 9 -4)
(xy 10 -4)
(xy 10 -3)
(xy 9 -3)
)
(layer F.Cu)
(width 0)
(fill solid)
(tstamp eb1bac30-f6d5-4ad7-bb61-4b6b0eee3e8e)
)
(fp_poly (pts (xy 9 -4)
(xy 10 -4)
(xy 10 -3)
(xy 9 -3)
)
(layer F.Mask)
(width 0)
(fill solid)
(tstamp e17f475e-12df-41c3-80c3-4742116bfcd9)
)
(fp_poly (pts (xy -10 -3)
(xy -9 -3)
(xy -9 -2)
(xy -10 -2)
)
(layer F.Cu)
(width 0)
(fill solid)
(tstamp f04a90ae-b41c-4311-ac0a-19157da4b311)
)
(fp_poly (pts (xy -10 -3)
(xy -9 -3)
(xy -9 -2)
(xy -10 -2)
)
(layer F.Mask)
(width 0)
(fill solid)
(tstamp 14e70f98-f065-4729-91b4-f0c70836e4db)
)
(fp_poly (pts (xy -8.9 -3)
(xy -8.1 -3)
(xy -8.1 -2)
(xy -8.9 -2)
)
(layer F.SilkS)
(width 0)
(fill solid)
(tstamp d03ec362-8700-4f80-aacf-e43587aa15b7)
)
(fp_poly (pts (xy -8 -3)
(xy -7 -3)
(xy -7 -2)
(xy -8 -2)
)
(layer F.Cu)
(width 0)
(fill solid)
(tstamp b801f5df-d92b-4bf7-ae1f-9b41ccb218c8)
)
(fp_poly (pts (xy -8 -3)
(xy -7 -3)
(xy -7 -2)
(xy -8 -2)
)
(layer F.Mask)
(width 0)
(fill solid)
(tstamp 75056da0-e73a-4ca7-b96b-f959b43f4c54)
)
(fp_poly (pts (xy -6.9 -3)
(xy -6.1 -3)
(xy -6.1 -2.1)
(xy -6.9 -2.1)
)
(layer F.SilkS)
(width 0)
(fill solid)
(tstamp 8876e377-1500-4e8e-bcb5-256794294e96)
)
(fp_poly (pts (xy -6 -3)
(xy -5 -3)
(xy -5 -2)
(xy -6 -2)
)
(layer F.Cu)
(width 0)
(fill solid)
(tstamp 446ea9c7-16b8-422d-a3ef-aade3054274a)
)
(fp_poly (pts (xy -6 -3)
(xy -5 -3)
(xy -5 -2)
(xy -6 -2)
)
(layer F.Mask)
(width 0)
(fill solid)
(tstamp 04a9aad8-a194-4532-aa92-355549557e9c)
)
(fp_poly (pts (xy -4.9 -2.9)
(xy -4 -2.9)
(xy -4 -2.1)
(xy -4.9 -2.1)
)
(layer F.SilkS)
(width 0)
(fill solid)
(tstamp 7ced63b2-4e5a-4f04-9030-709a18637f32)
)
(fp_poly (pts (xy -4 -2.9)
(xy -3.9 -2.9)
(xy -3.9 -3)
(xy -3.1 -3)
(xy -3.1 -2.1)
(xy -4 -2.1)
)
(layer F.SilkS)
(width 0)
(fill solid)
(tstamp f0d5dec3-67a2-4052-994b-90dd1affafe2)
)
(fp_poly (pts (xy -3 -3)
(xy -2 -3)
(xy -2 -2)
(xy -3 -2)
)
(layer F.Cu)
(width 0)
(fill solid)
(tstamp 8eed486b-f10e-4062-ad6a-7c23dba14766)
)
(fp_poly (pts (xy -3 -3)
(xy -2 -3)
(xy -2 -2)
(xy -3 -2)
)
(layer F.Mask)
(width 0)
(fill solid)
(tstamp 65fed2a2-4f45-42e5-8c7c-5727c7f65b50)
)
(fp_poly (pts (xy -1.9 -3)
(xy -1 -3)
(xy -1 -2)
(xy -1.9 -2)
)
(layer F.SilkS)
(width 0)
(fill solid)
(tstamp b9f9ea04-3fc4-45c7-b335-26c29c8df55e)
)
(fp_poly (pts (xy -1 -3)
(xy 0 -3)
(xy 0 -2)
(xy -1 -2)
)
(layer F.SilkS)
(width 0)
(fill solid)
(tstamp 1efc0b1a-5941-452a-8891-33b122712b8f)
)
(fp_poly (pts (xy 0 -3)
(xy 1 -3)
(xy 1 -2)
(xy 0 -2)
)
(layer F.SilkS)
(width 0)
(fill solid)
(tstamp a06009f6-a572-4e27-99a2-e97ff512bfe8)
)
(fp_poly (pts (xy 1 -3)
(xy 2 -3)
(xy 2 -2)
(xy 1 -2)
)
(layer F.SilkS)
(width 0)
(fill solid)
(tstamp a5cb14fd-e42f-4e92-976b-a830fd45d20b)
)
(fp_poly (pts (xy 2 -3)
(xy 3 -3)
(xy 3 -2)
(xy 2 -2)
)
(layer F.SilkS)
(width 0)
(fill solid)
(tstamp 34278c66-50b7-4dc2-bdec-eff5f8af2de7)
)
(fp_poly (pts (xy 3 -3)
(xy 4 -3)
(xy 4 -2)
(xy 3 -2)
)
(layer F.SilkS)
(width 0)
(fill solid)
(tstamp 7b9cf988-97c4-4750-bcd9-eace67a66f18)
)
(fp_poly (pts (xy 4 -3)
(xy 4.9 -3)
(xy 4.9 -2.9)
(xy 5 -2.9)
(xy 5 -2)
(xy 4 -2)
)
(layer F.SilkS)
(width 0)
(fill solid)
(tstamp cfdf6de7-0d63-4048-bb71-84b589eed770)
)
(fp_poly (pts (xy 5 -2.9)
(xy 6 -2.9)
(xy 6 -2)
(xy 5 -2)
)
(layer F.SilkS)
(width 0)
(fill solid)
(tstamp 28b289b0-1ad3-4a03-a84b-3b432bee5c87)
)
(fp_poly (pts (xy 6 -2.9)
(xy 7 -2.9)
(xy 7 -2)
(xy 6 -2)
)
(layer F.SilkS)
(width 0)
(fill solid)
(tstamp 8e090ff6-4d92-4cf3-b465-004e53db3efe)
)
(fp_poly (pts (xy 7 -2.9)
(xy 8 -2.9)
(xy 8 -2)
(xy 7 -2)
)
(layer F.SilkS)
(width 0)
(fill solid)
(tstamp 452a6ed8-f19a-49ea-a6dd-f8ea8b32c9b8)
)
(fp_poly (pts (xy 8 -2.9)
(xy 8.1 -2.9)
(xy 8.1 -3)
(xy 8.9 -3)
(xy 8.9 -2)
(xy 8 -2)
)
(layer F.SilkS)
(width 0)
(fill solid)
(tstamp c98b21f9-37a2-4a1d-b051-0537a17686be)
)
(fp_poly (pts (xy 9 -3)
(xy 10 -3)
(xy 10 -2)
(xy 9 -2)
)
(layer F.Cu)
(width 0)
(fill solid)
(tstamp 68e214d1-aa29-47f3-b4f1-0c8eedf60df8)
)
(fp_poly (pts (xy 9 -3)
(xy 10 -3)
(xy 10 -2)
(xy 9 -2)
)
(layer F.Mask)
(width 0)
(fill solid)
(tstamp 0864d377-bcbb-40c4-a63a-a561bdd99cfa)
)
(fp_poly (pts (xy -10 -2)
(xy -9 -2)
(xy -9 -1)
(xy -10 -1)
)
(layer F.Cu)
(width 0)
(fill solid)
(tstamp fd079aab-53a6-4ead-a96d-30705fe5fe6c)
)
(fp_poly (pts (xy -10 -2)
(xy -9 -2)
(xy -9 -1)
(xy -10 -1)
)
(layer F.Mask)
(width 0)
(fill solid)
(tstamp ac6e46d4-5cab-4c8b-8660-daf953453385)
)
(fp_poly (pts (xy -8.9 -2)
(xy -8.1 -2)
(xy -8.1 -1.9)
(xy -8 -1.9)
(xy -8 -1)
(xy -8.9 -1)
)
(layer F.SilkS)
(width 0)
(fill solid)
(tstamp 423befb0-68a7-45c3-8258-3e878dd9be8a)
)
(fp_poly (pts (xy -8 -1.9)
(xy -7.1 -1.9)
(xy -7.1 -1)
(xy -8 -1)
)
(layer F.SilkS)
(width 0)
(fill solid)
(tstamp db7177bf-a844-4b2c-9827-65d24ad30262)
)
(fp_poly (pts (xy -7 -2)
(xy -6 -2)
(xy -6 -1)
(xy -7 -1)
)
(layer F.Cu)
(width 0)
(fill solid)
(tstamp b75c600e-e909-45ca-8816-2ef6ff1959e0)
)
(fp_poly (pts (xy -7 -2)
(xy -6 -2)
(xy -6 -1)
(xy -7 -1)
)
(layer F.Mask)
(width 0)
(fill solid)
(tstamp 178e9ee4-758e-4292-9148-11d488f9f334)
)
(fp_poly (pts (xy -6 -2)
(xy -5 -2)
(xy -5 -1)
(xy -6 -1)
)
(layer F.Cu)
(width 0)
(fill solid)
(tstamp 14298bd3-c650-4620-b965-a5cea5c6a1be)
)
(fp_poly (pts (xy -6 -2)
(xy -5 -2)
(xy -5 -1)
(xy -6 -1)
)
(layer F.Mask)
(width 0)
(fill solid)
(tstamp 98bf055c-a465-44d2-89d9-8d3f07bfd2a9)
)
(fp_poly (pts (xy -5 -2)
(xy -4 -2)
(xy -4 -1)
(xy -5 -1)
)
(layer F.Cu)
(width 0)
(fill solid)
(tstamp 3e84d56c-4870-480c-ad74-2e4f0776bc06)
)
(fp_poly (pts (xy -5 -2)
(xy -4 -2)
(xy -4 -1)
(xy -5 -1)
)
(layer F.Mask)
(width 0)
(fill solid)
(tstamp 35192a25-bed2-4970-9461-bb84b1fbee7d)
)
(fp_poly (pts (xy -4 -2)
(xy -3 -2)
(xy -3 -1)
(xy -4 -1)
)
(layer F.Cu)
(width 0)
(fill solid)
(tstamp 9adb6ebf-b09b-4e07-83fe-506dc2d3b4ea)
)
(fp_poly (pts (xy -4 -2)
(xy -3 -2)
(xy -3 -1)
(xy -4 -1)
)
(layer F.Mask)
(width 0)
(fill solid)
(tstamp fe768d3e-9691-4f1e-9273-d7a316abbb73)
)
(fp_poly (pts (xy -2.9 -1.9)
(xy -2 -1.9)
(xy -2 -1)
(xy -2.9 -1)
)
(layer F.SilkS)
(width 0)
(fill solid)
(tstamp d8745176-eb09-4329-8f59-5d8ea00fb34f)
)
(fp_poly (pts (xy -2 -1.9)
(xy -1.9 -1.9)
(xy -1.9 -2)
(xy -1 -2)
(xy -1 -1)
(xy -2 -1)
)
(layer F.SilkS)
(width 0)
(fill solid)
(tstamp 48434a64-a8ce-4668-b8a4-9996aea861a5)
)
(fp_poly (pts (xy -1 -2)
(xy 0 -2)
(xy 0 -1)
(xy -1 -1)
)
(layer F.SilkS)
(width 0)
(fill solid)
(tstamp 1908384f-6387-4f00-896a-627bb43b51fc)
)
(fp_poly (pts (xy 0 -2)
(xy 1 -2)
(xy 1 -1)
(xy 0 -1)
)
(layer F.SilkS)
(width 0)
(fill solid)
(tstamp b97edce7-4bc5-43ff-a9f7-95916d5abae4)
)
(fp_poly (pts (xy 1 -2)
(xy 2 -2)
(xy 2 -1)
(xy 1 -1)
)
(layer F.SilkS)
(width 0)
(fill solid)
(tstamp ae6aa6e0-e4cb-4b9e-8cef-7cdd7bb2a3cf)
)
(fp_poly (pts (xy 2 -2)
(xy 3 -2)
(xy 3 -1)
(xy 2 -1)
)
(layer F.SilkS)
(width 0)
(fill solid)
(tstamp b05efc58-fc99-4480-aedc-280043e9eabf)
)
(fp_poly (pts (xy 3 -2)
(xy 4 -2)
(xy 4 -1)
(xy 3 -1)
)
(layer F.SilkS)
(width 0)
(fill solid)
(tstamp 49fb9ba6-1b6b-4bc3-ae05-3c3f09494b28)
)
(fp_poly (pts (xy 4 -2)
(xy 5 -2)
(xy 5 -1)
(xy 4 -1)
)
(layer F.SilkS)
(width 0)
(fill solid)
(tstamp 3e505b69-6cc8-4de0-a346-07bc83730ba8)
)
(fp_poly (pts (xy 5 -2)
(xy 6 -2)
(xy 6 -1)
(xy 5 -1)
)
(layer F.SilkS)
(width 0)
(fill solid)
(tstamp 5415e038-93dc-4e08-9fe3-340f0a4cf683)
)
(fp_poly (pts (xy 6 -2)
(xy 7 -2)
(xy 7 -1)
(xy 6 -1)
)
(layer F.SilkS)
(width 0)
(fill solid)
(tstamp 139e1ab8-cb10-42a7-9af2-a382e21cbcc8)
)
(fp_poly (pts (xy 7 -2)
(xy 8 -2)
(xy 8 -1)
(xy 7 -1)
)
(layer F.SilkS)
(width 0)
(fill solid)
(tstamp e9ad3182-f6c1-464e-9c03-06feabb7d1e5)
)
(fp_poly (pts (xy 8 -2)
(xy 8.9 -2)
(xy 8.9 -1)
(xy 8 -1)
)
(layer F.SilkS)
(width 0)
(fill solid)
(tstamp a289ce81-709f-4495-b907-f3435efe1a5b)
)
(fp_poly (pts (xy 9 -2)
(xy 10 -2)
(xy 10 -1)
(xy 9 -1)
)
(layer F.Cu)
(width 0)
(fill solid)
(tstamp 2cd0a55a-2417-4fbb-a091-e0e7e8516bd8)
)
(fp_poly (pts (xy 9 -2)
(xy 10 -2)
(xy 10 -1)
(xy 9 -1)
)
(layer F.Mask)
(width 0)
(fill solid)
(tstamp 56af17de-e0ab-416b-bd5d-63c75685c574)
)
(fp_poly (pts (xy -10 -1)
(xy -9 -1)
(xy -9 0)
(xy -10 0)
)
(layer F.Cu)
(width 0)
(fill solid)
(tstamp 9527f452-e13b-4750-aeb6-93ce37930ce6)
)
(fp_poly (pts (xy -10 -1)
(xy -9 -1)
(xy -9 0)
(xy -10 0)
)
(layer F.Mask)
(width 0)
(fill solid)
(tstamp cb7fb7b2-5a0d-4fb8-8ded-c7f657c9dd12)
)
(fp_poly (pts (xy -8.9 -1)
(xy -8 -1)
(xy -8 0)
(xy -8.9 0)
)
(layer F.SilkS)
(width 0)
(fill solid)
(tstamp b08e7cbc-9561-4061-9702-5bfc7f09a579)
)
(fp_poly (pts (xy -8 -1)
(xy -7.1 -1)
(xy -7.1 -0.9)
(xy -7 -0.9)
(xy -7 0)
(xy -8 0)
)
(layer F.SilkS)
(width 0)
(fill solid)
(tstamp 2108b638-9872-4aba-8f47-096bc61f7445)
)
(fp_poly (pts (xy -7 -0.9)
(xy -6 -0.9)
(xy -6 0)
(xy -7 0)
)
(layer F.SilkS)
(width 0)
(fill solid)
(tstamp 91952cbb-c222-46a4-97bb-0430c3a52856)
)
(fp_poly (pts (xy -6 -0.9)
(xy -5 -0.9)
(xy -5 0)
(xy -6 0)
)
(layer F.SilkS)
(width 0)
(fill solid)
(tstamp f301ac2d-e58f-4858-978d-545846f276fc)
)
(fp_poly (pts (xy -5 -0.9)
(xy -4 -0.9)
(xy -4 0)
(xy -5 0)
)
(layer F.SilkS)
(width 0)
(fill solid)
(tstamp bd3046b0-a093-4918-b221-f319b2b2d2b3)
)
(fp_poly (pts (xy -4 -0.9)
(xy -3 -0.9)
(xy -3 0)
(xy -4 0)
)
(layer F.SilkS)
(width 0)
(fill solid)
(tstamp 978a8c04-1997-47d6-9d94-2de938a75dc2)
)
(fp_poly (pts (xy -3 -0.9)
(xy -2.9 -0.9)
(xy -2.9 -1)
(xy -2 -1)
(xy -2 0)
(xy -3 0)
)
(layer F.SilkS)
(width 0)
(fill solid)
(tstamp 8067b11b-9242-439a-8b1e-d8b4243e8aff)
)
(fp_poly (pts (xy -2 -1)
(xy -1 -1)
(xy -1 0)
(xy -2 0)
)
(layer F.SilkS)
(width 0)
(fill solid)
(tstamp fa9ff7e4-0d84-4716-90d0-725bf359c551)
)
(fp_poly (pts (xy -1 -1)
(xy 0 -1)
(xy 0 0)
(xy -1 0)
)
(layer F.SilkS)
(width 0)
(fill solid)
(tstamp be2cba31-dcf1-4884-bf3a-681801300aa8)
)
(fp_poly (pts (xy 0 -1)
(xy 1 -1)
(xy 1 0)
(xy 0 0)
)
(layer F.SilkS)
(width 0)
(fill solid)
(tstamp f8cb6007-b0ef-4a60-bf44-e334d221c001)
)
(fp_poly (pts (xy 1 -1)
(xy 2 -1)
(xy 2 0)
(xy 1 0)
)
(layer F.SilkS)
(width 0)
(fill solid)
(tstamp b7cd8642-23be-42ed-9b94-e708610cc437)
)
(fp_poly (pts (xy 2 -1)
(xy 3 -1)
(xy 3 0)
(xy 2 0)
)
(layer F.SilkS)
(width 0)
(fill solid)
(tstamp 83173780-bfad-455d-82c7-e0e532eeb820)
)
(fp_poly (pts (xy 3 -1)
(xy 4 -1)
(xy 4 0)
(xy 3 0)
)
(layer F.SilkS)
(width 0)
(fill solid)
(tstamp f926301f-f78c-4ee3-8f81-b1137fc835ee)
)
(fp_poly (pts (xy 4 -1)
(xy 5 -1)
(xy 5 0)
(xy 4 0)
)
(layer F.SilkS)
(width 0)
(fill solid)
(tstamp 2f62cf3c-79d1-4c28-bd1b-bf6991f608a4)
)
(fp_poly (pts (xy 5 -1)
(xy 6 -1)
(xy 6 0)
(xy 5 0)
)
(layer F.SilkS)
(width 0)
(fill solid)
(tstamp fc8f685f-b2a6-4106-a231-dc1ef7d173ab)
)
(fp_poly (pts (xy 6 -1)
(xy 7 -1)
(xy 7 0)
(xy 6 0)
)
(layer F.SilkS)
(width 0)
(fill solid)
(tstamp e76e107d-2552-4970-875f-a8517fd9b0d0)
)
(fp_poly (pts (xy 7 -1)
(xy 8 -1)
(xy 8 0)
(xy 7 0)
)
(layer F.SilkS)
(width 0)
(fill solid)
(tstamp 045c402a-b9c9-45ae-b9cc-e0fe29c8064e)
)
(fp_poly (pts (xy 8 -1)
(xy 8.9 -1)
(xy 8.9 0)
(xy 8 0)
)
(layer F.SilkS)
(width 0)
(fill solid)
(tstamp e6fa0430-f531-4005-a839-570d03226179)
)
(fp_poly (pts (xy 9 -1)
(xy 10 -1)
(xy 10 0)
(xy 9 0)
)
(layer F.Cu)
(width 0)
(fill solid)
(tstamp d8241e04-729d-4d8c-b341-62290c9bd6f4)
)
(fp_poly (pts (xy 9 -1)
(xy 10 -1)
(xy 10 0)
(xy 9 0)
)
(layer F.Mask)
(width 0)
(fill solid)
(tstamp 18b9e32b-06d9-49f8-8c7d-c8832bb9cd82)
)
(fp_poly (pts (xy -10 0)
(xy -9 0)
(xy -9 1)
(xy -10 1)
)
(layer F.Cu)
(width 0)
(fill solid)
(tstamp 8d28ddab-426e-4774-9515-6683ff9bb595)
)
(fp_poly (pts (xy -10 0)
(xy -9 0)
(xy -9 1)
(xy -10 1)
)
(layer F.Mask)
(width 0)
(fill solid)
(tstamp 18f8d4e5-cdf8-4060-bdaa-3fa4bf4b1f9b)
)
(fp_poly (pts (xy -8.9 0)
(xy -8 0)
(xy -8 1)
(xy -8.9 1)
)
(layer F.SilkS)
(width 0)
(fill solid)
(tstamp 5ae27a3e-6804-4d84-8f5f-eb24e8d2d8d8)
)
(fp_poly (pts (xy -8 0)
(xy -7 0)
(xy -7 1)
(xy -8 1)
)
(layer F.SilkS)
(width 0)
(fill solid)
(tstamp 828d3b37-4851-4525-bd57-a74f587f9936)
)
(fp_poly (pts (xy -7 0)
(xy -6 0)
(xy -6 1)
(xy -7 1)
)
(layer F.SilkS)
(width 0)
(fill solid)
(tstamp 6352e197-ce88-4378-add1-036e41f5ac58)
)
(fp_poly (pts (xy -6 0)
(xy -5 0)
(xy -5 1)
(xy -6 1)
)
(layer F.SilkS)
(width 0)
(fill solid)
(tstamp a7f487ae-1c1a-44da-a583-9b00aba8f7de)
)
(fp_poly (pts (xy -5 0)
(xy -4 0)
(xy -4 1)
(xy -5 1)
)
(layer F.SilkS)
(width 0)
(fill solid)
(tstamp beec185e-c8a7-414c-967a-a13ac8c1c4ad)
)
(fp_poly (pts (xy -4 0)
(xy -3 0)
(xy -3 1)
(xy -4 1)
)
(layer F.SilkS)
(width 0)
(fill solid)
(tstamp 903491da-ae9c-4e97-9179-a2a05a70f600)
)
(fp_poly (pts (xy -3 0)
(xy -2 0)
(xy -2 1)
(xy -3 1)
)
(layer F.SilkS)
(width 0)
(fill solid)
(tstamp 75af6b92-4972-47ee-86b9-095d39c32204)
)
(fp_poly (pts (xy -2 0)
(xy -1 0)
(xy -1 1)
(xy -2 1)
)
(layer F.SilkS)
(width 0)
(fill solid)
(tstamp 17c9bf99-1e95-4169-849c-8a9950390631)
)
(fp_poly (pts (xy -1 0)
(xy 0 0)
(xy 0 1)
(xy -1 1)
)
(layer F.SilkS)
(width 0)
(fill solid)
(tstamp 7e31b3b8-80cb-4d63-9c1f-67404a1baf62)
)
(fp_poly (pts (xy 0 0)
(xy 1 0)
(xy 1 1)
(xy 0 1)
)
(layer F.SilkS)
(width 0)
(fill solid)
(tstamp afccbd2a-c391-4c3f-877e-cb463b79beef)
)
(fp_poly (pts (xy 1 0)
(xy 2 0)
(xy 2 1)
(xy 1 1)
)
(layer F.SilkS)
(width 0)
(fill solid)
(tstamp 3be7b7ce-dc71-44c2-b78e-5c4733561367)
)
(fp_poly (pts (xy 2 0)
(xy 3 0)
(xy 3 1)
(xy 2 1)
)
(layer F.SilkS)
(width 0)
(fill solid)
(tstamp 76303183-e1e1-4601-aca5-66813e474377)
)
(fp_poly (pts (xy 3 0)
(xy 4 0)
(xy 4 1)
(xy 3 1)
)
(layer F.SilkS)
(width 0)
(fill solid)
(tstamp 313c3b4c-ca72-4789-bfed-db89a929ea9e)
)
(fp_poly (pts (xy 4 0)
(xy 5 0)
(xy 5 1)
(xy 4 1)
)
(layer F.SilkS)
(width 0)
(fill solid)
(tstamp c7fee5e4-3707-49f0-a030-e58cb0274c10)
)
(fp_poly (pts (xy 5 0)
(xy 6 0)
(xy 6 1)
(xy 5 1)
)
(layer F.SilkS)
(width 0)
(fill solid)
(tstamp f60cb73f-0179-4f53-9a54-55517c7f2987)
)
(fp_poly (pts (xy 6 0)
(xy 7 0)
(xy 7 1)
(xy 6 1)
)
(layer F.SilkS)
(width 0)
(fill solid)
(tstamp 67c7561b-687f-4453-ad64-8a73270fde82)
)
(fp_poly (pts (xy 7 0)
(xy 8 0)
(xy 8 1)
(xy 7 1)
)
(layer F.SilkS)
(width 0)
(fill solid)
(tstamp 29b5ff81-10bd-4e75-998b-4b72c8564d90)
)
(fp_poly (pts (xy 8 0)
(xy 8.9 0)
(xy 8.9 1)
(xy 8 1)
)
(layer F.SilkS)
(width 0)
(fill solid)
(tstamp ed01702a-e028-4eec-804d-38d2e46dd3da)
)
(fp_poly (pts (xy 9 0)
(xy 10 0)
(xy 10 1)
(xy 9 1)
)
(layer F.Cu)
(width 0)
(fill solid)
(tstamp e6e66c92-eeb1-4f16-a7d1-2d5e6acaeb59)
)
(fp_poly (pts (xy 9 0)
(xy 10 0)
(xy 10 1)
(xy 9 1)
)
(layer F.Mask)
(width 0)
(fill solid)
(tstamp 365966bb-c854-4549-9662-ff32d61a3fce)
)
(fp_poly (pts (xy -10 1)
(xy -9 1)
(xy -9 2)
(xy -10 2)
)
(layer F.Cu)
(width 0)
(fill solid)
(tstamp 191094a4-eaa5-42d4-9f34-b106f9473b71)
)
(fp_poly (pts (xy -10 1)
(xy -9 1)
(xy -9 2)
(xy -10 2)
)
(layer F.Mask)
(width 0)
(fill solid)
(tstamp 49d21139-a3fc-4c9e-a40b-e1b6165df993)
)
(fp_poly (pts (xy -8.9 1)
(xy -8 1)
(xy -8 2)
(xy -8.9 2)
)
(layer F.SilkS)
(width 0)
(fill solid)
(tstamp 37626e79-bd45-4bcb-bef1-3607608e6b3f)
)
(fp_poly (pts (xy -8 1)
(xy -7 1)
(xy -7 2)
(xy -8 2)
)
(layer F.SilkS)
(width 0)
(fill solid)
(tstamp 691daa82-2aa4-4559-94b7-b9695efdbb20)
)
(fp_poly (pts (xy -7 1)
(xy -6 1)
(xy -6 2)
(xy -7 2)
)
(layer F.SilkS)
(width 0)
(fill solid)
(tstamp 15924885-3440-415f-9fa5-4ef449e166cc)
)
(fp_poly (pts (xy -6 1)
(xy -5 1)
(xy -5 2)
(xy -6 2)
)
(layer F.SilkS)
(width 0)
(fill solid)
(tstamp d0511a86-d560-40b6-9f2a-6629e233c99e)
)
(fp_poly (pts (xy -5 1)
(xy -4 1)
(xy -4 2)
(xy -5 2)
)
(layer F.SilkS)
(width 0)
(fill solid)
(tstamp c7a81f00-d434-4587-a694-c03c0d3cdc91)
)
(fp_poly (pts (xy -4 1)
(xy -3 1)
(xy -3 2)
(xy -4 2)
)
(layer F.SilkS)
(width 0)
(fill solid)
(tstamp 91992d9b-e8d2-466d-a4e1-a1f42e696ebf)
)
(fp_poly (pts (xy -3 1)
(xy -2 1)
(xy -2 2)
(xy -3 2)
)
(layer F.SilkS)
(width 0)
(fill solid)
(tstamp f7218c7c-9d91-4757-ad66-c60098f32cd8)
)
(fp_poly (pts (xy -2 1)
(xy -1 1)
(xy -1 2)
(xy -2 2)
)
(layer F.SilkS)
(width 0)
(fill solid)
(tstamp 58016a93-7fe9-40b8-b42b-888ccdcb6c58)
)
(fp_poly (pts (xy -1 1)
(xy 0 1)
(xy 0 2)
(xy -1 2)
)
(layer F.SilkS)
(width 0)
(fill solid)
(tstamp a6f0b7ea-1b4f-4e7a-ad49-684c217c421a)
)
(fp_poly (pts (xy 0 1)
(xy 1 1)
(xy 1 2)
(xy 0 2)
)
(layer F.SilkS)
(width 0)
(fill solid)
(tstamp 97de8d26-1f07-4570-bb5a-da02f6368507)
)
(fp_poly (pts (xy 1 1)
(xy 2 1)
(xy 2 2)
(xy 1 2)
)
(layer F.SilkS)
(width 0)
(fill solid)
(tstamp 68f622b6-d7e9-4727-8c3e-195c48e6ca32)
)
(fp_poly (pts (xy 2 1)
(xy 3 1)
(xy 3 2)
(xy 2 2)
)
(layer F.SilkS)
(width 0)
(fill solid)
(tstamp 4d3e85a0-b0be-4825-9ddb-a1914341c609)
)
(fp_poly (pts (xy 3 1)
(xy 4 1)
(xy 4 2)
(xy 3 2)
)
(layer F.SilkS)
(width 0)
(fill solid)
(tstamp a5b84eb1-0d1d-4144-93ba-b4bfb658a9cf)
)
(fp_poly (pts (xy 4 1)
(xy 5 1)
(xy 5 2)
(xy 4 2)
)
(layer F.SilkS)
(width 0)
(fill solid)
(tstamp ce658280-b6c6-4f4f-95ae-6a4af5dbb436)
)
(fp_poly (pts (xy 5 1)
(xy 6 1)
(xy 6 2)
(xy 5 2)
)
(layer F.SilkS)
(width 0)
(fill solid)
(tstamp d0973682-aa61-4e6b-acdf-65170329a317)
)
(fp_poly (pts (xy 6 1)
(xy 7 1)
(xy 7 2)
(xy 6 2)
)
(layer F.SilkS)
(width 0)
(fill solid)
(tstamp 802c8cb1-5ac4-45dc-ad57-c3a69f95f035)
)
(fp_poly (pts (xy 7 1)
(xy 8 1)
(xy 8 2)
(xy 7 2)
)
(layer F.SilkS)
(width 0)
(fill solid)
(tstamp b8672767-0945-481c-b364-ee09223a79ec)
)
(fp_poly (pts (xy 8 1)
(xy 8.9 1)
(xy 8.9 2)
(xy 8 2)
)
(layer F.SilkS)
(width 0)
(fill solid)
(tstamp 122d9b2a-808f-446b-a301-84f85e59be40)
)
(fp_poly (pts (xy 9 1)
(xy 10 1)
(xy 10 2)
(xy 9 2)
)
(layer F.Cu)
(width 0)
(fill solid)
(tstamp 899a73f5-64f2-4a58-a995-a2fff2f59e86)
)
(fp_poly (pts (xy 9 1)
(xy 10 1)
(xy 10 2)
(xy 9 2)
)
(layer F.Mask)
(width 0)
(fill solid)
(tstamp 36b5a636-a575-4192-8c79-dde518b0a17d)
)
(fp_poly (pts (xy -10 2)
(xy -9 2)
(xy -9 3)
(xy -10 3)
)
(layer F.Cu)
(width 0)
(fill solid)
(tstamp 095478c5-a11c-4a4b-8e28-1b678f581492)
)
(fp_poly (pts (xy -10 2)
(xy -9 2)
(xy -9 3)
(xy -10 3)
)
(layer F.Mask)
(width 0)
(fill solid)
(tstamp b7504680-e7b5-4948-8291-ceb0d7b7f561)
)
(fp_poly (pts (xy -8.9 2)
(xy -8 2)
(xy -8 3)
(xy -8.9 3)
)
(layer F.SilkS)
(width 0)
(fill solid)
(tstamp f85bf2db-e180-4aaf-bc06-d6aa5edbdb47)
)
(fp_poly (pts (xy -8 2)
(xy -7 2)
(xy -7 3)
(xy -8 3)
)
(layer F.SilkS)
(width 0)
(fill solid)
(tstamp 7106995f-493c-43e5-9dd2-2e86993e427b)
)
(fp_poly (pts (xy -7 2)
(xy -6 2)
(xy -6 3)
(xy -7 3)
)
(layer F.SilkS)
(width 0)
(fill solid)
(tstamp ee504ec0-c1f0-4870-8dca-cd705c929e00)
)
(fp_poly (pts (xy -6 2)
(xy -5 2)
(xy -5 3)
(xy -6 3)
)
(layer F.SilkS)
(width 0)
(fill solid)
(tstamp 9cae5837-6ce3-4d23-b9d8-2a02e74c1410)
)
(fp_poly (pts (xy -5 2)
(xy -4 2)
(xy -4 3)
(xy -5 3)
)
(layer F.SilkS)
(width 0)
(fill solid)
(tstamp 087e0b4c-d487-4f40-b9c3-8f9e86e6d921)
)
(fp_poly (pts (xy -4 2)
(xy -3 2)
(xy -3 3)
(xy -4 3)
)
(layer F.SilkS)
(width 0)
(fill solid)
(tstamp f59ba12e-d338-433c-80e9-07386e4f9b7d)
)
(fp_poly (pts (xy -3 2)
(xy -2 2)
(xy -2 3)
(xy -3 3)
)
(layer F.SilkS)
(width 0)
(fill solid)
(tstamp 4e360f2d-a12f-48d0-9b6e-fd8165da12c4)
)
(fp_poly (pts (xy -2 2)
(xy -1 2)
(xy -1 3)
(xy -2 3)
)
(layer F.SilkS)
(width 0)
(fill solid)
(tstamp 8bf281b8-f082-4510-bf20-b4890a7a109a)
)
(fp_poly (pts (xy -1 2)
(xy 0 2)
(xy 0 3)
(xy -1 3)
)
(layer F.SilkS)
(width 0)
(fill solid)
(tstamp 53a9caf4-41d9-4fc9-a2ec-19103d5cdccc)
)
(fp_poly (pts (xy 0 2)
(xy 1 2)
(xy 1 3)
(xy 0 3)
)
(layer F.SilkS)
(width 0)
(fill solid)
(tstamp 05f5cf79-8fa2-442a-b119-897f5840b0bb)
)
(fp_poly (pts (xy 1 2)
(xy 2 2)
(xy 2 3)
(xy 1 3)
)
(layer F.SilkS)
(width 0)
(fill solid)
(tstamp 2176dfbe-17af-4f27-9b66-a761769f0007)
)
(fp_poly (pts (xy 2 2)
(xy 3 2)
(xy 3 3)
(xy 2 3)
)
(layer F.SilkS)
(width 0)
(fill solid)
(tstamp a3966952-bb39-4547-85d8-3005e1d45edd)
)
(fp_poly (pts (xy 3 2)
(xy 4 2)
(xy 4 3)
(xy 3 3)
)
(layer F.SilkS)
(width 0)
(fill solid)
(tstamp 6a642d42-dcc5-4e60-861b-bb083e6d758f)
)
(fp_poly (pts (xy 4 2)
(xy 5 2)
(xy 5 3)
(xy 4 3)
)
(layer F.SilkS)
(width 0)
(fill solid)
(tstamp e9009a8d-d9f5-4cc8-a679-9516fea5b8af)
)
(fp_poly (pts (xy 5 2)
(xy 6 2)
(xy 6 3)
(xy 5 3)
)
(layer F.SilkS)
(width 0)
(fill solid)
(tstamp 5c55e6fb-c545-48db-a418-c24974bf6518)
)
(fp_poly (pts (xy 6 2)
(xy 7 2)
(xy 7 3)
(xy 6 3)
)
(layer F.SilkS)
(width 0)
(fill solid)
(tstamp 00f8b7b1-603d-4843-8137-c06678a76844)
)
(fp_poly (pts (xy 7 2)
(xy 8 2)
(xy 8 2.9)
(xy 7.9 2.9)
(xy 7.9 3)
(xy 7 3)
)
(layer F.SilkS)
(width 0)
(fill solid)
(tstamp 9fd8e009-496b-41b0-a26d-07b74eaad4e7)
)
(fp_poly (pts (xy 8 2)
(xy 8.9 2)
(xy 8.9 2.9)
(xy 8 2.9)
)
(layer F.SilkS)
(width 0)
(fill solid)
(tstamp a76b2b67-17cb-4a30-a6f5-2bd29863f093)
)
(fp_poly (pts (xy 9 2)
(xy 10 2)
(xy 10 3)
(xy 9 3)
)
(layer F.Cu)
(width 0)
(fill solid)
(tstamp 97b3912b-1d7d-4749-85cc-2791d5de04ad)
)
(fp_poly (pts (xy 9 2)
(xy 10 2)
(xy 10 3)
(xy 9 3)
)
(layer F.Mask)
(width 0)
(fill solid)
(tstamp b2d2a242-0894-44de-b7d6-2ff63f2880ee)
)
(fp_poly (pts (xy -10 3)
(xy -9 3)
(xy -9 4)
(xy -10 4)
)
(layer F.Cu)
(width 0)
(fill solid)
(tstamp edc8f94b-07fb-416a-bdfa-5005d821294a)
)
(fp_poly (pts (xy -10 3)
(xy -9 3)
(xy -9 4)
(xy -10 4)
)
(layer F.Mask)
(width 0)
(fill solid)
(tstamp b03dd3eb-740a-4a5b-aa4f-f19d4997fd89)
)
(fp_poly (pts (xy -8.9 3)
(xy -8 3)
(xy -8 3.9)
(xy -8.9 3.9)
)
(layer F.SilkS)
(width 0)
(fill solid)
(tstamp 277c5ec3-812a-46dc-a216-aa0b82ff15c3)
)
(fp_poly (pts (xy -8 3)
(xy -7 3)
(xy -7 4)
(xy -7.9 4)
(xy -7.9 3.9)
(xy -8 3.9)
)
(layer F.SilkS)
(width 0)
(fill solid)
(tstamp 38893f00-dc41-4e84-9abf-a473dac52391)
)
(fp_poly (pts (xy -7 3)
(xy -6 3)
(xy -6 4)
(xy -7 4)
)
(layer F.SilkS)
(width 0)
(fill solid)
(tstamp 6f61cbb8-52de-4ace-a141-1f198200b6bb)
)
(fp_poly (pts (xy -6 3)
(xy -5 3)
(xy -5 4)
(xy -6 4)
)
(layer F.SilkS)
(width 0)
(fill solid)
(tstamp 33d3575b-f344-4338-8dd4-9a1ea2a790ce)
)
(fp_poly (pts (xy -5 3)
(xy -4 3)
(xy -4 4)
(xy -5 4)
)
(layer F.SilkS)
(width 0)
(fill solid)
(tstamp b8310afc-2e37-4b83-a960-1510f8c6cfa6)
)
(fp_poly (pts (xy -4 3)
(xy -3 3)
(xy -3 4)
(xy -4 4)
)
(layer F.SilkS)
(width 0)
(fill solid)
(tstamp 27427d7c-add9-41e3-89c1-d2a81adab34a)
)
(fp_poly (pts (xy -3 3)
(xy -2 3)
(xy -2 4)
(xy -3 4)
)
(layer F.SilkS)
(width 0)
(fill solid)
(tstamp 7da215b6-f6b0-468a-a3db-23f12c612d07)
)
(fp_poly (pts (xy -2 3)
(xy -1 3)
(xy -1 4)
(xy -2 4)
)
(layer F.SilkS)
(width 0)
(fill solid)
(tstamp 7642600c-d38f-449c-91bb-553e53b19f07)
)
(fp_poly (pts (xy -1 3)
(xy 0 3)
(xy 0 4)
(xy -1 4)
)
(layer F.SilkS)
(width 0)
(fill solid)
(tstamp 20d0d1ca-c5cb-4c26-a0e2-13d201a22aff)
)
(fp_poly (pts (xy 0 3)
(xy 1 3)
(xy 1 4)
(xy 0 4)
)
(layer F.SilkS)
(width 0)
(fill solid)
(tstamp 4d464edd-f7a4-4f97-9bd3-1ce5c41d2ac9)
)
(fp_poly (pts (xy 1 3)
(xy 2 3)
(xy 2 4)
(xy 1 4)
)
(layer F.SilkS)
(width 0)
(fill solid)
(tstamp c0f39122-320f-4ff9-bdc7-7c2374b37c44)
)
(fp_poly (pts (xy 2 3)
(xy 3 3)
(xy 3 4)
(xy 2 4)
)
(layer F.SilkS)
(width 0)
(fill solid)
(tstamp efc32f46-7b20-415d-9ee1-8d5a7b4b232a)
)
(fp_poly (pts (xy 3 3)
(xy 4 3)
(xy 4 4)
(xy 3 4)
)
(layer F.SilkS)
(width 0)
(fill solid)
(tstamp 6a098ffb-d532-4188-b0ef-42f7c43038a6)
)
(fp_poly (pts (xy 4 3)
(xy 5 3)
(xy 5 4)
(xy 4 4)
)
(layer F.SilkS)
(width 0)
(fill solid)
(tstamp 9fd21fe1-6304-4b19-ac5d-50a9d905d1e5)
)
(fp_poly (pts (xy 5 3)
(xy 6 3)
(xy 6 4)
(xy 5 4)
)
(layer F.SilkS)
(width 0)
(fill solid)
(tstamp 9ad45ab1-8e4a-426c-ae21-ccade961f5ef)
)
(fp_poly (pts (xy 6 3)
(xy 7 3)
(xy 7 4)
(xy 6 4)
)
(layer F.SilkS)
(width 0)
(fill solid)
(tstamp 5c06dd21-9710-4505-9440-6ac073bb16f3)
)
(fp_poly (pts (xy 7 3)
(xy 7.9 3)
(xy 7.9 4)
(xy 7 4)
)
(layer F.SilkS)
(width 0)
(fill solid)
(tstamp 751b085c-88d4-4a51-8251-c20e8b28c658)
)
(fp_poly (pts (xy 8 3)
(xy 9 3)
(xy 9 4)
(xy 8 4)
)
(layer F.Cu)
(width 0)
(fill solid)
(tstamp b8c58d78-4c58-428e-9921-967d3e206b90)
)
(fp_poly (pts (xy 8 3)
(xy 9 3)
(xy 9 4)
(xy 8 4)
)
(layer F.Mask)
(width 0)
(fill solid)
(tstamp d9729f83-dcad-455a-9a84-b8b4706aee0a)
)
(fp_poly (pts (xy -9 4)
(xy -8 4)
(xy -8 5)
(xy -9 5)
)
(layer F.Cu)
(width 0)
(fill solid)
(tstamp 088b94ee-e317-49e9-903b-4084d644a050)
)
(fp_poly (pts (xy -9 4)
(xy -8 4)
(xy -8 5)
(xy -9 5)
)
(layer F.Mask)
(width 0)
(fill solid)
(tstamp 4ce05be8-0433-48e4-aa4b-71bbb44e045d)
)
(fp_poly (pts (xy -7.9 4)
(xy -7 4)
(xy -7 5)
(xy -7.9 5)
)
(layer F.SilkS)
(width 0)
(fill solid)
(tstamp 0829a759-c745-4225-bd0d-c39347ff2699)
)
(fp_poly (pts (xy -7 4)
(xy -6 4)
(xy -6 4.9)
(xy -6.1 4.9)
(xy -6.1 5)
(xy -7 5)
)
(layer F.SilkS)
(width 0)
(fill solid)
(tstamp 4a5f1a7e-cb6a-4741-b3d5-97d51bc7d99a)
)
(fp_poly (pts (xy -6 4)
(xy -5 4)
(xy -5 4.9)
(xy -6 4.9)
)
(layer F.SilkS)
(width 0)
(fill solid)
(tstamp f794c3e5-6d8b-4f80-82cc-3ab1b731ff8d)
)
(fp_poly (pts (xy -5 4)
(xy -4 4)
(xy -4 4.9)
(xy -5 4.9)
)
(layer F.SilkS)
(width 0)
(fill solid)
(tstamp 26ae17f0-6f3c-4e82-884b-e133a8329068)
)
(fp_poly (pts (xy -4 4)
(xy -3 4)
(xy -3 5)
(xy -3.9 5)
(xy -3.9 4.9)
(xy -4 4.9)
)
(layer F.SilkS)
(width 0)
(fill solid)
(tstamp 5db141c5-3353-4a60-8071-84098144a841)
)
(fp_poly (pts (xy -3 4)
(xy -2 4)
(xy -2 4.9)
(xy -2.1 4.9)
(xy -2.1 5)
(xy -3 5)
)
(layer F.SilkS)
(width 0)
(fill solid)
(tstamp 402a0677-f633-4db6-860d-785fe2a609e9)
)
(fp_poly (pts (xy -2 4)
(xy -1 4)
(xy -1 4.9)
(xy -2 4.9)
)
(layer F.SilkS)
(width 0)
(fill solid)
(tstamp 142d8925-2f53-4234-becf-cf4577790856)
)
(fp_poly (pts (xy -1 4)
(xy 0 4)
(xy 0 4.9)
(xy -1 4.9)
)
(layer F.SilkS)
(width 0)
(fill solid)
(tstamp d8e05d76-76f9-4296-96c9-99f682a690b9)
)
(fp_poly (pts (xy 0 4)
(xy 1 4)
(xy 1 4.9)
(xy 0 4.9)
)
(layer F.SilkS)
(width 0)
(fill solid)
(tstamp 73e8b1a7-b52d-47f1-87f9-3cbf67b5e784)
)
(fp_poly (pts (xy 1 4)
(xy 2 4)
(xy 2 4.9)
(xy 1 4.9)
)
(layer F.SilkS)
(width 0)
(fill solid)
(tstamp 5306d60f-39a4-4ab8-8a6f-b58970747a9a)
)
(fp_poly (pts (xy 2 4)
(xy 3 4)
(xy 3 5)
(xy 2.1 5)
(xy 2.1 4.9)
(xy 2 4.9)
)
(layer F.SilkS)
(width 0)
(fill solid)
(tstamp 1414fdda-c4ac-466f-8526-98d5ed743a9d)
)
(fp_poly (pts (xy 3 4)
(xy 4 4)
(xy 4 4.9)
(xy 3.9 4.9)
(xy 3.9 5)
(xy 3 5)
)
(layer F.SilkS)
(width 0)
(fill solid)
(tstamp 5fc48aec-1e95-45c8-825f-88aba018f59d)
)
(fp_poly (pts (xy 4 4)
(xy 5 4)
(xy 5 4.9)
(xy 4 4.9)
)
(layer F.SilkS)
(width 0)
(fill solid)
(tstamp 2c108340-263a-4db4-a872-2486200ee84b)
)
(fp_poly (pts (xy 5 4)
(xy 6 4)
(xy 6 4.9)
(xy 5 4.9)
)
(layer F.SilkS)
(width 0)
(fill solid)
(tstamp 5e1f60d1-6375-4bb6-8804-1160243d3c3c)
)
(fp_poly (pts (xy 6 4)
(xy 7 4)
(xy 7 5)
(xy 6.1 5)
(xy 6.1 4.9)
(xy 6 4.9)
)
(layer F.SilkS)
(width 0)
(fill solid)
(tstamp f290d4ed-93c4-4a5b-ae9e-4b3f7178b961)
)
(fp_poly (pts (xy 7 4)
(xy 7.9 4)
(xy 7.9 5)
(xy 7 5)
)
(layer F.SilkS)
(width 0)
(fill solid)
(tstamp ebc1717f-3802-469f-982a-a747dc98ab7e)
)
(fp_poly (pts (xy 8 4)
(xy 9 4)
(xy 9 5)
(xy 8 5)
)
(layer F.Cu)
(width 0)
(fill solid)
(tstamp 77cea968-53c0-46df-80ce-e378f39b703c)
)
(fp_poly (pts (xy 8 4)
(xy 9 4)
(xy 9 5)
(xy 8 5)
)
(layer F.Mask)
(width 0)
(fill solid)
(tstamp ee0aa261-a781-4687-ba42-ec86ac16db89)
)
(fp_poly (pts (xy -9 5)
(xy -8 5)
(xy -8 6)
(xy -9 6)
)
(layer F.Cu)
(width 0)
(fill solid)
(tstamp cca6b99d-449a-4de0-8f1e-8d498f4202ff)
)
(fp_poly (pts (xy -9 5)
(xy -8 5)
(xy -8 6)
(xy -9 6)
)
(layer F.Mask)
(width 0)
(fill solid)
(tstamp e642aeb4-2e77-46f9-a207-4b402cdaa3a8)
)
(fp_poly (pts (xy -7.9 5)
(xy -7 5)
(xy -7 5.9)
(xy -7.1 5.9)
(xy -7.1 6)
(xy -7.9 6)
)
(layer F.SilkS)
(width 0)
(fill solid)
(tstamp b5d30444-becf-4744-ba37-92edd7dc3f52)
)
(fp_poly (pts (xy -7 5)
(xy -6.1 5)
(xy -6.1 5.9)
(xy -7 5.9)
)
(layer F.SilkS)
(width 0)
(fill solid)
(tstamp ada30fef-9ae5-414e-a07e-2c166ba1f070)
)
(fp_poly (pts (xy -6 5)
(xy -5 5)
(xy -5 6)
(xy -6 6)
)
(layer F.Cu)
(width 0)
(fill solid)
(tstamp 6c9f12fe-51de-4184-b7b3-3e000763ebdb)
)
(fp_poly (pts (xy -6 5)
(xy -5 5)
(xy -5 6)
(xy -6 6)
)
(layer F.Mask)
(width 0)
(fill solid)
(tstamp 100385e7-2604-4db1-84d1-8bec8ad4587d)
)
(fp_poly (pts (xy -5 5)
(xy -4 5)
(xy -4 6)
(xy -5 6)
)
(layer F.Cu)
(width 0)
(fill solid)
(tstamp da9f9525-6564-491d-8625-c6fd26329cff)
)
(fp_poly (pts (xy -5 5)
(xy -4 5)
(xy -4 6)
(xy -5 6)
)
(layer F.Mask)
(width 0)
(fill solid)
(tstamp 379733b9-ed55-40cc-8365-b1bf53dd8060)
)
(fp_poly (pts (xy -3.9 5)
(xy -3 5)
(xy -3 6)
(xy -3.9 6)
)
(layer F.SilkS)
(width 0)
(fill solid)
(tstamp b50b8bb6-4a16-463f-849f-db4e4044fc00)
)
(fp_poly (pts (xy -3 5)
(xy -2.1 5)
(xy -2.1 6)
(xy -3 6)
)
(layer F.SilkS)
(width 0)
(fill solid)
(tstamp 5afba3aa-a106-433b-9745-c9ca57bccd70)
)
(fp_poly (pts (xy -2 5)
(xy -1 5)
(xy -1 6)
(xy -2 6)
)
(layer F.Cu)
(width 0)
(fill solid)
(tstamp b017e63a-6c6c-44f0-af30-b331c0b1c751)
)
(fp_poly (pts (xy -2 5)
(xy -1 5)
(xy -1 6)
(xy -2 6)
)
(layer F.Mask)
(width 0)
(fill solid)
(tstamp 784deef2-9dbc-4b07-b4c3-fc7c93a9d6bc)
)
(fp_poly (pts (xy -1 5)
(xy 0 5)
(xy 0 6)
(xy -1 6)
)
(layer F.Cu)
(width 0)
(fill solid)
(tstamp 0e6afb47-ca3c-4f55-8a24-324dd8b701f6)
)
(fp_poly (pts (xy -1 5)
(xy 0 5)
(xy 0 6)
(xy -1 6)
)
(layer F.Mask)
(width 0)
(fill solid)
(tstamp 211a9dc4-e961-4716-a718-d9de1f9be785)
)
(fp_poly (pts (xy 0 5)
(xy 1 5)
(xy 1 6)
(xy 0 6)
)
(layer F.Cu)
(width 0)
(fill solid)
(tstamp 1c7df2fb-4392-4066-bd51-aae1b1a636dc)
)
(fp_poly (pts (xy 0 5)
(xy 1 5)
(xy 1 6)
(xy 0 6)
)
(layer F.Mask)
(width 0)
(fill solid)
(tstamp 6511312a-a431-4581-ae6c-877fd7fdbf9c)
)
(fp_poly (pts (xy 1 5)
(xy 2 5)
(xy 2 6)
(xy 1 6)
)
(layer F.Cu)
(width 0)
(fill solid)
(tstamp 15565f9c-be20-44f2-a26d-acd6ed0cd725)
)
(fp_poly (pts (xy 1 5)
(xy 2 5)
(xy 2 6)
(xy 1 6)
)
(layer F.Mask)
(width 0)
(fill solid)
(tstamp 9ce203d3-089c-4d23-ba64-e6857217c9e0)
)
(fp_poly (pts (xy 2.1 5)
(xy 3 5)
(xy 3 6)
(xy 2.1 6)
)
(layer F.SilkS)
(width 0)
(fill solid)
(tstamp 40bfe236-84da-4564-b95a-c1ecfb11aa24)
)
(fp_poly (pts (xy 3 5)
(xy 3.9 5)
(xy 3.9 6)
(xy 3 6)
)
(layer F.SilkS)
(width 0)
(fill solid)
(tstamp 1237a2c4-3cbe-4db4-94fd-bdd6c4c9668a)
)
(fp_poly (pts (xy 4 5)
(xy 5 5)
(xy 5 6)
(xy 4 6)
)
(layer F.Cu)
(width 0)
(fill solid)
(tstamp 665fbdb8-4a32-4ecb-a08d-c6c40f96f6e0)
)
(fp_poly (pts (xy 4 5)
(xy 5 5)
(xy 5 6)
(xy 4 6)
)
(layer F.Mask)
(width 0)
(fill solid)
(tstamp 63e1d1e5-fada-4fb4-a8f7-d74eaf473c96)
)
(fp_poly (pts (xy 5 5)
(xy 6 5)
(xy 6 6)
(xy 5 6)
)
(layer F.Cu)
(width 0)
(fill solid)
(tstamp 3d13530f-4762-40ba-8938-30a5fbf0aaac)
)
(fp_poly (pts (xy 5 5)
(xy 6 5)
(xy 6 6)
(xy 5 6)
)
(layer F.Mask)
(width 0)
(fill solid)
(tstamp 21c59196-b244-4e9b-b49b-d2a16f157e3d)
)
(fp_poly (pts (xy 6.1 5)
(xy 7 5)
(xy 7 5.9)
(xy 6.9 5.9)
(xy 6.9 6)
(xy 6.1 6)
)
(layer F.SilkS)
(width 0)
(fill solid)
(tstamp c328ddc6-337a-448e-bdea-c21b17611cd9)
)
(fp_poly (pts (xy 7 5)
(xy 7.9 5)
(xy 7.9 5.9)
(xy 7 5.9)
)
(layer F.SilkS)
(width 0)
(fill solid)
(tstamp c32dbd12-cd81-496c-b901-9b1870b4bcc5)
)
(fp_poly (pts (xy 8 5)
(xy 9 5)
(xy 9 6)
(xy 8 6)
)
(layer F.Cu)
(width 0)
(fill solid)
(tstamp b31abe66-44a7-432d-942c-a6053a53610d)
)
(fp_poly (pts (xy 8 5)
(xy 9 5)
(xy 9 6)
(xy 8 6)
)
(layer F.Mask)
(width 0)
(fill solid)
(tstamp 79883ce3-c604-430b-9015-33d667fc6003)
)
(fp_poly (pts (xy -9 6)
(xy -8 6)
(xy -8 7)
(xy -9 7)
)
(layer F.Cu)
(width 0)
(fill solid)
(tstamp 7b2d55dc-0dc9-40b8-bf33-34aba0d28ec8)
)
(fp_poly (pts (xy -9 6)
(xy -8 6)
(xy -8 7)
(xy -9 7)
)
(layer F.Mask)
(width 0)
(fill solid)
(tstamp d16aa4d1-d77a-44e1-b443-720c96c54fe3)
)
(fp_poly (pts (xy -7.9 6)
(xy -7.1 6)
(xy -7.1 6.9)
(xy -7.9 6.9)
)
(layer F.SilkS)
(width 0)
(fill solid)
(tstamp 169da233-a68d-4d3b-8938-6dd975b2ea23)
)
(fp_poly (pts (xy -7 6)
(xy -6 6)
(xy -6 7)
(xy -7 7)
)
(layer F.Cu)
(width 0)
(fill solid)
(tstamp cbf1645b-82a5-4def-804b-1d88f30308a3)
)
(fp_poly (pts (xy -7 6)
(xy -6 6)
(xy -6 7)
(xy -7 7)
)
(layer F.Mask)
(width 0)
(fill solid)
(tstamp d8c83fe8-0a9b-4b69-89af-da3d1bc39141)
)
(fp_poly (pts (xy -5 6)
(xy -4 6)
(xy -4 7)
(xy -5 7)
)
(layer F.Cu)
(width 0)
(fill solid)
(tstamp 9d76b02b-e1c2-410d-823c-bde7eb8a7e18)
)
(fp_poly (pts (xy -5 6)
(xy -4 6)
(xy -4 7)
(xy -5 7)
)
(layer F.Mask)
(width 0)
(fill solid)
(tstamp 6e87b6ac-061a-40d6-a539-294056ba5c6e)
)
(fp_poly (pts (xy -3.9 6)
(xy -3 6)
(xy -3 6.9)
(xy -3.1 6.9)
(xy -3.1 7)
(xy -3.9 7)
)
(layer F.SilkS)
(width 0)
(fill solid)
(tstamp bfeb1b17-b8bd-4a6a-b42d-6409c34f4280)
)
(fp_poly (pts (xy -3 6)
(xy -2.1 6)
(xy -2.1 6.9)
(xy -3 6.9)
)
(layer F.SilkS)
(width 0)
(fill solid)
(tstamp 483b8062-7c6a-40a1-ad3a-ef1466de959a)
)
(fp_poly (pts (xy -2 6)
(xy -1 6)
(xy -1 7)
(xy -2 7)
)
(layer F.Cu)
(width 0)
(fill solid)
(tstamp 42aa919b-b3a4-46d6-83cc-fc11fed1d34b)
)
(fp_poly (pts (xy -2 6)
(xy -1 6)
(xy -1 7)
(xy -2 7)
)
(layer F.Mask)
(width 0)
(fill solid)
(tstamp b773bd6b-1176-4df6-a61f-21bea972da53)
)
(fp_poly (pts (xy 1 6)
(xy 2 6)
(xy 2 7)
(xy 1 7)
)
(layer F.Cu)
(width 0)
(fill solid)
(tstamp cd8c140d-9e2c-4be7-90b6-679af0e2ab3e)
)
(fp_poly (pts (xy 1 6)
(xy 2 6)
(xy 2 7)
(xy 1 7)
)
(layer F.Mask)
(width 0)
(fill solid)
(tstamp b8717c28-976f-4003-8d42-8f71d4ef51ba)
)
(fp_poly (pts (xy 2.1 6)
(xy 3 6)
(xy 3 6.9)
(xy 2.9 6.9)
(xy 2.9 7)
(xy 2.1 7)
)
(layer F.SilkS)
(width 0)
(fill solid)
(tstamp 9d75296e-caeb-4095-9ea8-e25fe3cd1fce)
)
(fp_poly (pts (xy 3 6)
(xy 3.9 6)
(xy 3.9 6.9)
(xy 3 6.9)
)
(layer F.SilkS)
(width 0)
(fill solid)
(tstamp 9c358ce4-84de-4e74-9111-73a1eb169efd)
)
(fp_poly (pts (xy 4 6)
(xy 5 6)
(xy 5 7)
(xy 4 7)
)
(layer F.Cu)
(width 0)
(fill solid)
(tstamp c493c903-54c9-41c4-9d88-4310ad02eee7)
)
(fp_poly (pts (xy 4 6)
(xy 5 6)
(xy 5 7)
(xy 4 7)
)
(layer F.Mask)
(width 0)
(fill solid)
(tstamp c0d633a7-4630-4fe5-92ef-d95d2d90b5b1)
)
(fp_poly (pts (xy 5 6)
(xy 6 6)
(xy 6 7)
(xy 5 7)
)
(layer F.Cu)
(width 0)
(fill solid)
(tstamp ac248329-cd1e-4dd7-9354-355b4e9776ac)
)
(fp_poly (pts (xy 5 6)
(xy 6 6)
(xy 6 7)
(xy 5 7)
)
(layer F.Mask)
(width 0)
(fill solid)
(tstamp 507172cc-6952-47bb-9e6f-fa3d682e2bd0)
)
(fp_poly (pts (xy 6.1 6)
(xy 6.9 6)
(xy 6.9 6.9)
(xy 6.1 6.9)
)
(layer F.SilkS)
(width 0)
(fill solid)
(tstamp e8f8d7ed-094a-4e3d-9fcf-66334a70deef)
)
(fp_poly (pts (xy 7 6)
(xy 8 6)
(xy 8 7)
(xy 7 7)
)
(layer F.Cu)
(width 0)
(fill solid)
(tstamp 4620378d-19e8-4290-a699-388c19dd538f)
)
(fp_poly (pts (xy 7 6)
(xy 8 6)
(xy 8 7)
(xy 7 7)
)
(layer F.Mask)
(width 0)
(fill solid)
(tstamp 0db77a16-42d6-4f96-ac0d-a67b5910f96c)
)
(fp_poly (pts (xy -8 7)
(xy -7 7)
(xy -7 8)
(xy -8 8)
)
(layer F.Cu)
(width 0)
(fill solid)
(tstamp 3724381b-dc79-43b3-a3ab-738e7c59fd9e)
)
(fp_poly (pts (xy -8 7)
(xy -7 7)
(xy -7 8)
(xy -8 8)
)
(layer F.Mask)
(width 0)
(fill solid)
(tstamp 01d1017e-bc09-46dd-bde5-66dd3e3a19e0)
)
(fp_poly (pts (xy -5 7)
(xy -4 7)
(xy -4 8)
(xy -5 8)
)
(layer F.Cu)
(width 0)
(fill solid)
(tstamp ad41f4a5-a5f2-44a5-91a8-ad6d7f854550)
)
(fp_poly (pts (xy -5 7)
(xy -4 7)
(xy -4 8)
(xy -5 8)
)
(layer F.Mask)
(width 0)
(fill solid)
(tstamp 964d603d-fd41-4990-8129-afc5c15c4cd8)
)
(fp_poly (pts (xy -3.9 7)
(xy -3.1 7)
(xy -3.1 7.9)
(xy -3.9 7.9)
)
(layer F.SilkS)
(width 0)
(fill solid)
(tstamp 9547bb71-b67d-442e-86c5-fe6af31f9147)
)
(fp_poly (pts (xy -3 7)
(xy -2 7)
(xy -2 8)
(xy -3 8)
)
(layer F.Cu)
(width 0)
(fill solid)
(tstamp 16eacf6c-9940-4cc4-a3ee-03c5c4424ea0)
)
(fp_poly (pts (xy -3 7)
(xy -2 7)
(xy -2 8)
(xy -3 8)
)
(layer F.Mask)
(width 0)
(fill solid)
(tstamp 46b3de36-db24-43bc-a913-385642a13fe7)
)
(fp_poly (pts (xy 1 7)
(xy 2 7)
(xy 2 8)
(xy 1 8)
)
(layer F.Cu)
(width 0)
(fill solid)
(tstamp eb37e593-40a5-4e7d-be21-8d26384c0279)
)
(fp_poly (pts (xy 1 7)
(xy 2 7)
(xy 2 8)
(xy 1 8)
)
(layer F.Mask)
(width 0)
(fill solid)
(tstamp 4a7e98d2-441a-4510-a466-9841cbb03c2d)
)
(fp_poly (pts (xy 2.1 7)
(xy 2.9 7)
(xy 2.9 7.9)
(xy 2.1 7.9)
)
(layer F.SilkS)
(width 0)
(fill solid)
(tstamp 9559c8cf-4785-444c-89a7-014844d12ab1)
)
(fp_poly (pts (xy 3 7)
(xy 4 7)
(xy 4 8)
(xy 3 8)
)
(layer F.Cu)
(width 0)
(fill solid)
(tstamp 11c33f69-f2e4-44d3-add2-efc1b1c5c9e3)
)
(fp_poly (pts (xy 3 7)
(xy 4 7)
(xy 4 8)
(xy 3 8)
)
(layer F.Mask)
(width 0)
(fill solid)
(tstamp 79009a07-89f9-4ed7-b551-b1b279012709)
)
(fp_poly (pts (xy 6 7)
(xy 7 7)
(xy 7 8)
(xy 6 8)
)
(layer F.Cu)
(width 0)
(fill solid)
(tstamp be81b306-855d-47d3-9c50-d925fac8e714)
)
(fp_poly (pts (xy 6 7)
(xy 7 7)
(xy 7 8)
(xy 6 8)
)
(layer F.Mask)
(width 0)
(fill solid)
(tstamp c3515345-467b-402c-92ed-16ae7dd28723)
)
(fp_poly (pts (xy -4 8)
(xy -3 8)
(xy -3 9)
(xy -4 9)
)
(layer F.Cu)
(width 0)
(fill solid)
(tstamp c9f0b1fb-af77-4d73-a138-5be55396f885)
)
(fp_poly (pts (xy -4 8)
(xy -3 8)
(xy -3 9)
(xy -4 9)
)
(layer F.Mask)
(width 0)
(fill solid)
(tstamp 7b09ea2f-e0e3-44b8-aee6-d7ccf4959cf6)
)
(fp_poly (pts (xy 2 8)
(xy 3 8)
(xy 3 9)
(xy 2 9)
)
(layer F.Cu)
(width 0)
(fill solid)
(tstamp acb4106b-648e-4ff9-b658-44d714f1393a)
)
(fp_poly (pts (xy 2 8)
(xy 3 8)
(xy 3 9)
(xy 2 9)
)
(layer F.Mask)
(width 0)
(fill solid)
(tstamp 272d9066-696c-4423-8852-4f9c1d0be1d6)
)
)

